11-02 16:13:57.622  3794  3794 I SurfaceFlinger:      DEVICE | 0x7ad2cd57c0 | 0000 | RGBA_8888 |   0.0    0.0  720.0 1502.0 |    0   58  720 1560 | wfa.issp.TowerCommand/com.epicgames.ue4.GameActivity$_23337#0
11-02 16:13:57.622  3794  3794 I SurfaceFlinger:      DEVICE | 0x7ad2cd6bc0 | 0002 | RGBA_8888 |   0.0    0.0 1502.0  720.0 |    0   58  720 1560 | Splash Screen wfa.issp.TowerCommand#0
11-02 16:13:57.622  3794  3794 I SurfaceFlinger:      DEVICE | 0x7ad6845a80 | 0000 |
11-02 16:13:57.622  3794  3794 I SurfaceFlinger:  RGBA_8888 |   0.0    0.0  720.0   96.0 |    0 1464  720 1560 | NavigationBar0$_4584#0
11-02 16:13:57.622  3794  3794 I SurfaceFlinger: 
11-02 16:13:57.627  3794  4224 I Layer   : id=12964 removeFromCurrentState Letterbox - left#0 (59)
11-02 16:13:57.627  3794  4224 I SurfaceFlinger: id=12964 Removed Letterbox - left#0 (59)
11-02 16:13:57.627  4248  6196 D InputTransport: Input channel destroyed: 'Letterb', fd=491
11-02 16:13:57.627  4248  6196 D InputTransport: Input channel destroyed: 'Letterb', fd=492
11-02 16:13:57.628  4248  6196 D InputTransport: Input channel destroyed: 'Letterb', fd=513
11-02 16:13:57.628  4248  6196 D InputTransport: Input channel destroyed: 'Letterb', fd=515
11-02 16:13:57.628  4248  6196 D InputTransport: Input channel destroyed: 'Letterb', fd=518
11-02 16:13:57.628  4248  6196 D InputTransport: Input channel destroyed: 'Letterb', fd=519
11-02 16:13:57.628  4248  6196 D InputTransport: Input channel destroyed: 'Letterb', fd=521
11-02 16:13:57.628  4248  6196 D InputTransport: Input channel destroyed: 'Letterb', fd=522
11-02 16:13:57.631  3794  3794 I Layer   : id=12964[1] Destroyed Letterbox - left#0
11-02 16:13:57.631  4248  4276 V WindowManager: performShow on Window{ca4c556 u0 StatusBar}: mDrawState=READY_TO_SHOW readyForDisplay=false starting=false during animation: policyVis=false parentHidden=false tok.hiddenRequested=false tok.hidden=false animating=false tok animating=false Callers=com.android.server.wm.WindowState.performShowLocked:4660 com.android.server.wm.DisplayContent.lambda$new$0$DisplayContent:662 com.android.server.wm.-$$Lambda$DisplayContent$0yxrqH9eGY2qTjH1u_BvaVrXCSA.accept:4 com.android.server.wm.WindowContainer$ForAllWindowsConsumerWrapper.apply:1184 
11-02 16:13:57.632  3794  4224 I Layer   : id=12960 removeFromCurrentState AppWindowToken{3350e50 token=Token{c59bc13 ActivityRecord{f3f4b02 u0 wfa.issp.TowerCommand/com.epicgames.ue4.SplashActivity t285}}}#0 (58)
11-02 16:13:57.633  3794  4224 I SurfaceFlinger: id=12960 Removed AppWindowToken{3350e50 token=Token{c59bc13 ActivityRecord{f3f4b02 u0 wfa.issp.TowerCommand/com.epicgames.ue4.SplashActivity t285}}}#0 (58)
11-02 16:13:57.633  4248  4276 I WindowManager: Reparenting to original parent: Surface(name=AppWindowToken{5b333d3 token=Token{a38c9c2 ActivityRecord{f46560d u0 wfa.issp.TowerCommand/com.epicgames.ue4.GameActivity t285}}})/@0xf95e021, destroyLeash=true, surface=Surface(name=f031781 Splash Screen wfa.issp.TowerCommand)/@0xef47ce9
11-02 16:13:57.633  4248  4276 E WindowManager: win=Window{f031781 u0 Splash Screen wfa.issp.TowerCommand EXITING} destroySurfaces: appStopped=false win.mWindowRemovalAllowed=true win.mRemoveOnExit=true win.mViewVisibility=0 caller=com.android.server.wm.AppWindowToken.destroySurfaces:1199 com.android.server.wm.AppWindowToken.destroySurfaces:1180 com.android.server.wm.WindowState.onExitAnimationDone:5030 com.android.server.wm.WindowStateAnimator.onAnimationFinished:287 com.android.server.wm.WindowState.onAnimationFinished:5471 com.android.server.wm.-$$Lambda$yVRF8YoeNdTa8GR1wDStVsHu8xM.run:2 com.android.server.wm.SurfaceAnimator.lambda$getFinishedCallback$0$SurfaceAnimator:100 
11-02 16:13:57.634  4248  4276 I WindowManager: Destroying surface Surface(name=Splash Screen wfa.issp.TowerCommand)/@0x7a0ac46 called by com.android.server.wm.WindowStateAnimator.destroySurface:1734 com.android.server.wm.WindowStateAnimator.destroySurfaceLocked:693 com.android.server.wm.WindowState.destroySurfaceUnchecked:3482 com.android.server.wm.WindowState.destroySurface:3456 com.android.server.wm.AppWindowToken.destroySurfaces:1199 com.android.server.wm.AppWindowToken.destroySurfaces:1180 com.android.server.wm.WindowState.onExitAnimationDone:5030 com.android.server.wm.WindowStateAnimator.onAnimationFinished:287 
11-02 16:13:57.634  3794  4224 I Layer   : id=12963 removeFromCurrentState Splash Screen wfa.issp.TowerCommand#0 (58)
11-02 16:13:57.636  4248  4276 V WindowManager: performShow on Window{ca4c556 u0 StatusBar}: mDrawState=READY_TO_SHOW readyForDisplay=false starting=false during animation: policyVis=false parentHidden=false tok.hiddenRequested=false tok.hidden=false animating=false tok animating=false Callers=com.android.server.wm.WindowState.performShowLocked:4660 com.android.server.wm.WindowStateAnimator.commitFinishDrawingLocked:380 com.android.server.wm.DisplayContent.lambda$new$8$DisplayContent:935 com.android.server.wm.-$$Lambda$DisplayContent$qxt4izS31fb0LF2uo_OF9DMa7gc.accept:4 
11-02 16:13:57.637  3794  4224 I Layer   : id=12962 removeFromCurrentState f031781 Splash Screen wfa.issp.TowerCommand#0 (58)
11-02 16:13:57.637  3794  4224 I Layer   : id=12985 removeFromCurrentState Surface(name=f031781 Splash Screen wfa.issp.TowerCommand)/@0xef47ce9 - animation-leash#0 (58)
11-02 16:13:57.639  3794  4224 I SurfaceFlinger: id=12962 Removed f031781 Splash Screen wfa.issp.TowerCommand#0 (58)
11-02 16:13:57.639  3794  4224 I SurfaceFlinger: id=12985 Removed Surface(name=f031781 Splash Screen wfa.issp.TowerCommand)/@0xef47ce9 - animation-leash#0 (58)
11-02 16:13:57.639  3794  4224 I SurfaceFlinger: id=12963 Removed Splash Screen wfa.issp.TowerCommand#0 (58)
11-02 16:13:57.647  4248  4537 D GameManagerService: handleForegroundChange(). pkgName: wfa.issp.TowerCommand, clsName: com.epicgames.ue4.SplashActivity,FgActivityName:wfa.issp.TowerCommand/com.epicgames.ue4.SplashActivity,userID:0
11-02 16:13:57.647  4248  4537 D GameManagerService:   handleForegroundChange(). same package with Prev KILL_YOURSELF. ignore
11-02 16:13:57.648  3794  3794 I Layer   : id=12985[1] Destroyed Surface(name=f031781 Splash Screen wfa.issp.TowerCommand)/@0xef47ce9 - animation-leash#0
11-02 16:13:57.648  3794  3794 I Layer   : id=12962[1] Destroyed f031781 Splash Screen wfa.issp.TowerCommand#0
11-02 16:13:57.648  3794  3794 I Layer   : id=12960[1] Destroyed AppWindowToken{3350e50 token=Token{c59bc13 ActivityRecord{f3f4b02 u0 wfa.issp.TowerCommand/com.epicgames.ue4.SplashActivity t285}}}#0
11-02 16:13:57.648  4248  4276 V WindowManager: performShow on Window{ca4c556 u0 StatusBar}: mDrawState=READY_TO_SHOW readyForDisplay=false starting=false during animation: policyVis=false parentHidden=false tok.hiddenRequested=false tok.hidden=false animating=false tok animating=false Callers=com.android.server.wm.WindowState.performShowLocked:4660 com.android.server.wm.DisplayContent.lambda$new$0$DisplayContent:662 com.android.server.wm.-$$Lambda$DisplayContent$0yxrqH9eGY2qTjH1u_BvaVrXCSA.accept:4 com.android.server.wm.WindowContainer$ForAllWindowsConsumerWrapper.apply:1184 
11-02 16:13:57.650  3794  3794 I Layer   : id=12963[1] Destroyed Splash Screen wfa.issp.TowerCommand#0
11-02 16:13:57.652  4248  4276 V WindowManager: performShow on Window{ca4c556 u0 StatusBar}: mDrawState=READY_TO_SHOW readyForDisplay=false starting=false during animation: policyVis=false parentHidden=false tok.hiddenRequested=false tok.hidden=false animating=false tok animating=false Callers=com.android.server.wm.WindowState.performShowLocked:4660 com.android.server.wm.WindowStateAnimator.commitFinishDrawingLocked:380 com.android.server.wm.DisplayContent.lambda$new$8$DisplayContent:935 com.android.server.wm.-$$Lambda$DisplayContent$qxt4izS31fb0LF2uo_OF9DMa7gc.accept:4 
11-02 16:13:57.653  3794  3794 I SurfaceFlinger: Display 0 HWC layers:
11-02 16:13:57.653  3794  3794 I SurfaceFlinger:     type    |    handle    | flag |  format   |   source crop (l,t,r,b)    |         frame       | name 
11-02 16:13:57.653  3794  3794 I SurfaceFlinger: ------------+--------------+------+-----------+----------------------------+---------------------+------
11-02 16:13:57.653  3794  3794 I SurfaceFlinger:  SOLID_COLOR |              | 0000 |  Unknown  |   0.0    0.0    0.0    0.0 |    0    0  720   58 | Letterbox - left#1
11-02 16:13:57.653  3794  3794 I SurfaceFlinger:  SOLID_COLOR |              | 0002 |  Unknown  |   0.0    0.0    0.0    0.0 |    0   58  720 1560 | Background for -SurfaceView - wfa.is[...]icgames.ue4.GameActivity@96dc47f@0#0
11-02 16:13:57.653  3794  3794 I SurfaceFlinger:      DEVICE | 0x7ad6846700 | 0000 | RGBA_8888 |   0.0    0.0  720.0 1502.0 |    0   58  720 1560 | wfa.issp.TowerCommand/com.epicgames.ue4.GameActivity$_23337#1
11-02 16:13:57.653  3794  3794 I SurfaceFlinger:      DEVICE | 0x7ad2cd5f40 | 0000 | RGBA_8888 |   0.0    0.0  720.0 1502.0 |    0   58  720 1560 | wfa.issp.TowerCommand/com.epicgames.ue4.GameActivity$_23337#0
11-02 16:13:57.653  3794  3794 I SurfaceFlinger:      DEVICE | 0x7ad6845a80 | 0000 | RGBA_8888 |   0.0    0.0  720.0   96.0 |    0 1464  720 1560 | NavigationBar0$_4584#0
11-02 16:13:57.653  3794  3794 I SurfaceFlinger: 
11-02 16:13:57.665  4248  4276 V WindowManager: performShow on Window{ca4c556 u0 StatusBar}: mDrawState=READY_TO_SHOW readyForDisplay=false starting=false during animation: policyVis=false parentHidden=false tok.hiddenRequested=false tok.hidden=false animating=false tok animating=false Callers=com.android.server.wm.WindowState.performShowLocked:4660 com.android.server.wm.DisplayContent.lambda$new$0$DisplayContent:662 com.android.server.wm.-$$Lambda$DisplayContent$0yxrqH9eGY2qTjH1u_BvaVrXCSA.accept:4 com.android.server.wm.WindowContainer$ForAllWindowsConsumerWrapper.apply:1184 
11-02 16:13:57.695  4248  4371 D SensorService: [SO] 0.157 -0.069 9.766
11-02 16:13:57.806 23337 23366 D UE4     : EGL Extensions: 
11-02 16:13:57.806 23337 23366 D UE4     : EGL_KHR_get_all_proc_addresses EGL_ANDROID_presentation_time EGL_KHR_swap_buffers_with_damage EGL_ANDROID_get_native_client_buffer EGL_ANDROID_front_buffer_auto_refresh EGL_ANDROID_get_frame_timestamps EGL_EXT_surface_SMPTE2086_metadata EGL_EXT_surface_CTA861_3_metadata EGL_KHR_image EGL_KHR_image_base EGL_EXT_image_gl_colorspace EGL_KHR_gl_colorspace EGL_KHR_gl_texture_2D_image EGL_KHR_gl_texture_cubemap_image EGL_KHR_gl_renderbuffer_image EGL_KHR_fence_sync EGL_KHR_create_context EGL_KHR_config_attribs EGL_KHR_surfaceless_context EGL_EXT_create_context_robustness EGL_ANDROID_image_native_buffer EGL_KHR_wait_sync EGL_ANDROID_recordable EGL_KHR_partial_update EGL_EXT_pixel_format_float EGL_KHR_mutable_render_buffer EGL_IMG_context_priority EGL_KHR_no_config_context 
11-02 16:13:57.808 23337 23366 D UE4     : FAndroidGPUInfo
11-02 16:13:57.808 23337 23366 D UE4     : AndroidEGL::InitSurface 1, 1
11-02 16:13:57.808 23337 23366 D UE4     : AndroidEGL::InitSurface, wnd: 0xbba5f808, width: 8, height 8 
11-02 16:13:57.809 23337 23366 D mali_winsys: EGLint new_window_surface(egl_winsys_display *, void *, EGLSurface, EGLConfig, egl_winsys_surface **, EGLBoolean) returns 0x3000
11-02 16:13:57.810 23337 23366 D UE4     : AndroidEGL::CreateEGLSurface() 0xe76651c0
11-02 16:13:57.810 23337 23366 D UE4     : AndroidEGL::CreateEGLSurface(1), auxSurface = eglCreatePbufferSurface(), 8x8
11-02 16:13:57.813 23337 23366 D vulkan  : searching for layers in '/data/app/wfa.issp.TowerCommand-Ga-h0VQ1T9SRYQaZ___VPQ==/lib/arm'
11-02 16:13:57.813 23337 23366 D vulkan  : searching for layers in '/data/app/wfa.issp.TowerCommand-Ga-h0VQ1T9SRYQaZ___VPQ==/base.apk!/lib/armeabi-v7a'
11-02 16:13:57.898  4248  4276 I WindowManager: Reparenting to original parent: Surface(name=WindowToken{8ac13f6 android.os.BinderProxy@174b2b8})/@0xf08ea28, destroyLeash=true, surface=Surface(name=59da3f7 NavigationBar0)/@0xd47e7e0
11-02 16:13:57.915  4248  4276 V WindowManager: performShow on Window{ca4c556 u0 StatusBar}: mDrawState=READY_TO_SHOW readyForDisplay=false starting=false during animation: policyVis=false parentHidden=false tok.hiddenRequested=false tok.hidden=false animating=false tok animating=false Callers=com.android.server.wm.WindowState.performShowLocked:4660 com.android.server.wm.DisplayContent.lambda$new$0$DisplayContent:662 com.android.server.wm.-$$Lambda$DisplayContent$0yxrqH9eGY2qTjH1u_BvaVrXCSA.accept:4 com.android.server.wm.WindowContainer$ForAllWindowsConsumerWrapper.apply:1184 
11-02 16:13:57.916  3794  3858 I Layer   : id=12984 removeFromCurrentState Surface(name=59da3f7 NavigationBar0)/@0xd47e7e0 - animation-leash#0 (54)
11-02 16:13:57.917  4584  4584 V NavBarStoreImpl: handleEvent [EventType] ON_NAVBAR_WINDOW_STATE_CHANGED [Module] NavigationBarFragment  KEYS_NAVBAR_WINDOW_STATE=2
11-02 16:13:57.917  4584  4584 V NavBarStoreImpl: --[Band]GESTURE_PACK_HIDE_GESTURE_INTERCEPT_WINDOW
11-02 16:13:57.917  4584  4584 V NavBarStoreImpl: ----isEnabled(GESTURE_INTERCEPT_WINDOW_ATTACHED)=false
11-02 16:13:57.918  3794  3858 I SurfaceFlinger: id=12984 Removed Surface(name=59da3f7 NavigationBar0)/@0xd47e7e0 - animation-leash#0 (54)
11-02 16:13:57.918  3794  3794 I SurfaceFlinger: Display 0 HWC layers:
11-02 16:13:57.918  3794  3794 I SurfaceFlinger:     type    |    handle    | flag |  format   |   source crop (l,t,r,b)    |         frame       | name 
11-02 16:13:57.918  3794  3794 I SurfaceFlinger: ------------+--------------+------+-----------+----------------------------+---------------------+------
11-02 16:13:57.918  3794  3794 I SurfaceFlinger:  SOLID_COLOR |              | 0000 |  Unknown  |   0.0    0.0    0.0    0.0 |    0    0  720   58 | Letterbox - left#1
11-02 16:13:57.918  3794  3794 I SurfaceFlinger:  SOLID_COLOR |              | 0002 |  Unknown  |   0.0    0.0    0.0    0.0 |    0   58  720 1560 | Background for -SurfaceView - wfa.is[...]icgames.ue4.GameActivity@96dc47f@0#0
11-02 16:13:57.918  3794  3794 I SurfaceFlinger:      DEVICE | 0x7ad6846700 | 0000 | RGBA_8888 |   0.0    0.0  720.0 1502.0 |    0   58  720 1560 | wfa.issp.TowerCommand/com.epicgames.ue4.GameActivity$_23337#1
11-02 16:13:57.918  3794  3794 I SurfaceFlinger:      DEVICE | 0x7ad2cd5f40 | 0000 | RGBA_8888 |   0.0    0.0  720.0 1502.0 |    0   58  720 1560 | wfa.issp.TowerCommand/com.epicgames.ue4.GameActivity$_23337#0
11-02 16:13:57.918  3794  3794 I SurfaceFlinger: 
11-02 16:13:57.919  4248  4276 V WindowManager: performShow on Window{ca4c556 u0 StatusBar}: mDrawState=READY_TO_SHOW readyForDisplay=false starting=false during animation: policyVis=false parentHidden=false tok.hiddenRequested=false tok.hidden=false animating=false tok animating=false Callers=com.android.server.wm.WindowState.performShowLocked:4660 com.android.server.wm.WindowStateAnimator.commitFinishDrawingLocked:380 com.android.server.wm.DisplayContent.lambda$new$8$DisplayContent:935 com.android.server.wm.-$$Lambda$DisplayContent$qxt4izS31fb0LF2uo_OF9DMa7gc.accept:4 
11-02 16:13:57.931  3794  3794 I Layer   : id=12984[1] Destroyed Surface(name=59da3f7 NavigationBar0)/@0xd47e7e0 - animation-leash#0
11-02 16:13:57.932  4248  4276 V WindowManager: performShow on Window{ca4c556 u0 StatusBar}: mDrawState=READY_TO_SHOW readyForDisplay=false starting=false during animation: policyVis=false parentHidden=false tok.hiddenRequested=false tok.hidden=false animating=false tok animating=false Callers=com.android.server.wm.WindowState.performShowLocked:4660 com.android.server.wm.DisplayContent.lambda$new$0$DisplayContent:662 com.android.server.wm.-$$Lambda$DisplayContent$0yxrqH9eGY2qTjH1u_BvaVrXCSA.accept:4 com.android.server.wm.WindowContainer$ForAllWindowsConsumerWrapper.apply:1184 
11-02 16:13:57.955 23337 23366 D UE4     : LogPluginManager: Mounting plugin MeshPainting
11-02 16:13:58.015 23337 23366 D UE4     : LogPluginManager: Mounting plugin DatasmithContent
11-02 16:13:58.018 23337 23366 D UE4     : LogPluginManager: Mounting plugin VariantManagerContent
11-02 16:13:58.023 23337 23366 D UE4     : LogPluginManager: Mounting plugin ChaosClothEditor
11-02 16:13:58.026 23337 23366 D UE4     : LogPluginManager: Mounting plugin AutomationUtils
11-02 16:13:58.028 23337 23366 D UE4     : LogPluginManager: Mounting plugin ChaosSolverPlugin
11-02 16:13:58.031 23337 23366 D UE4     : LogPluginManager: Mounting plugin GeometryProcessing
11-02 16:13:58.034 23337 23366 D UE4     : LogPluginManager: Mounting plugin ChaosNiagara
11-02 16:13:58.037 23337 23366 D UE4     : LogPluginManager: Mounting plugin PlanarCut
11-02 16:13:58.040 23337 23366 D UE4     : LogPluginManager: Mounting plugin ChaosCloth
11-02 16:13:58.042 23337 23366 D UE4     : LogPluginManager: Mounting plugin BackChannel
11-02 16:13:58.045 23337 23366 D UE4     : LogPluginManager: Mounting plugin CharacterAI
11-02 16:13:58.048 23337 23366 D UE4     : LogPluginManager: Mounting plugin GeometryCache
11-02 16:13:58.050 23337 23366 D UE4     : LogPluginManager: Mounting plugin PlatformCrypto
11-02 16:13:58.053 23337 23366 D UE4     : LogPluginManager: Mounting plugin ChaosEditor
11-02 16:13:58.056 23337 23366 D UE4     : LogPluginManager: Mounting plugin GeometryCollectionPlugin
11-02 16:13:58.059 23337 23366 D UE4     : LogPluginManager: Mounting plugin AlembicImporter
11-02 16:13:58.062 23337 23366 D UE4     : LogPluginManager: Mounting plugin Niagara
11-02 16:13:58.069 23337 23366 D UE4     : LogPluginManager: Mounting plugin ExampleDeviceProfileSelector
11-02 16:13:58.072 23337 23366 D UE4     : LogPluginManager: Mounting plugin ArchVisCharacter
11-02 16:13:58.075 23337 23366 D UE4     : LogPluginManager: Mounting plugin SoundFields
11-02 16:13:58.079 23337 23366 D UE4     : LogPluginManager: Mounting plugin ProceduralMeshComponent
11-02 16:13:58.081 23337 23366 D UE4     : LogPluginManager: Mounting plugin RuntimePhysXCooking
11-02 16:13:58.084 23337 23366 D UE4     : LogPluginManager: Mounting plugin LocationServicesBPLibrary
11-02 16:13:58.087 23337 23366 D UE4     : LogPluginManager: Mounting plugin MobilePatchingUtils
11-02 16:13:58.090 23337 23366 D UE4     : LogPluginManager: Mounting plugin EditableMesh
11-02 16:13:58.092 23337 23366 D UE4     : LogPluginManager: Mounting plugin AssetTags
11-02 16:13:58.095 23337 23366 D UE4     : LogPluginManager: Mounting plugin AudioCapture
11-02 16:13:58.098 23337 23366 D UE4     : LogPluginManager: Mounting plugin Synthesis
11-02 16:13:58.103 23337 23366 D UE4     : LogPluginManager: Mounting plugin AndroidMoviePlayer
11-02 16:13:58.106 23337 23366 D UE4     : LogPluginManager: Mounting plugin SignificanceManager
11-02 16:13:58.109 23337 23366 D UE4     : LogPluginManager: Mounting plugin AppleImageUtils
11-02 16:13:58.111 23337 23366 D UE4     : LogPluginManager: Mounting plugin AndroidPermission
11-02 16:13:58.115 23337 23366 D UE4     : LogPluginManager: Mounting plugin CustomMeshComponent
11-02 16:13:58.118 23337 23366 D UE4     : LogPluginManager: Mounting plugin AndroidDeviceProfileSelector
11-02 16:13:58.120 23337 23366 D UE4     : LogPluginManager: Mounting plugin GoogleCloudMessaging
11-02 16:13:58.123 23337 23366 D UE4     : LogPluginManager: Mounting plugin GooglePAD
11-02 16:13:58.126 23337 23366 D UE4     : LogPluginManager: Mounting plugin PhysXVehicles
11-02 16:13:58.128  4248  4248 D CustomFrequencyManagerService: releaseDVFSLockLocked : Getting Lock type frm List : DVFS_MIN_LIMIT  frequency : 1560000  uid : 1000  pid : 4248  tag : APP_LAUNCH@CPU_MIN@67
11-02 16:13:58.131 23337 23366 D UE4     : LogPluginManager: Mounting plugin CableComponent
11-02 16:13:58.134 23337 23366 D UE4     : LogPluginManager: Mounting plugin OculusVR
11-02 16:13:58.139 23337 23366 D UE4     : LogPluginManager: Mounting plugin ScreenshotTools
11-02 16:13:58.142 23337 23366 D UE4     : LogPluginManager: Mounting plugin MatineeToLevelSequence
11-02 16:13:58.144  4248  4248 D CustomFrequencyManagerService: releaseDVFSLockLocked : Getting Lock type frm List : DVFS_MIN_LIMIT  frequency : 1560000  uid : 1000  pid : 4248  tag : AMS_RESUME_TAIL@CPU_MIN@29
11-02 16:13:58.145 23337 23366 D UE4     : LogPluginManager: Mounting plugin ActorSequence
11-02 16:13:58.148 23337 23366 D UE4     : LogPluginManager: Mounting plugin MovieRenderPipeline
11-02 16:13:58.149  4248  4248 D CustomFrequencyManagerService: releaseDVFSLockLocked : Getting Lock type frm List : DVFS_MIN_LIMIT  frequency : 1560000  uid : 1000  pid : 4248  tag : PWM_ROTATION@CPU_MIN@72
11-02 16:13:58.151 23337 23366 D UE4     : LogPluginManager: Mounting plugin LevelSequenceEditor
11-02 16:13:58.153 23337 23366 D UE4     : LogPluginManager: Mounting plugin TemplateSequence
11-02 16:13:58.156 23337 23366 D UE4     : LogPluginManager: Mounting plugin ImgMedia
11-02 16:13:58.159 23337 23366 D UE4     : LogPluginManager: Mounting plugin AndroidMedia
11-02 16:13:58.162 23337 23366 D UE4     : LogPluginManager: Mounting plugin MediaCompositing
11-02 16:13:58.164 23337 23366 D UE4     : LogPluginManager: Mounting plugin OnlineSubsystemUtils
11-02 16:13:58.168 23337 23366 D UE4     : LogPluginManager: Mounting plugin OnlineSubsystemGooglePlay
11-02 16:13:58.170 23337 23366 D UE4     : LogPluginManager: Mounting plugin OnlineSubsystem
11-02 16:13:58.173 23337 23366 D UE4     : LogPluginManager: Mounting plugin OnlineSubsystemNull
11-02 16:13:58.176 23337 23366 D UE4     : LogPluginManager: Mounting plugin Paper2D
11-02 16:13:58.181 23337 23366 D UE4     : LogPluginManager: Mounting plugin AnimationSharing
11-02 16:13:58.185 23337 23366 D UE4     : LogPluginManager: Mounting plugin UObjectPlugin
11-02 16:13:58.187 23337 23366 D UE4     : LogPluginManager: Mounting plugin NetcodeUnitTest
11-02 16:13:58.190 23337 23366 D UE4     : LogPluginManager: Mounting plugin LightPropagationVolume
11-02 16:13:58.193 23337 23366 D UE4     : LogPluginManager: Mounting plugin UdpMessaging
11-02 16:13:58.196 23337 23366 D UE4     : LogPluginManager: Mounting plugin TcpMessaging
11-02 16:13:58.198 23337 23366 D UE4     : LogPluginManager: Mounting plugin AISupport
11-02 16:13:58.201 23337 23366 D UE4     : LogPluginManager: Mounting plugin GeometryMode
11-02 16:13:58.203 23337 23366 D UE4     : LogPluginManager: Mounting plugin EditorScriptingUtilities
11-02 16:13:58.208 23337 23366 D UE4     : LogPluginManager: Mounting plugin FacialAnimation
11-02 16:13:58.212 23337 23366 D UE4     : LogPluginManager: Mounting plugin AssetManagerEditor
11-02 16:13:58.371 23337 23366 D UE4     : LogInit: Using libcurl 7.46.0
11-02 16:13:58.371 23337 23366 D UE4     : LogInit:  - built for arm-unknown-linux-androideabi
11-02 16:13:58.371 23337 23366 D UE4     : LogInit:  - supports SSL with OpenSSL/1.0.1s
11-02 16:13:58.371 23337 23366 D UE4     : LogInit:  - supports HTTP deflate (compression) using libz 1.2.11
11-02 16:13:58.371 23337 23366 D UE4     : LogInit:  - other features:
11-02 16:13:58.371 23337 23366 D UE4     : LogInit:      CURL_VERSION_SSL
11-02 16:13:58.371 23337 23366 D UE4     : LogInit:      CURL_VERSION_LIBZ
11-02 16:13:58.371 23337 23366 D UE4     : LogInit:      CURL_VERSION_IPV6
11-02 16:13:58.371 23337 23366 D UE4     : LogInit:      CURL_VERSION_ASYNCHDNS
11-02 16:13:58.371 23337 23366 D UE4     : LogInit:      CURL_VERSION_TLSAUTH_SRP
11-02 16:13:58.372 23337 23366 D UE4     : LogInit:  CurlRequestOptions (configurable via config and command line):
11-02 16:13:58.372 23337 23366 D UE4     : LogInit:  - bVerifyPeer = true  - Libcurl will verify peer certificate
11-02 16:13:58.372 23337 23366 D UE4     : LogInit:  - bUseHttpProxy = false  - Libcurl will NOT use HTTP proxy
11-02 16:13:58.372 23337 23366 D UE4     : LogInit:  - bDontReuseConnections = false  - Libcurl will reuse connections
11-02 16:13:58.372 23337 23366 D UE4     : LogInit:  - MaxHostConnections = 16  - Libcurl will limit the number of connections to a host
11-02 16:13:58.372 23337 23366 D UE4     : LogInit:  - LocalHostAddr = Default
11-02 16:13:58.372 23337 23366 D UE4     : LogInit:  - BufferSize = 65536
11-02 16:13:58.373 23337 23366 D UE4     : LogOnline: Display: OSS: OnlineSubsystemGooglePlayModule::StartupModule()
11-02 16:13:58.373 23337 23366 D UE4     : LogOnline: OSS: Creating online subsystem instance for: GOOGLEPLAY
11-02 16:13:58.373 23337 23366 D UE4     : LogOnline: Warning: OSS: FOnlineSubsystemGooglePlayModule was disabled
11-02 16:13:58.373 23337 23366 D UE4     : LogOnline: OSS: Unable to create OnlineSubsystem module GOOGLEPLAY
11-02 16:13:58.373 23337 23366 D UE4     : LogOnline: OSS: Creating online subsystem instance for: NULL
11-02 16:13:58.374 23337 23366 D UE4     : LogOnline: OSS: TryLoadSubsystemAndSetDefault: Loaded subsystem for module [NULL]
11-02 16:13:58.375 23337 23366 D UE4     : LogOnline: OSS: Creating online subsystem instance for: GOOGLEPLAY
11-02 16:13:58.375 23337 23366 D UE4     : LogOnline: Warning: OSS: FOnlineSubsystemGooglePlayModule was disabled
11-02 16:13:58.375 23337 23366 D UE4     : LogHMD: App is not packaged for Oculus Mobile
11-02 16:13:58.375 23337 23366 D UE4     : LogInit: Build: ++UE4+Release-4.25-CL-13942748
11-02 16:13:58.375 23337 23366 D UE4     : LogInit: Engine Version: 4.25.3-13942748+++UE4+Release-4.25
11-02 16:13:58.375 23337 23366 D UE4     : LogInit: Compatible Engine Version: 4.25.0-13144385+++UE4+Release-4.25
11-02 16:13:58.375 23337 23366 D UE4     : LogInit: Net CL: 13144385
11-02 16:13:58.375 23337 23366 D UE4     : LogInit: OS: Android (10), CPU: SM-A202F, GPU: Mali-G71
11-02 16:13:58.375 23337 23366 D UE4     : LogInit: Compiled (32-bit): Jul 25 2020 06:15:17
11-02 16:13:58.375 23337 23366 D UE4     : LogInit: Compiled with Clang: 9.0.8 (https://android.googlesource.com/toolchain/llvm-project e0caee08e5f09b374a27a676d04978c81fcb1928)
11-02 16:13:58.375 23337 23366 D UE4     : LogInit: Build Configuration: Development
11-02 16:13:58.375 23337 23366 D UE4     : LogInit: Branch Name: ++UE4+Release-4.25
11-02 16:13:58.375 23337 23366 D UE4     : LogInit: Command Line:   /Game/TopDownBP/Maps/TopDownExampleMap -Messaging -SessionId=32D175F44A26DBCBDC03CFBA655F28A6 -SessionOwner="Raron" -SessionName="Launch On Device" -iterative
11-02 16:13:58.375 23337 23366 D UE4     : LogInit: Base Directory: 
11-02 16:13:58.375 23337 23366 D UE4     : LogInit: Allocator: binned
11-02 16:13:58.375 23337 23366 D UE4     : LogInit: Installed Engine Build: 0
11-02 16:13:58.375 23337 23366 D UE4     : LogDevObjectVersion: Number of dev versions registered: 26
11-02 16:13:58.375 23337 23366 D UE4     : LogDevObjectVersion:   Dev-Blueprints (B0D832E4-1F89-4F0D-ACCF-7EB736FD4AA2): 10
11-02 16:13:58.376 23337 23366 D UE4     : LogDevObjectVersion:   Dev-Build (E1C64328-A22C-4D53-A36C-8E866417BD8C): 0
11-02 16:13:58.376 23337 23366 D UE4     : LogDevObjectVersion:   Dev-Core (375EC13C-06E4-48FB-B500-84F0262A717E): 4
11-02 16:13:58.376 23337 23366 D UE4     : LogDevObjectVersion:   Dev-Editor (E4B068ED-F494-42E9-A231-DA0B2E46BB41): 38
11-02 16:13:58.376 23337 23366 D UE4     : LogDevObjectVersion:   Dev-Framework (CFFC743F-43B0-4480-9391-14DF171D2073): 37
11-02 16:13:58.376 23337 23366 D UE4     : LogDevObjectVersion:   Dev-Mobile (B02B49B5-BB20-44E9-A304-32B752E40360): 2
11-02 16:13:58.376 23337 23366 D UE4     : LogDevObjectVersion:   Dev-Networking (A4E4105C-59A1-49B5-A7C5-40C4547EDFEE): 0
11-02 16:13:58.376 23337 23366 D UE4     : LogDevObjectVersion:   Dev-Online (39C831C9-5AE6-47DC-9A44-9C173E1C8E7C): 0
11-02 16:13:58.376 23337 23366 D UE4     : LogDevObjectVersion:   Dev-Physics (78F01B33-EBEA-4F98-B9B4-84EACCB95AA2): 4
11-02 16:13:58.376 23337 23366 D UE4     : LogDevObjectVersion:   Dev-Platform (6631380F-2D4D-43E0-8009-CF276956A95A): 0
11-02 16:13:58.376 23337 23366 D UE4     : LogDevObjectVersion:   Dev-Rendering (12F88B9F-8875-4AFC-A67C-D90C383ABD29): 43
11-02 16:13:58.376 23337 23366 D UE4     : LogDevObjectVersion:   Dev-Sequencer (7B5AE74C-D270-4C10-A958-57980B212A5A): 12
11-02 16:13:58.376 23337 23366 D UE4     : LogDevObjectVersion:   Dev-VR (D7296918-1DD6-4BDD-9DE2-64A83CC13884): 3
11-02 16:13:58.376 23337 23366 D UE4     : LogDevObjectVersion:   Dev-LoadTimes (C2A15278-BFE7-4AFE-6C17-90FF531DF755): 1
11-02 16:13:58.376 23337 23366 D UE4     : LogDevObjectVersion:   Private-Geometry (6EACA3D4-40EC-4CC1-B786-8BED09428FC5): 3
11-02 16:13:58.376 23337 23366 D UE4     : LogDevObjectVersion:   Dev-AnimPhys (29E575DD-E0A3-4627-9D10-D276232CDCEA): 17
11-02 16:13:58.376 23337 23366 D UE4     : LogDevObjectVersion:   Dev-Anim (AF43A65D-7FD3-4947-9873-3E8ED9C1BB05): 7
11-02 16:13:58.376 23337 23366 D UE4     : LogDevObjectVersion:   Dev-ReflectionCapture (6B266CEC-1EC7-4B8F-A30B-E4D90942FC07): 1
11-02 16:13:58.376 23337 23366 D UE4     : LogDevObjectVersion:   Dev-Automation (0DF73D61-A23F-47EA-B727-89E90C41499A): 1
11-02 16:13:58.376 23337 23366 D UE4     : LogDevObjectVersion:   FortniteMain (601D1886-AC64-4F84-AA16-D3DE0DEAC7D6): 31
11-02 16:13:58.376 23337 23366 D UE4     : LogDevObjectVersion:   Dev-Enterprise (9DFFBCD6-494F-0158-E221-12823C92A888): 10
11-02 16:13:58.376 23337 23366 D UE4     : LogDevObjectVersion:   Dev-Niagara (F2AED0AC-9AFE-416F-8664-AA7FFA26D6FC): 1
11-02 16:13:58.376 23337 23366 D UE4     : LogDevObjectVersion:   Dev-Destruction (174F1F0B-B4C6-45A5-B13F-2EE8D0FB917D): 10
11-02 16:13:58.376 23337 23366 D UE4     : LogDevObjectVersion:   Dev-Physics-Ext (35F94A83-E258-406C-A318-09F59610247C): 37
11-02 16:13:58.376 23337 23366 D UE4     : LogDevObjectVersion:   Dev-PhysicsMaterial-Chaos (B68FC16E-8B1B-42E2-B453-215C058844FE): 1
11-02 16:13:58.376 23337 23366 D UE4     : LogDevObjectVersion:   Dev-CineCamera (B2E18506-4273-CFC2-A54E-F4BB758BBA07): 1
11-02 16:13:58.411 23337 23366 D UE4     : LogInit: Presizing for max 131072 objects, including 1 objects not considered by GC, pre-allocating 0 bytes for permanent pool.
11-02 16:13:58.413 23337 23366 D UE4     : LogConfig: Applying CVar settings from Section [/Script/Engine.StreamingSettings] File [../../../Tower_Command/Saved/Config/Android/Engine.ini]
11-02 16:13:58.413 23337 23366 D UE4     : LogConfig: Setting CVar [[s.MinBulkDataSizeForAsyncLoading:131072]]
11-02 16:13:58.413 23337 23366 D UE4     : LogConfig: Setting CVar [[s.AsyncLoadingThreadEnabled:0]]
11-02 16:13:58.413 23337 23366 D UE4     : LogConfig: Setting CVar [[s.EventDrivenLoaderEnabled:1]]
11-02 16:13:58.413 23337 23366 D UE4     : LogConfig: Setting CVar [[s.WarnIfTimeLimitExceeded:0]]
11-02 16:13:58.413 23337 23366 D UE4     : LogConfig: Setting CVar [[s.TimeLimitExceededMultiplier:1.5]]
11-02 16:13:58.413 23337 23366 D UE4     : LogConfig: Setting CVar [[s.TimeLimitExceededMinTime:0.005]]
11-02 16:13:58.413 23337 23366 D UE4     : LogConfig: Setting CVar [[s.UseBackgroundLevelStreaming:1]]
11-02 16:13:58.413 23337 23366 D UE4     : LogConfig: Setting CVar [[s.PriorityAsyncLoadingExtraTime:15.0]]
11-02 16:13:58.413 23337 23366 D UE4     : LogConfig: Setting CVar [[s.LevelStreamingActorsUpdateTimeLimit:5.0]]
11-02 16:13:58.413 23337 23366 D UE4     : LogConfig: Setting CVar [[s.PriorityLevelStreamingActorsUpdateExtraTime:5.0]]
11-02 16:13:58.413 23337 23366 D UE4     : LogConfig: Setting CVar [[s.LevelStreamingComponentsRegistrationGranularity:10]]
11-02 16:13:58.413 23337 23366 D UE4     : LogConfig: Setting CVar [[s.UnregisterComponentsTimeLimit:1.0]]
11-02 16:13:58.413 23337 23366 D UE4     : LogConfig: Setting CVar [[s.LevelStreamingComponentsUnregistrationGranularity:5]]
11-02 16:13:58.413 23337 23366 D UE4     : LogConfig: Setting CVar [[s.FlushStreamingOnExit:1]]
11-02 16:13:58.413 23337 23366 D UE4     : LogStreaming: Display: Async Loading initialized: Event Driven Loader: true, Async Loading Thread: false, Async Post Load: true
11-02 16:13:58.433 23337 23366 D UE4     : LogInit: Object subsystem initialized
11-02 16:13:58.442 23337 23366 D UE4     : LogConfig: Setting CVar [[con.DebugEarlyDefault:1]]
11-02 16:13:58.443 23337 23366 D UE4     : [2020.11.02-15.13.58:443][  0]LogConfig: Setting CVar [[con.DebugEarlyDefault:1]]
11-02 16:13:58.443 23337 23366 D UE4     : [2020.11.02-15.13.58:443][  0]LogConfig: Applying CVar settings from Section [/Script/Engine.RendererSettings] File [../../../Tower_Command/Saved/Config/Android/Engine.ini]
11-02 16:13:58.443 23337 23366 D UE4     : [2020.11.02-15.13.58:443][  0]LogConfig: Setting CVar [[r.GPUCrashDebugging:0]]
11-02 16:13:58.443 23337 23366 D UE4     : [2020.11.02-15.13.58:443][  0]LogConfig: Setting CVar [[r.Mobile.DisableVertexFog:1]]
11-02 16:13:58.443 23337 23366 D UE4     : [2020.11.02-15.13.58:443][  0]LogConfig: Setting CVar [[r.Shadow.CSM.MaxMobileCascades:2]]
11-02 16:13:58.443 23337 23366 D UE4     : [2020.11.02-15.13.58:443][  0]LogConfig: Setting CVar [[r.MobileMSAA:1]]
11-02 16:13:58.443 23337 23366 D UE4     : [2020.11.02-15.13.58:443][  0]LogConfig: Setting CVar [[r.Mobile.UseLegacyShadingModel:0]]
11-02 16:13:58.443 23337 23366 D UE4     : [2020.11.02-15.13.58:443][  0]LogConfig: Setting CVar [[r.Mobile.AllowDitheredLODTransition:0]]
11-02 16:13:58.443 23337 23366 D UE4     : [2020.11.02-15.13.58:443][  0]LogConfig: Setting CVar [[r.Mobile.AllowSoftwareOcclusion:0]]
11-02 16:13:58.444 23337 23366 D UE4     : [2020.11.02-15.13.58:444][  0]LogConfig: Setting CVar [[r.Mobile.VirtualTextures:0]]
11-02 16:13:58.444 23337 23366 D UE4     : [2020.11.02-15.13.58:444][  0]LogConfig: Setting CVar [[r.DiscardUnusedQuality:0]]
11-02 16:13:58.444 23337 23366 D UE4     : [2020.11.02-15.13.58:444][  0]LogConfig: Setting CVar [[r.AllowOcclusionQueries:1]]
11-02 16:13:58.444 23337 23366 D UE4     : [2020.11.02-15.13.58:444][  0]LogConfig: Setting CVar [[r.MinScreenRadiusForLights:0.030000]]
11-02 16:13:58.444 23337 23366 D UE4     : [2020.11.02-15.13.58:444][  0]LogConfig: Setting CVar [[r.MinScreenRadiusForDepthPrepass:0.030000]]
11-02 16:13:58.444 23337 23366 D UE4     : [2020.11.02-15.13.58:444][  0]LogConfig: Setting CVar [[r.MinScreenRadiusForCSMDepth:0.010000]]
11-02 16:13:58.444 23337 23366 D UE4     : [2020.11.02-15.13.58:444][  0]LogConfig: Setting CVar [[r.PrecomputedVisibilityWarning:0]]
11-02 16:13:58.444 23337 23366 D UE4     : [2020.11.02-15.13.58:444][  0]LogConfig: Setting CVar [[r.TextureStreaming:1]]
11-02 16:13:58.444 23337 23366 D UE4     : [2020.11.02-15.13.58:444][  0]LogConfig: Setting CVar [[Compat.UseDXT5NormalMaps:0]]
11-02 16:13:58.444 23337 23366 D UE4     : [2020.11.02-15.13.58:444][  0]LogConfig: Setting CVar [[r.VirtualTextures:0]]
11-02 16:13:58.444 23337 23366 D UE4     : [2020.11.02-15.13.58:444][  0]LogConfig: Setting CVar [[r.VirtualTexturedLightmaps:0]]
11-02 16:13:58.444 23337 23366 D UE4     : [2020.11.02-15.13.58:444][  0]LogConfig: Setting CVar [[r.VT.TileSize:128]]
11-02 16:13:58.444 23337 23366 D UE4     : [2020.11.02-15.13.58:444][  0]LogConfig: Setting CVar [[r.VT.TileBorderSize:4]]
11-02 16:13:58.444 23337 23366 D UE4     : [2020.11.02-15.13.58:444][  0]LogConfig: Setting CVar [[r.vt.FeedbackFactor:16]]
11-02 16:13:58.444 23337 23366 D UE4     : [2020.11.02-15.13.58:444][  0]LogConfig: Setting CVar [[r.VT.EnableCompressZlib:1]]
11-02 16:13:58.444 23337 23366 D UE4     : [2020.11.02-15.13.58:444][  0]LogConfig: Setting CVar [[r.VT.EnableCompressCrunch:0]]
11-02 16:13:58.445 23337 23366 D UE4     : [2020.11.02-15.13.58:445][  0]LogConfig: Setting CVar [[r.ClearCoatNormal:0]]
11-02 16:13:58.445 23337 23366 D UE4     : [2020.11.02-15.13.58:445][  0]LogConfig: Setting CVar [[r.AnisotropicBRDF:0]]
11-02 16:13:58.445 23337 23366 D UE4     : [2020.11.02-15.13.58:445][  0]LogConfig: Setting CVar [[r.ReflectionCaptureResolution:128]]
11-02 16:13:58.445 23337 23366 D UE4     : [2020.11.02-15.13.58:445][  0]LogConfig: Setting CVar [[r.ReflectionEnvironmentLightmapMixBasedOnRoughness:1]]
11-02 16:13:58.445 23337 23366 D UE4     : [2020.11.02-15.13.58:445][  0]LogConfig: Setting CVar [[r.ForwardShading:0]]
11-02 16:13:58.445 23337 23366 D UE4     : [2020.11.02-15.13.58:445][  0]LogConfig: Setting CVar [[r.VertexFoggingForOpaque:1]]
11-02 16:13:58.445 23337 23366 D UE4     : [2020.11.02-15.13.58:445][  0]LogConfig: Setting CVar [[r.AllowStaticLighting:1]]
11-02 16:13:58.445 23337 23366 D UE4     : [2020.11.02-15.13.58:445][  0]LogConfig: Setting CVar [[r.NormalMapsForStaticLighting:0]]
11-02 16:13:58.445 23337 23366 D UE4     : [2020.11.02-15.13.58:445][  0]LogConfig: Setting CVar [[r.GenerateMeshDistanceFields:0]]
11-02 16:13:58.445 23337 23366 D UE4     : [2020.11.02-15.13.58:445][  0]LogConfig: Setting CVar [[r.DistanceFieldBuild.EightBit:0]]
11-02 16:13:58.445 23337 23366 D UE4     : [2020.11.02-15.13.58:445][  0]LogConfig: Setting CVar [[r.GenerateLandscapeGIData:0]]
11-02 16:13:58.445 23337 23366 D UE4     : [2020.11.02-15.13.58:445][  0]LogConfig: Setting CVar [[r.DistanceFieldBuild.Compress:0]]
11-02 16:13:58.445 23337 23366 D UE4     : [2020.11.02-15.13.58:445][  0]LogConfig: Setting CVar [[r.TessellationAdaptivePixelsPerTriangle:48.000000]]
11-02 16:13:58.445 23337 23366 D UE4     : [2020.11.02-15.13.58:445][  0]LogConfig: Setting CVar [[r.SeparateTranslucency:0]]
11-02 16:13:58.446 23337 23366 D UE4     : [2020.11.02-15.13.58:446][  0]LogConfig: Setting CVar [[r.TranslucentSortPolicy:0]]
11-02 16:13:58.446 23337 23366 D UE4     : [2020.11.02-15.13.58:446][  0]LogConfig: Setting CVar [[r.CustomDepth:1]]
11-02 16:13:58.446 23337 23366 D UE4     : [2020.11.02-15.13.58:446][  0]LogConfig: Setting CVar [[r.CustomDepthTemporalAAJitter:1]]
11-02 16:13:58.446 23337 23366 D UE4     : [2020.11.02-15.13.58:446][  0]LogConfig: Setting CVar [[r.PostProcessing.PropagateAlpha:0]]
11-02 16:13:58.446 23337 23366 D UE4     : [2020.11.02-15.13.58:446][  0]LogConfig: Setting CVar [[r.DefaultFeature.Bloom:0]]
11-02 16:13:58.446 23337 23366 D UE4     : [2020.11.02-15.13.58:446][  0]LogConfig: Setting CVar [[r.DefaultFeature.AmbientOcclusion:0]]
11-02 16:13:58.446 23337 23366 D UE4     : [2020.11.02-15.13.58:446][  0]LogConfig: Setting CVar [[r.DefaultFeature.AmbientOcclusionStaticFraction:1]]
11-02 16:13:58.446 23337 23366 D UE4     : [2020.11.02-15.13.58:446][  0]LogConfig: Setting CVar [[r.DefaultFeature.AutoExposure:0]]
11-02 16:13:58.446 23337 23366 D UE4     : [2020.11.02-15.13.58:446][  0]LogConfig: Setting CVar [[r.DefaultFeature.AutoExposure.Method:0]]
11-02 16:13:58.446 23337 23366 D UE4     : [2020.11.02-15.13.58:446][  0]LogConfig: Setting CVar [[r.DefaultFeature.AutoExposure.Bias:1.000000]]
11-02 16:13:58.446 23337 23366 D UE4     : [2020.11.02-15.13.58:446][  0]LogConfig: Setting CVar [[r.DefaultFeature.AutoExposure.ExtendDefaultLuminanceRange:0]]
11-02 16:13:58.446 23337 23366 D UE4     : [2020.11.02-15.13.58:446][  0]LogConfig: Setting CVar [[r.UsePreExposure:1]]
11-02 16:13:58.446 23337 23366 D UE4     : [2020.11.02-15.13.58:446][  0]LogConfig: Setting CVar [[r.EyeAdaptation.EditorOnly:0]]
11-02 16:13:58.446 23337 23366 D UE4     : [2020.11.02-15.13.58:446][  0]LogConfig: Setting CVar [[r.DefaultFeature.MotionBlur:0]]
11-02 16:13:58.446 23337 23366 D UE4     : [2020.11.02-15.13.58:446][  0]LogConfig: Setting CVar [[r.DefaultFeature.LensFlare:0]]
11-02 16:13:58.446 23337 23366 D UE4     : [2020.11.02-15.13.58:446][  0]LogConfig: Setting CVar [[r.TemporalAA.Upsampling:0]]
11-02 16:13:58.447 23337 23366 D UE4     : [2020.11.02-15.13.58:447][  0]LogConfig: Setting CVar [[r.SSGI.Enable:0]]
11-02 16:13:58.447 23337 23366 D UE4     : [2020.11.02-15.13.58:447][  0]LogConfig: Setting CVar [[r.DefaultFeature.AntiAliasing:0]]
11-02 16:13:58.447 23337 23366 D UE4     : [2020.11.02-15.13.58:447][  0]LogConfig: Setting CVar [[r.DefaultFeature.LightUnits:1]]
11-02 16:13:58.447 23337 23366 D UE4     : [2020.11.02-15.13.58:447][  0]LogConfig: Setting CVar [[r.DefaultBackBufferPixelFormat:4]]
11-02 16:13:58.447 23337 23366 D UE4     : [2020.11.02-15.13.58:447][  0]LogConfig: Setting CVar [[r.Shadow.UnbuiltPreviewInGame:1]]
11-02 16:13:58.447 23337 23366 D UE4     : [2020.11.02-15.13.58:447][  0]LogConfig: Setting CVar [[r.StencilForLODDither:0]]
11-02 16:13:58.447 23337 23366 D UE4     : [2020.11.02-15.13.58:447][  0]LogConfig: Setting CVar [[r.EarlyZPass:3]]
11-02 16:13:58.447 23337 23366 D UE4     : [2020.11.02-15.13.58:447][  0]LogConfig: Setting CVar [[r.EarlyZPassOnlyMaterialMasking:0]]
11-02 16:13:58.447 23337 23366 D UE4     : [2020.11.02-15.13.58:447][  0]LogConfig: Setting CVar [[r.DBuffer:1]]
11-02 16:13:58.447 23337 23366 D UE4     : [2020.11.02-15.13.58:447][  0]LogConfig: Setting CVar [[r.ClearSceneMethod:1]]
11-02 16:13:58.447 23337 23366 D UE4     : [2020.11.02-15.13.58:447][  0]LogConfig: Setting CVar [[r.BasePassOutputsVelocity:0]]
11-02 16:13:58.447 23337 23366 D UE4     : [2020.11.02-15.13.58:447][  0]LogConfig: Setting CVar [[r.VertexDeformationOutputsVelocity:0]]
11-02 16:13:58.448 23337 23366 D UE4     : [2020.11.02-15.13.58:448][  0]LogConfig: Setting CVar [[r.SelectiveBasePassOutputs:0]]
11-02 16:13:58.448 23337 23366 D UE4     : [2020.11.02-15.13.58:448][  0]LogConfig: Setting CVar [[fx.GPUSimulationTextureSizeX:1024]]
11-02 16:13:58.448 23337 23366 D UE4     : [2020.11.02-15.13.58:448][  0]LogConfig: Setting CVar [[fx.GPUSimulationTextureSizeY:1024]]
11-02 16:13:58.448 23337 23366 D UE4     : [2020.11.02-15.13.58:448][  0]LogConfig: Setting CVar [[r.AllowGlobalClipPlane:0]]
11-02 16:13:58.448 23337 23366 D UE4     : [2020.11.02-15.13.58:448][  0]LogConfig: Setting CVar [[r.GBufferFormat:1]]
11-02 16:13:58.448 23337 23366 D UE4     : [2020.11.02-15.13.58:448][  0]LogConfig: Setting CVar [[r.MorphTarget.Mode:1]]
11-02 16:13:58.448 23337 23366 D UE4     : [2020.11.02-15.13.58:448][  0]LogConfig: Setting CVar [[vr.InstancedStereo:0]]
11-02 16:13:58.448 23337 23366 D UE4     : [2020.11.02-15.13.58:448][  0]LogConfig: Setting CVar [[r.MobileHDR:1]]
11-02 16:13:58.448 23337 23366 D UE4     : [2020.11.02-15.13.58:448][  0]LogConfig: Setting CVar [[vr.MobileMultiView:0]]
11-02 16:13:58.448 23337 23366 D UE4     : [2020.11.02-15.13.58:448][  0]LogConfig: Setting CVar [[r.Mobile.UseHWsRGBEncoding:0]]
11-02 16:13:58.448 23337 23366 D UE4     : [2020.11.02-15.13.58:448][  0]LogConfig: Setting CVar [[vr.RoundRobinOcclusion:0]]
11-02 16:13:58.449 23337 23366 D UE4     : [2020.11.02-15.13.58:449][  0]LogConfig: Setting CVar [[vr.ODSCapture:0]]
11-02 16:13:58.449 23337 23366 D UE4     : [2020.11.02-15.13.58:449][  0]LogConfig: Setting CVar [[r.MeshStreaming:0]]
11-02 16:13:58.449 23337 23366 D UE4     : [2020.11.02-15.13.58:449][  0]LogConfig: Setting CVar [[r.WireframeCullThreshold:5.000000]]
11-02 16:13:58.449 23337 23366 D UE4     : [2020.11.02-15.13.58:449][  0]LogConfig: Setting CVar [[r.RayTracing:0]]
11-02 16:13:58.449 23337 23366 D UE4     : [2020.11.02-15.13.58:449][  0]LogConfig: Setting CVar [[r.RayTracing.UseTextureLod:0]]
11-02 16:13:58.449 23337 23366 D UE4     : [2020.11.02-15.13.58:449][  0]LogConfig: Setting CVar [[r.SupportStationarySkylight:1]]
11-02 16:13:58.449 23337 23366 D UE4     : [2020.11.02-15.13.58:449][  0]LogConfig: Setting CVar [[r.SupportLowQualityLightmaps:1]]
11-02 16:13:58.449 23337 23366 D UE4     : [2020.11.02-15.13.58:449][  0]LogConfig: Setting CVar [[r.SupportPointLightWholeSceneShadows:1]]
11-02 16:13:58.449 23337 23366 D UE4     : [2020.11.02-15.13.58:449][  0]LogConfig: Setting CVar [[r.SupportAtmosphericFog:1]]
11-02 16:13:58.449 23337 23366 D UE4     : [2020.11.02-15.13.58:449][  0]LogConfig: Setting CVar [[r.SupportSkyAtmosphere:1]]
11-02 16:13:58.449 23337 23366 D UE4     : [2020.11.02-15.13.58:449][  0]LogConfig: Setting CVar [[r.SupportSkyAtmosphereAffectsHeightFog:0]]
11-02 16:13:58.449 23337 23366 D UE4     : [2020.11.02-15.13.58:449][  0]LogConfig: Setting CVar [[r.SkinCache.CompileShaders:0]]
11-02 16:13:58.449 23337 23366 D UE4     : [2020.11.02-15.13.58:449][  0]LogConfig: Setting CVar [[r.SkinCache.DefaultBehavior:1]]
11-02 16:13:58.449 23337 23366 D UE4     : [2020.11.02-15.13.58:449][  0]LogConfig: Setting CVar [[r.SkinCache.SceneMemoryLimitInMB:128.000000]]
11-02 16:13:58.449 23337 23366 D UE4     : [2020.11.02-15.13.58:449][  0]LogConfig: Setting CVar [[r.Mobile.EnableStaticAndCSMShadowReceivers:1]]
11-02 16:13:58.450 23337 23366 D UE4     : [2020.11.02-15.13.58:450][  0]LogConfig: Setting CVar [[r.Mobile.EnableMovableLightCSMShaderCulling:1]]
11-02 16:13:58.450 23337 23366 D UE4     : [2020.11.02-15.13.58:450][  0]LogConfig: Setting CVar [[r.Mobile.AllowDistanceFieldShadows:1]]
11-02 16:13:58.450 23337 23366 D UE4     : [2020.11.02-15.13.58:450][  0]LogConfig: Setting CVar [[r.Mobile.AllowMovableDirectionalLights:1]]
11-02 16:13:58.450 23337 23366 D UE4     : [2020.11.02-15.13.58:450][  0]LogConfig: Setting CVar [[r.MobileNumDynamicPointLights:4]]
11-02 16:13:58.450 23337 23366 D UE4     : [2020.11.02-15.13.58:450][  0]LogConfig: Setting CVar [[r.MobileDynamicPointLightsUseStaticBranch:1]]
11-02 16:13:58.450 23337 23366 D UE4     : [2020.11.02-15.13.58:450][  0]LogConfig: Setting CVar [[r.Mobile.EnableMovableSpotlights:0]]
11-02 16:13:58.450 23337 23366 D UE4     : [2020.11.02-15.13.58:450][  0]LogConfig: Setting CVar [[r.GPUSkin.Support16BitBoneIndex:0]]
11-02 16:13:58.450 23337 23366 D UE4     : [2020.11.02-15.13.58:450][  0]LogConfig: Setting CVar [[r.GPUSkin.Limit2BoneInfluences:0]]
11-02 16:13:58.450 23337 23366 D UE4     : [2020.11.02-15.13.58:450][  0]LogConfig: Setting CVar [[r.SupportDepthOnlyIndexBuffers:1]]
11-02 16:13:58.450 23337 23366 D UE4     : [2020.11.02-15.13.58:450][  0]LogConfig: Setting CVar [[r.SupportReversedIndexBuffers:1]]
11-02 16:13:58.450 23337 23366 D UE4     : [2020.11.02-15.13.58:450][  0]LogConfig: Setting CVar [[r.SupportMaterialLayers:0]]
11-02 16:13:58.450 23337 23366 D UE4     : [2020.11.02-15.13.58:450][  0]LogConfig: Setting CVar [[r.LightPropagationVolume:0]]
11-02 16:13:58.450 23337 23366 D UE4     : [2020.11.02-15.13.58:450][  0]LogConfig: Applying CVar settings from Section [/Script/Engine.RendererOverrideSettings] File [../../../Tower_Command/Saved/Config/Android/Engine.ini]
11-02 16:13:58.450 23337 23366 D UE4     : [2020.11.02-15.13.58:450][  0]LogConfig: Applying CVar settings from Section [/Script/Engine.StreamingSettings] File [../../../Tower_Command/Saved/Config/Android/Engine.ini]
11-02 16:13:58.450 23337 23366 D UE4     : [2020.11.02-15.13.58:450][  0]LogConfig: Setting CVar [[s.MinBulkDataSizeForAsyncLoading:131072]]
11-02 16:13:58.451 23337 23366 D UE4     : [2020.11.02-15.13.58:451][  0]LogConfig: Setting CVar [[s.AsyncLoadingThreadEnabled:0]]
11-02 16:13:58.451 23337 23366 D UE4     : [2020.11.02-15.13.58:451][  0]LogConfig: Setting CVar [[s.EventDrivenLoaderEnabled:1]]
11-02 16:13:58.451 23337 23366 D UE4     : [2020.11.02-15.13.58:451][  0]LogConfig: Setting CVar [[s.WarnIfTimeLimitExceeded:0]]
11-02 16:13:58.451 23337 23366 D UE4     : [2020.11.02-15.13.58:451][  0]LogConfig: Setting CVar [[s.TimeLimitExceededMultiplier:1.5]]
11-02 16:13:58.451 23337 23366 D UE4     : [2020.11.02-15.13.58:451][  0]LogConfig: Setting CVar [[s.TimeLimitExceededMinTime:0.005]]
11-02 16:13:58.451 23337 23366 D UE4     : [2020.11.02-15.13.58:451][  0]LogConfig: Setting CVar [[s.UseBackgroundLevelStreaming:1]]
11-02 16:13:58.451 23337 23366 D UE4     : [2020.11.02-15.13.58:451][  0]LogConfig: Setting CVar [[s.PriorityAsyncLoadingExtraTime:15.0]]
11-02 16:13:58.451 23337 23366 D UE4     : [2020.11.02-15.13.58:451][  0]LogConfig: Setting CVar [[s.LevelStreamingActorsUpdateTimeLimit:5.0]]
11-02 16:13:58.451 23337 23366 D UE4     : [2020.11.02-15.13.58:451][  0]LogConfig: Setting CVar [[s.PriorityLevelStreamingActorsUpdateExtraTime:5.0]]
11-02 16:13:58.451 23337 23366 D UE4     : [2020.11.02-15.13.58:451][  0]LogConfig: Setting CVar [[s.LevelStreamingComponentsRegistrationGranularity:10]]
11-02 16:13:58.451 23337 23366 D UE4     : [2020.11.02-15.13.58:451][  0]LogConfig: Setting CVar [[s.UnregisterComponentsTimeLimit:1.0]]
11-02 16:13:58.451 23337 23366 D UE4     : [2020.11.02-15.13.58:451][  0]LogConfig: Setting CVar [[s.LevelStreamingComponentsUnregistrationGranularity:5]]
11-02 16:13:58.451 23337 23366 D UE4     : [2020.11.02-15.13.58:451][  0]LogConfig: Setting CVar [[s.FlushStreamingOnExit:1]]
11-02 16:13:58.452 23337 23366 D UE4     : [2020.11.02-15.13.58:452][  0]LogConfig: Applying CVar settings from Section [/Script/Engine.GarbageCollectionSettings] File [../../../Tower_Command/Saved/Config/Android/Engine.ini]
11-02 16:13:58.452 23337 23366 D UE4     : [2020.11.02-15.13.58:452][  0]LogConfig: Setting CVar [[gc.MaxObjectsNotConsideredByGC:1]]
11-02 16:13:58.452 23337 23366 D UE4     : [2020.11.02-15.13.58:452][  0]LogConfig: Setting CVar [[gc.SizeOfPermanentObjectPool:0]]
11-02 16:13:58.452 23337 23366 D UE4     : [2020.11.02-15.13.58:452][  0]LogConfig: Setting CVar [[gc.FlushStreamingOnGC:0]]
11-02 16:13:58.452 23337 23366 D UE4     : [2020.11.02-15.13.58:452][  0]LogConfig: Setting CVar [[gc.NumRetriesBeforeForcingGC:10]]
11-02 16:13:58.452 23337 23366 D UE4     : [2020.11.02-15.13.58:452][  0]LogConfig: Setting CVar [[gc.AllowParallelGC:1]]
11-02 16:13:58.452 23337 23366 D UE4     : [2020.11.02-15.13.58:452][  0]LogConfig: Setting CVar [[gc.TimeBetweenPurgingPendingKillObjects:61.1]]
11-02 16:13:58.452 23337 23366 D UE4     : [2020.11.02-15.13.58:452][  0]LogConfig: Setting CVar [[gc.MaxObjectsInEditor:25165824]]
11-02 16:13:58.452 23337 23366 D UE4     : [2020.11.02-15.13.58:452][  0]LogConfig: Setting CVar [[gc.IncrementalBeginDestroyEnabled:1]]
11-02 16:13:58.452 23337 23366 D UE4     : [2020.11.02-15.13.58:452][  0]LogConfig: Setting CVar [[gc.CreateGCClusters:1]]
11-02 16:13:58.452 23337 23366 D UE4     : [2020.11.02-15.13.58:452][  0]LogConfig: Setting CVar [[gc.MinGCClusterSize:5]]
11-02 16:13:58.452 23337 23366 D UE4     : [2020.11.02-15.13.58:452][  0]LogConfig: Setting CVar [[gc.ActorClusteringEnabled:0]]
11-02 16:13:58.452 23337 23366 D UE4     : [2020.11.02-15.13.58:452][  0]LogConfig: Setting CVar [[gc.BlueprintClusteringEnabled:0]]
11-02 16:13:58.452 23337 23366 D UE4     : [2020.11.02-15.13.58:452][  0]LogConfig: Setting CVar [[gc.UseDisregardForGCOnDedicatedServers:0]]
