11-02 16:13:56.752  3794  3794 I SurfaceFlinger:      DEVICE | 0x7ad6845300 | 0002 | RGBA_8888 |   0.0    0.0 1502.0  720.0 |    0   58  720 1560 | Splash Screen wfa.issp.TowerCommand#0
11-02 16:13:56.752  3794  3794 I SurfaceFlinger:      DEVICE | 0x7ad6845a80 | 0000 | RGBA_8888 |   0.0    0.0  720.0   92.0 |    0 1467  720 1560 | NavigationBar0$_4584#0
11-02 16:13:56.752  3794  3794 I SurfaceFlinger: 
11-02 16:13:56.752  4248  4276 V WindowManager: performShow on Window{ca4c556 u0 StatusBar}: mDrawState=READY_TO_SHOW readyForDisplay=false starting=false during animation: policyVis=false parentHidden=false tok.hiddenRequested=false tok.hidden=false animating=false tok animating=false Callers=com.android.server.wm.WindowState.performShowLocked:4660 com.android.server.wm.DisplayContent.lambda$new$0$DisplayContent:662 com.android.server.wm.-$$Lambda$DisplayContent$0yxrqH9eGY2qTjH1u_BvaVrXCSA.accept:4 com.android.server.wm.WindowContainer$ForAllWindowsConsumerWrapper.apply:1184 
11-02 16:13:56.756  4248  4264 V WindowManager: rotationForOrientation(orient=6, last=1); user=0 
11-02 16:13:56.756  4248  4264 V WindowOrientationListener: getProposedRotation :-1
11-02 16:13:56.756  4248  4264 V WindowManager: Computed rotation=1 for display id=0 based on lastOrientation=6 and oldRotation=1, caller=com.android.server.wm.DisplayContent.updateOrientationFromAppTokens:1443 com.android.server.wm.DisplayContent.updateOrientationFromAppTokens:1397 com.android.server.wm.RootActivityContainer.ensureVisibilityAndConfig:681 com.android.server.wm.ActivityStackSupervisor.realStartActivityLocked:971 com.android.server.wm.ActivityStackSupervisor.startSpecificActivityLocked:1246 com.android.server.wm.ActivityStack.resumeTopActivityInnerLocked:3536 
11-02 16:13:56.757  4248  4264 D GamePkgDataHelper: notifyAppCreate(), pkgName: wfa.issp.TowerCommand, sendRet: true
11-02 16:13:56.757  4248  4537 D GamePkgDataHelper: getGamePkgData(). wfa.issp.TowerCommand
11-02 16:13:56.757  4248  4537 D GameManagerService: handleMessage(), MSG_APP_CREATE. ignore. pkgName: wfa.issp.TowerCommand
11-02 16:13:56.758  4248  4264 D InputDispatcher: Focused application set to (0): 5b333d3
11-02 16:13:56.758  4248  4264 D MARsPolicyManager: onPackageResumedFG pkgName = wfa.issp.TowerCommand, userId = 0
11-02 16:13:56.760  4248  4264 V WindowManager: performShow on Window{ca4c556 u0 StatusBar}: mDrawState=READY_TO_SHOW readyForDisplay=false starting=false during animation: policyVis=false parentHidden=false tok.hiddenRequested=false tok.hidden=false animating=false tok animating=false Callers=com.android.server.wm.WindowState.performShowLocked:4660 com.android.server.wm.WindowStateAnimator.commitFinishDrawingLocked:380 com.android.server.wm.DisplayContent.lambda$new$8$DisplayContent:935 com.android.server.wm.-$$Lambda$DisplayContent$qxt4izS31fb0LF2uo_OF9DMa7gc.accept:4 
11-02 16:13:56.766  4248  4264 V WindowManager: performShow on Window{ca4c556 u0 StatusBar}: mDrawState=READY_TO_SHOW readyForDisplay=false starting=false during animation: policyVis=false parentHidden=false tok.hiddenRequested=false tok.hidden=false animating=false tok animating=false Callers=com.android.server.wm.WindowState.performShowLocked:4660 com.android.server.wm.WindowStateAnimator.commitFinishDrawingLocked:380 com.android.server.wm.DisplayContent.lambda$new$8$DisplayContent:935 com.android.server.wm.-$$Lambda$DisplayContent$qxt4izS31fb0LF2uo_OF9DMa7gc.accept:4 
11-02 16:13:56.768 23337 23337 W ActivityThread: handleWindowVisibility: no activity for token android.os.BinderProxy@d4908b7
11-02 16:13:56.769  4248  4276 V WindowManager: performShow on Window{ca4c556 u0 StatusBar}: mDrawState=READY_TO_SHOW readyForDisplay=false starting=false during animation: policyVis=false parentHidden=false tok.hiddenRequested=false tok.hidden=false animating=false tok animating=false Callers=com.android.server.wm.WindowState.performShowLocked:4660 com.android.server.wm.WindowStateAnimator.commitFinishDrawingLocked:380 com.android.server.wm.DisplayContent.lambda$new$8$DisplayContent:935 com.android.server.wm.-$$Lambda$DisplayContent$qxt4izS31fb0LF2uo_OF9DMa7gc.accept:4 
11-02 16:13:56.771  4248  4276 V WindowManager: performShow on Window{ca4c556 u0 StatusBar}: mDrawState=READY_TO_SHOW readyForDisplay=false starting=false during animation: policyVis=false parentHidden=false tok.hiddenRequested=false tok.hidden=false animating=false tok animating=false Callers=com.android.server.wm.WindowState.performShowLocked:4660 com.android.server.wm.DisplayContent.lambda$new$0$DisplayContent:662 com.android.server.wm.-$$Lambda$DisplayContent$0yxrqH9eGY2qTjH1u_BvaVrXCSA.accept:4 com.android.server.wm.WindowContainer$ForAllWindowsConsumerWrapper.apply:1184 
11-02 16:13:56.774  4248  4275 D GameManagerService: noteResumeComponent(), resumeComponent: wfa.issp.TowerCommand
11-02 16:13:56.775  4248  4537 D GameManagerService: handleForegroundChange(). pkgName: wfa.issp.TowerCommand, clsName: com.epicgames.ue4.GameActivity,FgActivityName:wfa.issp.TowerCommand/com.epicgames.ue4.GameActivity,userID:0
11-02 16:13:56.775  4248  4537 D GameManagerService:   handleForegroundChange(). same package with Prev KILL_YOURSELF. ignore
11-02 16:13:56.785  3794  3794 I SurfaceFlinger: Display 0 HWC layers:
11-02 16:13:56.785  3794  3794 I SurfaceFlinger:     type    |    handle    | flag |  format   |   source crop (l,t,r,b)    |         frame       | name 
11-02 16:13:56.785  3794  3794 I SurfaceFlinger: ------------+--------------+------+-----------+----------------------------+---------------------+------
11-02 16:13:56.785  3794  3794 I SurfaceFlinger:  SOLID_COLOR |              | 0000 |  Unknown  |   0.0    0.0    0.0    0.0 |    0    0  720   58 | Letterbox - left#1
11-02 16:13:56.785  3794  3794 I SurfaceFlinger:      DEVICE | 0x7ad6845300 | 0002 | RGBA_8888 |   0.0    0.0 1502.0  720.0 |    0   58  720 1560 | Splash Screen wfa.issp.TowerCommand#0
11-02 16:13:56.785  3794  3794 I SurfaceFlinger:      DEVICE | 0x7ad6845a80 | 0000 | RGBA_8888 |   0.0    0.0  720.0   95.0 |    0 1464  720 1560 | NavigationBar0$_4584#0
11-02 16:13:56.785  3794  3794 I SurfaceFlinger: 
11-02 16:13:56.815  4248  4276 I WindowManager: Reparenting to original parent: Surface(name=WindowToken{8ac13f6 android.os.BinderProxy@174b2b8})/@0xf08ea28, destroyLeash=true, surface=Surface(name=59da3f7 NavigationBar0)/@0xd47e7e0
11-02 16:13:56.816  4248  4276 V WindowManager: performShow on Window{ca4c556 u0 StatusBar}: mDrawState=READY_TO_SHOW readyForDisplay=false starting=false during animation: policyVis=false parentHidden=false tok.hiddenRequested=false tok.hidden=false animating=false tok animating=false Callers=com.android.server.wm.WindowState.performShowLocked:4660 com.android.server.wm.WindowStateAnimator.commitFinishDrawingLocked:380 com.android.server.wm.DisplayContent.lambda$new$8$DisplayContent:935 com.android.server.wm.-$$Lambda$DisplayContent$qxt4izS31fb0LF2uo_OF9DMa7gc.accept:4 
11-02 16:13:56.818  3794  6085 I Layer   : id=12972 removeFromCurrentState Surface(name=59da3f7 NavigationBar0)/@0xd47e7e0 - animation-leash#0 (52)
11-02 16:13:56.819  3794  6085 I SurfaceFlinger: id=12972 Removed Surface(name=59da3f7 NavigationBar0)/@0xd47e7e0 - animation-leash#0 (52)
11-02 16:13:56.831  3794  3794 I Layer   : id=12972[1] Destroyed Surface(name=59da3f7 NavigationBar0)/@0xd47e7e0 - animation-leash#0
11-02 16:13:56.831  4248  4276 V WindowManager: performShow on Window{ca4c556 u0 StatusBar}: mDrawState=READY_TO_SHOW readyForDisplay=false starting=false during animation: policyVis=false parentHidden=false tok.hiddenRequested=false tok.hidden=false animating=false tok animating=false Callers=com.android.server.wm.WindowState.performShowLocked:4660 com.android.server.wm.DisplayContent.lambda$new$0$DisplayContent:662 com.android.server.wm.-$$Lambda$DisplayContent$0yxrqH9eGY2qTjH1u_BvaVrXCSA.accept:4 com.android.server.wm.WindowContainer$ForAllWindowsConsumerWrapper.apply:1184 
11-02 16:13:56.848  4248  4276 I WindowManager: Reparenting to original parent: Surface(name=WallpaperWindowToken{c25db29 token=android.os.Binder@636c0b0})/@0xb08c59b, destroyLeash=true, surface=Surface(name=8a1121d com.android.systemui.ImageWallpaper)/@0x8e033af
11-02 16:13:56.849  4248  4276 V WindowManager: performShow on Window{ca4c556 u0 StatusBar}: mDrawState=READY_TO_SHOW readyForDisplay=false starting=false during animation: policyVis=false parentHidden=false tok.hiddenRequested=false tok.hidden=false animating=false tok animating=false Callers=com.android.server.wm.WindowState.performShowLocked:4660 com.android.server.wm.WindowStateAnimator.commitFinishDrawingLocked:380 com.android.server.wm.DisplayContent.lambda$new$8$DisplayContent:935 com.android.server.wm.-$$Lambda$DisplayContent$qxt4izS31fb0LF2uo_OF9DMa7gc.accept:4 
11-02 16:13:56.850  6241  6549 D SDHMS:com.sec.android.sdhms.thermal.siop.z: SIOP:: AP:315(358,80) BAT:292(292,0) CHG:382(382,0) USB:0(0,0) 
11-02 16:13:56.851  3794  3861 I Layer   : id=12971 removeFromCurrentState Surface(name=8a1121d com.android.systemui.ImageWallpaper)/@0x8e033af - animation-leash#0 (51)
11-02 16:13:56.852  3794  3861 I SurfaceFlinger: id=12971 Removed Surface(name=8a1121d com.android.systemui.ImageWallpaper)/@0x8e033af - animation-leash#0 (51)
11-02 16:13:56.860 23337 23337 D UE4     : Used memory before allocating anything was 66.46MB
11-02 16:13:56.864  3794  3794 I Layer   : id=12971[1] Destroyed Surface(name=8a1121d com.android.systemui.ImageWallpaper)/@0x8e033af - animation-leash#0
11-02 16:13:56.864  4248  4276 V WindowManager: performShow on Window{ca4c556 u0 StatusBar}: mDrawState=READY_TO_SHOW readyForDisplay=false starting=false during animation: policyVis=false parentHidden=false tok.hiddenRequested=false tok.hidden=false animating=false tok animating=false Callers=com.android.server.wm.WindowState.performShowLocked:4660 com.android.server.wm.DisplayContent.lambda$new$0$DisplayContent:662 com.android.server.wm.-$$Lambda$DisplayContent$0yxrqH9eGY2qTjH1u_BvaVrXCSA.accept:4 com.android.server.wm.WindowContainer$ForAllWindowsConsumerWrapper.apply:1184 
11-02 16:13:56.868  4248  4276 V WindowManager: performShow on Window{ca4c556 u0 StatusBar}: mDrawState=READY_TO_SHOW readyForDisplay=false starting=false during animation: policyVis=false parentHidden=false tok.hiddenRequested=false tok.hidden=false animating=false tok animating=false Callers=com.android.server.wm.WindowState.performShowLocked:4660 com.android.server.wm.WindowStateAnimator.commitFinishDrawingLocked:380 com.android.server.wm.DisplayContent.lambda$new$8$DisplayContent:935 com.android.server.wm.-$$Lambda$DisplayContent$qxt4izS31fb0LF2uo_OF9DMa7gc.accept:4 
11-02 16:13:56.882  4248  4276 V WindowManager: performShow on Window{ca4c556 u0 StatusBar}: mDrawState=READY_TO_SHOW readyForDisplay=false starting=false during animation: policyVis=false parentHidden=false tok.hiddenRequested=false tok.hidden=false animating=false tok animating=false Callers=com.android.server.wm.WindowState.performShowLocked:4660 com.android.server.wm.DisplayContent.lambda$new$0$DisplayContent:662 com.android.server.wm.-$$Lambda$DisplayContent$0yxrqH9eGY2qTjH1u_BvaVrXCSA.accept:4 com.android.server.wm.WindowContainer$ForAllWindowsConsumerWrapper.apply:1184 
11-02 16:13:57.072 23337 23337 D UE4     : In the JNI_OnLoad function
11-02 16:13:57.073 23337 23337 D UE4     : [JNI] - Failed to determine if app purchasing is enabled!
11-02 16:13:57.075 23337 23337 D UE4     : Path found as '/storage/emulated/0'
11-02 16:13:57.075 23337 23337 D UE4     : Font Path found as '/system/fonts/'
11-02 16:13:57.075 23337 23337 D UE4     : In the JNI_OnLoad function 5
11-02 16:13:57.080 23337 23337 D OVRPlugin: JNI_OnLoad
11-02 16:13:57.091 23337 23337 D PhoneWindow: forceLight changed to true [] from com.android.internal.policy.PhoneWindow.updateForceLightNavigationBar:4238 com.android.internal.policy.DecorView.updateColorViews:1507 com.android.internal.policy.PhoneWindow.dispatchWindowAttributesChanged:3216 android.view.Window.setFlags:1148 com.android.internal.policy.PhoneWindow.generateLayout:2444 
11-02 16:13:57.092 23337 23337 I MultiWindowDecorSupport: updateCaptionType >> DecorView@7dcbf8d[], isFloating: false, isApplication: true, hasWindowDecorCaption: false, hasWindowControllerCallback: true
11-02 16:13:57.092 23337 23337 D MultiWindowDecorSupport: setCaptionType = 0, DecorView = DecorView@7dcbf8d[]
11-02 16:13:57.105 23337 23366 D UE4     : Entering native app glue main function
11-02 16:13:57.105 23337 23366 D UE4     : Created event thread
11-02 16:13:57.105 23337 23366 D UE4     : Entered AndroidMain()
11-02 16:13:57.105 23337 23367 D UE4     : Entering event processing thread engine entry point
11-02 16:13:57.106 23337 23367 D UE4     : Prepared looper for event thread
11-02 16:13:57.106 23337 23367 D UE4     : Passed callback initialization
11-02 16:13:57.106 23337 23367 D UE4     : Passed sensor initialization
11-02 16:13:57.106 23337 23366 D UE4     : Controller interface supported
11-02 16:13:57.115 23337 23337 D Dialog  : mIsSamsungBasicInteraction = false
11-02 16:13:57.115 23337 23337 D Dialog  : mIsSamsungBasicInteraction = false, isMetaDataInActivity = false
11-02 16:13:57.118 23337 23337 D PhoneWindow: forceLight changed to true [] from com.android.internal.policy.PhoneWindow.updateForceLightNavigationBar:4238 com.android.internal.policy.DecorView.updateColorViews:1507 com.android.internal.policy.PhoneWindow.dispatchWindowAttributesChanged:3216 android.view.Window.setFlags:1148 com.android.internal.policy.PhoneWindow.generateLayout:2444 
11-02 16:13:57.119 23337 23337 I MultiWindowDecorSupport: updateCaptionType >> DecorView@9db7953[], isFloating: false, isApplication: true, hasWindowDecorCaption: false, hasWindowControllerCallback: false
11-02 16:13:57.119 23337 23337 D MultiWindowDecorSupport: setCaptionType = 0, DecorView = DecorView@9db7953[]
11-02 16:13:57.136  4248  4264 D InputTransport: Input channel constructed: '28bac28', fd=534
11-02 16:13:57.136  4248  4264 D InputTransport: Input channel constructed: '28bac28', fd=535
11-02 16:13:57.137  3794  4224 I SurfaceFlinger: createSurf start. lock debugging [28bac28 wfa.issp.TowerCommand/com.epicgames.ue4.GameActivity]
11-02 16:13:57.137  3794  4224 I SurfaceFlinger: id=12977 createSurf (0x0),-1 flag=80004, 28bac28 wfa.issp.TowerCommand/com.epicgames.ue4.GameActivity#0
11-02 16:13:57.138  4248  4264 D InputTransport: Input channel destroyed: '28bac28', fd=535
11-02 16:13:57.140 23337 23337 D ViewRootImpl@9d0e38e[GameActivity]: setView = com.android.internal.policy.DecorView@9db7953 TM=true MM=false
11-02 16:13:57.142 23337 23337 D UE4     : [GameActivity] Target SDK is 28.  This may cause issues if permissions are denied by the user.
11-02 16:13:57.143 23337 23337 E PermissionHelper: GVRTransition2DActivity.getActivity() failed. Trying to get GameActivity.
11-02 16:13:57.144 23337 23337 D PermissionHelper: checkPermission: android.permission.WRITE_EXTERNAL_STORAGE has granted
11-02 16:13:57.148  4248  4276 I chatty  : uid=1000(system) android.anim identical 1 line
11-02 16:13:57.148 23337 23337 D UE4     : [GameActivity] Vulkan version: 1.1.0
11-02 16:13:57.149 23337 23337 D UE4     : [GameActivity] Vulkan level: 1
11-02 16:13:57.151 23337 23337 D UE4     : [GameActivity] Found DepthBufferPreference = 0
11-02 16:13:57.151 23337 23337 D UE4     : [GameActivity] Found bPackageDataInsideApk = 0
11-02 16:13:57.151 23337 23337 D UE4     : [GameActivity] Found ProjectName = Tower_Command
11-02 16:13:57.151 23337 23337 D UE4     : [GameActivity] Found AppType = 
11-02 16:13:57.151 23337 23337 D UE4     : [GameActivity] Found bHasOBBFiles = 0
11-02 16:13:57.152 23337 23337 D UE4     : [GameActivity] Found bVerifyOBBOnStartUp = false
11-02 16:13:57.152 23337 23337 D UE4     : [GameActivity] UI hiding set to true
11-02 16:13:57.152 23337 23337 D UE4     : [GameActivity] BuildConfiguration set to Development
11-02 16:13:57.152 23337 23337 D UE4     : [GameActivity] UseExternalFilesDir set to false
11-02 16:13:57.152 23337 23337 D UE4     : [GameActivity] PublicLogFiles set to false
11-02 16:13:57.152 23337 23337 D UE4     : [GameActivity] AllowIMU set to true
11-02 16:13:57.152 23337 23337 D UE4     : [GameActivity] SupportsVulkan set to false
11-02 16:13:57.152 23337 23337 D UE4     : [GameActivity] No Oculus Mobile mode detected.
11-02 16:13:57.154 23337 23337 D UE4     : [GameActivity] Using commandline from: /storage/emulated/0/UE4Game/Tower_Command/UE4CommandLine.txt
11-02 16:13:57.155 23337 23337 D UE4     : [GameActivity] Parsing commandline: ../../../Tower_Command/Tower_Command.uproject  /Game/TopDownBP/Maps/TopDownExampleMap -Messaging -SessionId=32D175F44A26DBCBDC03CFBA655F28A6 -SessionOwner="Raron" -SessionName="Launch On Device" -iterative
11-02 16:13:57.183 23337 23337 D UE4     : [GameActivity] Hardware: exynos7884B
11-02 16:13:57.183 23337 23337 D UE4     : [GameActivity] ro.hardware: exynos7884B
11-02 16:13:57.184 23337 23337 D UE4     : [GameActivity] Memory: 2725 MB
11-02 16:13:57.189 23337 23337 D UE4     : [GameActivity] UseAffinity: false
11-02 16:13:57.189 23337 23337 D UE4     : [GameActivity] BigCoreMask: 0xffff
11-02 16:13:57.189 23337 23337 D UE4     : [GameActivity] LittleCoreMask: 0x0
11-02 16:13:57.190 23337 23337 D UE4     : [GameActivity] APK path: /data/app/wfa.issp.TowerCommand-Ga-h0VQ1T9SRYQaZ___VPQ==/base.apk
11-02 16:13:57.190 23337 23337 D UE4     : [GameActivity] OBB in APK: false
11-02 16:13:57.193 23337 23337 D UE4     : InternalFilePath found as '/data/user/0/wfa.issp.TowerCommand/files'
11-02 16:13:57.193 23337 23337 D UE4     : ExternalFilePath found as '/storage/emulated/0/Android/data/wfa.issp.TowerCommand/files'
11-02 16:13:57.193 23337 23337 D UE4     : App is running in Landscape
11-02 16:13:57.194 23337 23337 D UE4     : [GameActivity] Android version is 10
11-02 16:13:57.194 23337 23337 D UE4     : [GameActivity] Android manufacturer is samsung
11-02 16:13:57.194 23337 23337 D UE4     : [GameActivity] Android model is SM-A202F
11-02 16:13:57.194 23337 23337 D UE4     : [GameActivity] Android build number is QP1A.190711.020.A202FXXU3BTE2
11-02 16:13:57.194 23337 23337 D UE4     : [GameActivity] OS language is set to pl_PL
11-02 16:13:57.194 23337 23337 D UE4     : [GameActivity] Debugger attached is false
11-02 16:13:57.234 23337 23368 D UE4     : [GameActivity] Used memory: 71913
11-02 16:13:57.243 23337 23337 D Dialog  : mIsSamsungBasicInteraction = false
11-02 16:13:57.243 23337 23337 D Dialog  : mIsSamsungBasicInteraction = false, isMetaDataInActivity = false
11-02 16:13:57.251 23337 23337 D Dialog  : mIsSamsungBasicInteraction = false
11-02 16:13:57.251 23337 23337 D Dialog  : mIsSamsungBasicInteraction = false, isMetaDataInActivity = false
11-02 16:13:57.312 23337 23337 W PopupManager: You have not specified a View to use as content view for popups. Falling back to the Activity content view. Note that this may not work as expected in multi-screen environments
11-02 16:13:57.319 23337 23337 D UE4     : [GameActivity] googleClient is valid
11-02 16:13:57.319 23337 23337 D UE4     : [GameActivity] ==============> GameActive.onCreate complete!
11-02 16:13:57.323 23337 23367 D UE4     : LogAndroidEvents::EnqueueAppEvent : 9, [width=-1, height=-1], tid = 23367, APP_EVENT_STATE_ON_START
11-02 16:13:57.323 23337 23337 D UE4     : [GameActivity] Creating console command broadcast listener
11-02 16:13:57.325 23337 23337 D UE4     : [GameActivity] ==================================> Inside onStart function in GameActivity
11-02 16:13:57.325 23337 23337 V UE4     : [GameApp] App in foreground
11-02 16:13:57.327 23337 23337 D ViewRootImpl@9d0e38e[GameActivity]: stopped(false) old=false
11-02 16:13:57.327 23337 23367 D UE4     : Case APP_CMD_RESUME
11-02 16:13:57.328 23337 23367 D UE4     : LogAndroidEvents::EnqueueAppEvent : 7, [width=-1, height=-1], tid = 23367, APP_EVENT_STATE_ON_RESUME
11-02 16:13:57.328 23337 23337 D UE4     : [GameActivity] === Restoring Transparent Bars ===
11-02 16:13:57.328 23337 23337 D UE4     : [GameActivity] ==============> [JAVA] AndroidThunkJava_KeepScreenOn(false) - Enabled screen saver
11-02 16:13:57.328 23337 23337 D UE4     : [GameActivity] Registering sensor listeners
11-02 16:13:57.330  4248  6196 D SensorService: Calling batch handle==0 flags=0 rate=20000000 timeout== 0
11-02 16:13:57.330  3771  3771 I Sensors : AccelerometerSensor:setDelayAcc: handle 0, delay 20000000 ns, old_delay 66667000 ns
11-02 16:13:57.331 23337 23337 D SensorManager: registerListener :: 0, LSM6DSL Accelerometer, 20000, 0,  
11-02 16:13:57.332  4248  6196 D SensorService: Calling batch handle==2 flags=0 rate=20000000 timeout== 0
11-02 16:13:57.332  3771  3771 I Sensors : GeomagneticSensor:setDelayMag: handle 2, delay 20000000 ns, old_delay 200000000 ns
11-02 16:13:57.332  3771  3771 I Sensors : GeomagneticSensor:setEnableMag: handle 2, en 1, old_en 0
11-02 16:13:57.406 23337 23337 D SensorManager: registerListener :: 2, YAS539 Magnetometer, 20000, 0,  
11-02 16:13:57.406  4248  6196 D SensorService: Calling batch handle==1 flags=0 rate=20000000 timeout== 0
11-02 16:13:57.407  3771  3818 I Sensors : GyroscopeSensor:setDelayGyro: handle 1, delay 20000000 ns, old_delay 200000000 ns
11-02 16:13:57.407  3771  3818 I Sensors : GyroscopeSensor:setEnableGyro: handle 1, en 1, old_en 0
11-02 16:13:57.408 23337 23337 D SensorManager: registerListener :: 1, LSM6DSL Gyroscope, 20000, 0,  
11-02 16:13:57.408 23337 23337 D UE4     : App is running in Landscape
11-02 16:13:57.408 23337 23337 D UE4     : [GameActivity] === Restoring Transparent Bars ===
11-02 16:13:57.408 23337 23337 D UE4     : [GameActivity] ==============> Resuming main init
11-02 16:13:57.410 23337 23366 D UE4     : APK Commandline: ../../../Tower_Command/Tower_Command.uproject   -Messaging -SessionId=9FA1FF5C4B4E41E66DDEDF993EFA42F3 -SessionOwner="Raron" -SessionName="SM_A202F (R58MB5D54BL)"    -filehostip=192.168.1.10+127.0.0.1
11-02 16:13:57.411 23337 23366 D UE4     : Override Commandline: ../../../Tower_Command/Tower_Command.uproject  /Game/TopDownBP/Maps/TopDownExampleMap -Messaging -SessionId=32D175F44A26DBCBDC03CFBA655F28A6 -SessionOwner="Raron" -SessionName="Launch On Device" -iterative
11-02 16:13:57.411 23337 23366 D UE4     : Final commandline: ../../../Tower_Command/Tower_Command.uproject  /Game/TopDownBP/Maps/TopDownExampleMap -Messaging -SessionId=32D175F44A26DBCBDC03CFBA655F28A6 -SessionOwner="Raron" -SessionName="Launch On Device" -iterative
11-02 16:13:57.411 23337 23366 D UE4     : Created sync event
11-02 16:13:57.419 23337 23337 D UE4     : [GameActivity] ==============> GameActive.onResume complete!
11-02 16:13:57.425  4248  6196 D InputTransport: Input channel constructed: '33048be', fd=535
11-02 16:13:57.425  4248  6196 D InputTransport: Input channel constructed: '33048be', fd=537
11-02 16:13:57.426  3794  4224 I SurfaceFlinger: createSurf start. lock debugging [33048be wfa.issp.TowerCommand/com.epicgames.ue4.GameActivity]
11-02 16:13:57.426  3794  4224 I SurfaceFlinger: id=12978 createSurf (0x0),-1 flag=80004, 33048be wfa.issp.TowerCommand/com.epicgames.ue4.GameActivity#0
11-02 16:13:57.427  4248  6196 D InputTransport: Input channel destroyed: '33048be', fd=537
11-02 16:13:57.429 23337 23337 D ViewRootImpl@9edc19e[GameActivity]: setView = com.android.internal.policy.DecorView@7dcbf8d TM=true MM=false
11-02 16:13:57.431  4248  4276 V WindowManager: performShow on Window{ca4c556 u0 StatusBar}: mDrawState=READY_TO_SHOW readyForDisplay=false starting=false during animation: policyVis=false parentHidden=false tok.hiddenRequested=false tok.hidden=false animating=false tok animating=false Callers=com.android.server.wm.WindowState.performShowLocked:4660 com.android.server.wm.DisplayContent.lambda$new$0$DisplayContent:662 com.android.server.wm.-$$Lambda$DisplayContent$0yxrqH9eGY2qTjH1u_BvaVrXCSA.accept:4 com.android.server.wm.WindowContainer$ForAllWindowsConsumerWrapper.apply:1184 
11-02 16:13:57.440  4248  6196 V WindowManager: Relayout Window{28bac28 u0 wfa.issp.TowerCommand/com.epicgames.ue4.GameActivity}: viewVisibility=0 req=1560x720
11-02 16:13:57.441  4248  6196 V WindowManager: performShow on Window{ca4c556 u0 StatusBar}: mDrawState=READY_TO_SHOW readyForDisplay=false starting=false during animation: policyVis=false parentHidden=false tok.hiddenRequested=false tok.hidden=false animating=false tok animating=false Callers=com.android.server.wm.WindowState.performShowLocked:4660 com.android.server.wm.WindowStateAnimator.commitFinishDrawingLocked:380 com.android.server.wm.DisplayContent.lambda$new$8$DisplayContent:935 com.android.server.wm.-$$Lambda$DisplayContent$qxt4izS31fb0LF2uo_OF9DMa7gc.accept:4 
11-02 16:13:57.443  3794  3861 I SurfaceFlinger: createSurf start. lock debugging [wfa.issp.TowerCommand/com.epicgames.ue4.GameActivity$_23337]
11-02 16:13:57.443  3794  3861 I SurfaceFlinger: id=12979 createSurf (1502x720),1 flag=4, wfa.issp.TowerCommand/com.epicgames.ue4.GameActivity$_23337#0
11-02 16:13:57.443  4248  6196 D WindowManager: makeSurface duration=1 name=wfa.issp.TowerCommand/com.epicgames.ue4.GameActivity$_23337
11-02 16:13:57.445  4248  6196 V WindowManager: Relayout 23337: mAttrs={(0,0)(fillxfill) gr=CENTER sim={adjust=pan forwardNavigation} ty=APPLICATION fmt=TRANSLUCENT wanim=0x1030001
11-02 16:13:57.445  4248  6196 V WindowManager:   fl=1810508
11-02 16:13:57.445  4248  6196 V WindowManager:   pfl=10020000
11-02 16:13:57.445  4248  6196 V WindowManager:   vsysui=f16 naviIconColor=0}
11-02 16:13:57.448 23337 23337 D ViewRootImpl@9d0e38e[GameActivity]: Relayout returned: old=(0,0,1560,720) new=(58,0,1560,720) req=(1560,720)0 dur=8 res=0x7 s={true 3540609024} ch=true
11-02 16:13:57.448  4248  4276 V WindowManager: performShow on Window{ca4c556 u0 StatusBar}: mDrawState=READY_TO_SHOW readyForDisplay=false starting=false during animation: policyVis=false parentHidden=false tok.hiddenRequested=false tok.hidden=false animating=false tok animating=false Callers=com.android.server.wm.WindowState.performShowLocked:4660 com.android.server.wm.DisplayContent.lambda$new$0$DisplayContent:662 com.android.server.wm.-$$Lambda$DisplayContent$0yxrqH9eGY2qTjH1u_BvaVrXCSA.accept:4 com.android.server.wm.WindowContainer$ForAllWindowsConsumerWrapper.apply:1184 
11-02 16:13:57.450 23337 23360 D OpenGLRenderer: createReliableSurface : 0xdd81f2c0, 0xd3096800
11-02 16:13:57.459 23337 23360 D mali_winsys: EGLint new_window_surface(egl_winsys_display *, void *, EGLSurface, EGLConfig, egl_winsys_surface **, EGLBoolean) returns 0x3000
11-02 16:13:57.460 23337 23337 E DecorView: mWindow.mActivityCurrentConfig is null
11-02 16:13:57.465  3540  3540 I hwservicemanager: getTransport: Cannot find entry android.hardware.graphics.mapper@3.0::IMapper/default in either framework or device manifest.
11-02 16:13:57.465 23337 23360 W Gralloc3: mapper 3.x is not supported
11-02 16:13:57.467 23337 23360 I gralloc : Arm Module v1.0
11-02 16:13:57.486 23337 23337 D SurfaceView: onWindowVisibilityChanged(0) true android.view.SurfaceView{96dc47f V.E...... ......I. 0,0-0,0} of ViewRootImpl@9edc19e[GameActivity]
11-02 16:13:57.491  4248  6196 V WindowManager: Relayout Window{33048be u0 wfa.issp.TowerCommand/com.epicgames.ue4.GameActivity}: viewVisibility=0 req=1560x720
11-02 16:13:57.493  4248  6196 V WindowManager: performShow on Window{ca4c556 u0 StatusBar}: mDrawState=READY_TO_SHOW readyForDisplay=false starting=false during animation: policyVis=false parentHidden=false tok.hiddenRequested=false tok.hidden=false animating=false tok animating=false Callers=com.android.server.wm.WindowState.performShowLocked:4660 com.android.server.wm.WindowStateAnimator.commitFinishDrawingLocked:380 com.android.server.wm.DisplayContent.lambda$new$8$DisplayContent:935 com.android.server.wm.-$$Lambda$DisplayContent$qxt4izS31fb0LF2uo_OF9DMa7gc.accept:4 
11-02 16:13:57.494  4248  6196 W WindowManager: preserveSurfaceLocked: failed, no surface, w=Window{33048be u0 wfa.issp.TowerCommand/com.epicgames.ue4.GameActivity}
11-02 16:13:57.495  3794  4224 I SurfaceFlinger: createSurf start. lock debugging [wfa.issp.TowerCommand/com.epicgames.ue4.GameActivity$_23337]
11-02 16:13:57.496  3794  4224 I SurfaceFlinger: id=12980 createSurf (1502x720),1 flag=4, wfa.issp.TowerCommand/com.epicgames.ue4.GameActivity$_23337#1
11-02 16:13:57.496  4248  6196 D WindowManager: makeSurface duration=2 name=wfa.issp.TowerCommand/com.epicgames.ue4.GameActivity$_23337
11-02 16:13:57.497  4248  6196 V WindowManager: Changing focus from null to Window{33048be u0 wfa.issp.TowerCommand/com.epicgames.ue4.GameActivity} displayId=0 Callers=com.android.server.wm.RootWindowContainer.updateFocusedWindowLocked:203 com.android.server.wm.WindowManagerService.updateFocusedWindowLocked:6186 com.android.server.wm.WindowManagerService.relayoutWindow:2557 com.android.server.wm.Session.relayout:202 android.view.IWindowSession$Stub.onTransact:708 com.android.server.wm.Session.onTransact:142 
11-02 16:13:57.497  4248  6196 D StatusBarManagerService: notifyRequestedSystemKey recent=false home=false
11-02 16:13:57.498  4248  4273 D WindowManager: setSystemUiVisibility: displayId=0, vis=0x971e, fullVis=0x0, dockVis=0x0, win=Window{33048be u0 wfa.issp.TowerCommand/com.epicgames.ue4.GameActivity}
11-02 16:13:57.499  4248  6196 V WindowManager: Relayout 23337: mAttrs={(0,0)(fillxfill) sim={adjust=resize} ty=BASE_APPLICATION fmt=RGBA_8888 wanim=0x1030001 sysuil=true
11-02 16:13:57.499  4248  6196 V WindowManager:   fl=1810500
11-02 16:13:57.499  4248  6196 V WindowManager:   pfl=10020000
11-02 16:13:57.499  4248  6196 V WindowManager:   vsysui=1716 naviIconColor=0}
11-02 16:13:57.499  4584  4584 D LightBarController: onNavigationVisibilityChanged : vis = 971e, nbModeChanged = false navigationBarMode = 4, navbarColorManagedByIme = false
11-02 16:13:57.500  4248  4264 D WindowManager: adjustSystemUiVisibilityLw: displayId=0, vis=0x971e, resetVis=0x0, clearVis=0x0
11-02 16:13:57.501  4248  4264 D InputManager-JNI: setSystemUiVisibility dexmode: false changed: true displayid: 0 visibility: 0x971e DD: 0x971e OD: 0x0
11-02 16:13:57.501 23337 23337 D ViewRootImpl@9edc19e[GameActivity]: Relayout returned: old=(0,0,1560,720) new=(58,0,1560,720) req=(1560,720)0 dur=11 res=0x7 s={true 3540625408} ch=true
11-02 16:13:57.502 23337 23360 D OpenGLRenderer: createReliableSurface : 0xdd81f440, 0xd309a800
11-02 16:13:57.503 23337 23360 D mali_winsys: EGLint new_window_surface(egl_winsys_display *, void *, EGLSurface, EGLConfig, egl_winsys_surface **, EGLBoolean) returns 0x3000
11-02 16:13:57.507  3794  3861 I SurfaceFlinger: createSurf start. lock debugging [Bounds for - wfa.issp.TowerCommand/com.epicgames.ue4.GameActivity@0]
11-02 16:13:57.507  3794  3861 I SurfaceFlinger: id=12981 createSurf (0x0),2 flag=4, Bounds for - wfa.issp.TowerCommand/com.epicgames.ue4.GameActivity@0#0
11-02 16:13:57.508  3794  4224 I SurfaceFlinger: createSurf start. lock debugging [SurfaceView - wfa.issp.TowerCommand/com.epicgames.ue4.GameActivity@96dc47f@0]
11-02 16:13:57.509  3794  4224 I SurfaceFlinger: id=12982 createSurf (1502x720),4 flag=404, SurfaceView - wfa.issp.TowerCommand/com.epicgames.ue4.GameActivity@96dc47f@0#0
11-02 16:13:57.510  3794  3861 I SurfaceFlinger: createSurf start. lock debugging [Background for -SurfaceView - wfa.issp.TowerCommand/com.epicgames.ue4.GameActivity@96dc47f@0]
11-02 16:13:57.510  3794  3861 I SurfaceFlinger: id=12983 createSurf (0x0),-1 flag=20404, Background for -SurfaceView - wfa.issp.TowerCommand/com.epicgames.ue4.GameActivity@96dc47f@0#0
11-02 16:13:57.511 23337 23337 D SurfaceView: surfaceCreated 1 #8 android.view.SurfaceView{96dc47f V.E...... ......ID 0,0-1502,720}
11-02 16:13:57.511 23337 23337 D SurfaceView: surfaceChanged (1502,720) 1 #8 android.view.SurfaceView{96dc47f V.E...... ......ID 0,0-1502,720}
11-02 16:13:57.511 23337 23367 D UE4     : Case APP_CMD_INIT_WINDOW
11-02 16:13:57.512 23337 23367 D UE4     : LogAndroidEvents::EnqueueAppEvent : 0, [width=1502, height=720], tid = 23367, APP_EVENT_STATE_WINDOW_CREATED
11-02 16:13:57.515  4248  4276 V WindowManager: performShow on Window{ca4c556 u0 StatusBar}: mDrawState=READY_TO_SHOW readyForDisplay=false starting=false during animation: policyVis=false parentHidden=false tok.hiddenRequested=false tok.hidden=false animating=false tok animating=false Callers=com.android.server.wm.WindowState.performShowLocked:4660 com.android.server.wm.DisplayContent.lambda$new$0$DisplayContent:662 com.android.server.wm.-$$Lambda$DisplayContent$0yxrqH9eGY2qTjH1u_BvaVrXCSA.accept:4 com.android.server.wm.WindowContainer$ForAllWindowsConsumerWrapper.apply:1184 
11-02 16:13:57.517 23337 23337 D DecorView: semSetRoundedCorners: 5
11-02 16:13:57.531  4248  4264 D WindowManager: finishDrawingWindow: Window{33048be u0 wfa.issp.TowerCommand/com.epicgames.ue4.GameActivity} mDrawState=DRAW_PENDING
11-02 16:13:57.532  4248  4276 I WindowManager: Reparenting to leash, surface=Surface(name=59da3f7 NavigationBar0)/@0xd47e7e0
11-02 16:13:57.532  3794  3861 I SurfaceFlinger: createSurf start. lock debugging [Surface(name=59da3f7 NavigationBar0)/@0xd47e7e0 - animation-leash]
11-02 16:13:57.533  3794  3861 I SurfaceFlinger: id=12984 createSurf (0x0),-1 flag=80004, Surface(name=59da3f7 NavigationBar0)/@0xd47e7e0 - animation-leash#0
11-02 16:13:57.533  4248  4276 D WindowManager: makeSurface duration=1 leash=Surface(name=Surface(name=59da3f7 NavigationBar0)/@0xd47e7e0 - animation-leash)/@0x2591e35
11-02 16:13:57.534  4584  4584 V NavBarStoreImpl: handleEvent [EventType] ON_NAVBAR_WINDOW_STATE_CHANGED [Module] NavigationBarFragment  KEYS_NAVBAR_WINDOW_STATE=1
11-02 16:13:57.534  4584  4584 V NavBarStoreImpl: --[Band]GESTURE_PACK_HIDE_GESTURE_INTERCEPT_WINDOW
11-02 16:13:57.534  4584  4584 V NavBarStoreImpl: ----isEnabled(GESTURE_INTERCEPT_WINDOW_ATTACHED)=false
11-02 16:13:57.534  4248  4276 V WindowManager: performShow on Window{ca4c556 u0 StatusBar}: mDrawState=READY_TO_SHOW readyForDisplay=false starting=false during animation: policyVis=false parentHidden=false tok.hiddenRequested=false tok.hidden=false animating=false tok animating=false Callers=com.android.server.wm.WindowState.performShowLocked:4660 com.android.server.wm.WindowStateAnimator.commitFinishDrawingLocked:380 com.android.server.wm.DisplayContent.lambda$new$8$DisplayContent:935 com.android.server.wm.-$$Lambda$DisplayContent$qxt4izS31fb0LF2uo_OF9DMa7gc.accept:4 
11-02 16:13:57.536  4248  4276 D ViewRootImpl@97c5768[TowerCommand]: MSG_RESIZED: frame=(58,0,1560,720) ci=(0,0,0,0) vi=(0,0,0,0) or=2
11-02 16:13:57.536  4248  4803 D WindowManager: finishDrawingWindow: Window{28bac28 u0 wfa.issp.TowerCommand/com.epicgames.ue4.GameActivity} mDrawState=DRAW_PENDING
11-02 16:13:57.538  4248  4803 V WindowManager: Relayout Window{33048be u0 wfa.issp.TowerCommand/com.epicgames.ue4.GameActivity}: viewVisibility=0 req=1502x720
11-02 16:13:57.539  4248  4803 V WindowManager: performShow on Window{ca4c556 u0 StatusBar}: mDrawState=READY_TO_SHOW readyForDisplay=false starting=false during animation: policyVis=false parentHidden=false tok.hiddenRequested=false tok.hidden=false animating=false tok animating=false Callers=com.android.server.wm.WindowState.performShowLocked:4660 com.android.server.wm.WindowStateAnimator.commitFinishDrawingLocked:380 com.android.server.wm.DisplayContent.lambda$new$8$DisplayContent:935 com.android.server.wm.-$$Lambda$DisplayContent$qxt4izS31fb0LF2uo_OF9DMa7gc.accept:4 
11-02 16:13:57.542  4248  4803 V WindowManager: performShow on Window{ca4c556 u0 StatusBar}: mDrawState=READY_TO_SHOW readyForDisplay=false starting=false during animation: policyVis=false parentHidden=false tok.hiddenRequested=false tok.hidden=false animating=false tok animating=false Callers=com.android.server.wm.WindowState.performShowLocked:4660 com.android.server.wm.WindowStateAnimator.commitFinishDrawingLocked:380 com.android.server.wm.DisplayContent.lambda$new$8$DisplayContent:935 com.android.server.wm.-$$Lambda$DisplayContent$qxt4izS31fb0LF2uo_OF9DMa7gc.accept:4 
11-02 16:13:57.543  4248  4803 D CustomFrequencyManagerService: acquireDVFSLockLocked : type : DVFS_MIN_LIMIT  frequency : 1560000  uid : 1000  pid : 4248  pkgName : AMS_RESUME_TAIL@CPU_MIN@29
11-02 16:13:57.544  4248  4803 D ActivityManagerPerformance: AMP_acquire() TAIL
11-02 16:13:57.544  4248  4803 D CustomFrequencyManagerService: FrequencyrequestList.getNextSchedTunePolicyRequest, index: 0
11-02 16:13:57.544  4248  4803 D CustomFrequencyManagerService: releaseDVFSLockLocked : Getting Lock type frm List : DVFS_MIN_LIMIT  frequency : 1560000  uid : 1000  pid : 4248  tag : AMS_APP_SWITCH@CPU_MIN@38
11-02 16:13:57.544  4248  4803 D ActivityManagerPerformance: AMP_release() APP_SWITCH
11-02 16:13:57.546  4248  4803 V WindowManager: Relayout 23337: mAttrs={(0,0)(fillxfill) sim={adjust=resize} ty=BASE_APPLICATION fmt=RGBA_8888 wanim=0x1030001 sysuil=true
11-02 16:13:57.546  4248  4803 V WindowManager:   fl=1810500
11-02 16:13:57.546  4248  4803 V WindowManager:   pfl=10020000
11-02 16:13:57.546  4248  4803 V WindowManager:   vsysui=1716 naviIconColor=0}
11-02 16:13:57.548  4248  4803 D InputDispatcher: Focus entered window (23337): 33048be in display 0 0
11-02 16:13:57.549  4248  4276 V WindowManager: performShow on Window{ca4c556 u0 StatusBar}: mDrawState=READY_TO_SHOW readyForDisplay=false starting=false during animation: policyVis=false parentHidden=false tok.hiddenRequested=false tok.hidden=false animating=false tok animating=false Callers=com.android.server.wm.WindowState.performShowLocked:4660 com.android.server.wm.DisplayContent.lambda$new$0$DisplayContent:662 com.android.server.wm.-$$Lambda$DisplayContent$0yxrqH9eGY2qTjH1u_BvaVrXCSA.accept:4 com.android.server.wm.WindowContainer$ForAllWindowsConsumerWrapper.apply:1184 
11-02 16:13:57.549 23337 23337 D ViewRootImpl@9edc19e[GameActivity]: Relayout returned: old=(58,0,1560,720) new=(58,0,1560,720) req=(1502,720)0 dur=10 res=0x1 s={true 3540625408} ch=false
11-02 16:13:57.550  4248  4283 I ActivityTaskManager: Displayed wfa.issp.TowerCommand/com.epicgames.ue4.GameActivity: +1s419ms
11-02 16:13:57.550 23337 23337 D ViewRootImpl@9d0e38e[GameActivity]: MSG_RESIZED_REPORT: frame=(58,0,1560,720) ci=(0,0,96,0) vi=(0,0,96,0) or=2
11-02 16:13:57.551  4248  4276 V WindowManager: Relayout Window{f031781 u0 Splash Screen wfa.issp.TowerCommand}: viewVisibility=0 req=1502x720
11-02 16:13:57.553  4248  4276 V WindowManager: performShow on Window{ca4c556 u0 StatusBar}: mDrawState=READY_TO_SHOW readyForDisplay=false starting=false during animation: policyVis=false parentHidden=false tok.hiddenRequested=false tok.hidden=false animating=false tok animating=false Callers=com.android.server.wm.WindowState.performShowLocked:4660 com.android.server.wm.WindowStateAnimator.commitFinishDrawingLocked:380 com.android.server.wm.DisplayContent.lambda$new$8$DisplayContent:935 com.android.server.wm.-$$Lambda$DisplayContent$qxt4izS31fb0LF2uo_OF9DMa7gc.accept:4 
11-02 16:13:57.555  4248  4276 V WindowManager: Relayout 4248: mAttrs={(0,0)(fillxfill) sim={adjust=pan} ty=APPLICATION_STARTING wanim=0x1030001
11-02 16:13:57.555  4248  4276 V WindowManager:   fl=1830518
11-02 16:13:57.555  4248  4276 V WindowManager:   pfl=10020011
11-02 16:13:57.555  4248  4276 V WindowManager:   vsysui=10 naviIconColor=0}
11-02 16:13:57.555  4248  4276 D ViewRootImpl@97c5768[TowerCommand]: Relayout returned: old=(58,0,1560,720) new=(58,0,1560,720) req=(1502,720)0 dur=4 res=0x1 s={true 491554127872} ch=false
11-02 16:13:57.556  4248  4276 E DecorView: mWindow.mActivityCurrentConfig is null
11-02 16:13:57.558  4248  4803 D WindowManager: finishDrawingWindow: Window{28bac28 u0 wfa.issp.TowerCommand/com.epicgames.ue4.GameActivity} mDrawState=HAS_DRAWN
11-02 16:13:57.558 23337 23337 D UE4     : [GameActivity] === Restoring Transparent Bars due to Visibility Change ===
11-02 16:13:57.558 23337 23337 D UE4     : [GameActivity] === Restoring Transparent Bars ===
11-02 16:13:57.559 23337 23337 D ViewRootImpl@9edc19e[GameActivity]: MSG_WINDOW_FOCUS_CHANGED 1 1
11-02 16:13:57.559 23337 23337 D InputMethodManager: prepareNavigationBarInfo() DecorView@7dcbf8d[GameActivity]
11-02 16:13:57.559 23337 23337 D InputMethodManager: getNavigationBarColor() -855310
11-02 16:13:57.560 23337 23367 D UE4     : LogAndroidEvents::EnqueueAppEvent : 11, [width=-1, height=-1], tid = 23367, APP_EVENT_STATE_WINDOW_GAINED_FOCUS
11-02 16:13:57.560 23337 23367 D UE4     : LogAndroidEvents::EnqueueAppEvent : 14, [width=-1, height=-1], tid = 23367, APP_EVENT_STATE_APP_ACTIVATED
11-02 16:13:57.560 23337 23367 D UE4     : LogAndroidEvents::EnqueueAppEvent : 15, [width=-1, height=-1], tid = 23367, APP_EVENT_RUN_CALLBACK
11-02 16:13:57.565  4248  4276 V WindowManager: performShow on Window{ca4c556 u0 StatusBar}: mDrawState=READY_TO_SHOW readyForDisplay=false starting=false during animation: policyVis=false parentHidden=false tok.hiddenRequested=false tok.hidden=false animating=false tok animating=false Callers=com.android.server.wm.WindowState.performShowLocked:4660 com.android.server.wm.DisplayContent.lambda$new$0$DisplayContent:662 com.android.server.wm.-$$Lambda$DisplayContent$0yxrqH9eGY2qTjH1u_BvaVrXCSA.accept:4 com.android.server.wm.WindowContainer$ForAllWindowsConsumerWrapper.apply:1184 
11-02 16:13:57.573  4248  4276 E DecorView: mWindow.mActivityCurrentConfig is null
11-02 16:13:57.575 23337 23337 D EmergencyMode: [EmergencyManager] android createPackageContext successful: wfa.issp.TowerCommand
11-02 16:13:57.576  4248  4276 D ViewRootImpl@97c5768[TowerCommand]: dispatchDetachedFromWindow
11-02 16:13:57.577  4248  4276 D InputTransport: Input channel destroyed: 'f031781', fd=471
11-02 16:13:57.578  4248  4276 I WindowManager: Reparenting to leash, surface=Surface(name=f031781 Splash Screen wfa.issp.TowerCommand)/@0xef47ce9
11-02 16:13:57.578  3794  4224 I SurfaceFlinger: createSurf start. lock debugging [Surface(name=f031781 Splash Screen wfa.issp.TowerCommand)/@0xef47ce9 - animation-leash]
11-02 16:13:57.578  3794  4224 I SurfaceFlinger: id=12985 createSurf (0x0),-1 flag=80004, Surface(name=f031781 Splash Screen wfa.issp.TowerCommand)/@0xef47ce9 - animation-leash#0
11-02 16:13:57.579  4248  4276 D WindowManager: makeSurface duration=1 leash=Surface(name=Surface(name=f031781 Splash Screen wfa.issp.TowerCommand)/@0xef47ce9 - animation-leash)/@0x15e5d6e
11-02 16:13:57.580 23337 23337 D InputMethodManager: prepareNavigationBarInfo() DecorView@7dcbf8d[GameActivity]
11-02 16:13:57.580 23337 23337 D InputMethodManager: getNavigationBarColor() -855310
11-02 16:13:57.580 23337 23337 V InputMethodManager: Starting input: tba=wfa.issp.TowerCommand ic=null mNaviBarColor -855310 mIsGetNaviBarColorSuccess true , NavVisible : false , NavTrans : false
11-02 16:13:57.580  4248  4276 V WindowManager: performShow on Window{ca4c556 u0 StatusBar}: mDrawState=READY_TO_SHOW readyForDisplay=false starting=false during animation: policyVis=false parentHidden=false tok.hiddenRequested=false tok.hidden=false animating=false tok animating=false Callers=com.android.server.wm.WindowState.performShowLocked:4660 com.android.server.wm.WindowStateAnimator.commitFinishDrawingLocked:380 com.android.server.wm.DisplayContent.lambda$new$8$DisplayContent:935 com.android.server.wm.-$$Lambda$DisplayContent$qxt4izS31fb0LF2uo_OF9DMa7gc.accept:4 
11-02 16:13:57.580 23337 23337 D InputMethodManager: startInputInner - Id : 0
11-02 16:13:57.581 23337 23337 I InputMethodManager: startInputInner - mService.startInputOrWindowGainedFocus
11-02 16:13:57.582  4248  4803 D InputMethodManagerService: mSecureKeypadEnabled = false
11-02 16:13:57.582  4248  4803 V InputMethodManagerService: startInputOrWindowGainedFocusInternalLocked: reason=WINDOW_FOCUS_GAIN client=android.os.BinderProxy@8a4483c inputContext=null missingMethods= attribute=android.view.inputmethod.EditorInfo@6b97c0f startInputFlags=FIRST_WINDOW_FOCUS_GAIN|INITIAL_CONNECTION softInputMode=STATE_UNSPECIFIED|ADJUST_RESIZE windowFlags=#1810500 unverifiedTargetSdkVersion=28
11-02 16:13:57.582  4248  4276 D InputTransport: Input channel destroyed: 'f031781', fd=474
11-02 16:13:57.582  4248  4803 V InputMethodManagerService: IME PreRendering MASTER flag: false, LowRam: false
11-02 16:13:57.583  4248  4803 V InputMethodManagerService: Unspecified window will hide input
11-02 16:13:57.583  4248  4803 V InputMethodManagerService: hideCurrentInputLocked : shouldHideSoftInput is false
11-02 16:13:57.583  4248  4803 D InputMethodManagerService: mDesktopModeManager null!
11-02 16:13:57.583  4248  4803 V InputMethodManagerService: getDisplayIdOfInputMethodWindowToBeAdded : 0
11-02 16:13:57.583  4248  4803 V InputMethodManagerService: unbindCurrentInputLocked: client=android.os.BinderProxy@c5f8228
11-02 16:13:57.583  4248  4803 D InputMethodManagerService: IME window vis: 0 active: 0 inv: 0 displayId: 0
11-02 16:13:57.583  4248  4803 D InputMethodManagerService: isImeSwitcherDisabledPackage : false
11-02 16:13:57.583  5015  5015 D InputTransport: Input channel destroyed: 'ClientS', fd=78
11-02 16:13:57.584  4248  4276 V WindowManager: performShow on Window{ca4c556 u0 StatusBar}: mDrawState=READY_TO_SHOW readyForDisplay=false starting=false during animation: policyVis=false parentHidden=false tok.hiddenRequested=false tok.hidden=false animating=false tok animating=false Callers=com.android.server.wm.WindowState.performShowLocked:4660 com.android.server.wm.DisplayContent.lambda$new$0$DisplayContent:662 com.android.server.wm.-$$Lambda$DisplayContent$0yxrqH9eGY2qTjH1u_BvaVrXCSA.accept:4 com.android.server.wm.WindowContainer$ForAllWindowsConsumerWrapper.apply:1184 
11-02 16:13:57.585  4248  4803 V InputMethodManagerService: switching to client: client=android.os.BinderProxy@8a4483c keyguard=false
11-02 16:13:57.586  4248  4803 V InputMethodManagerService: Creating new session for client ClientState{360949c uid=10254 pid=23337 displayId=0}
11-02 16:13:57.586  4248  4803 D InputTransport: Input channel constructed: 'ClientS', fd=471
11-02 16:13:57.586  4248  4803 D InputTransport: Input channel constructed: 'ClientS', fd=474
11-02 16:13:57.586  4248  4803 D InputTransport: Input channel destroyed: 'ClientS', fd=474
11-02 16:13:57.588 23337 23337 D ViewRootImpl@9edc19e[GameActivity]: MSG_RESIZED: frame=(58,0,1560,720) ci=(0,0,96,0) vi=(0,0,0,0) or=2
11-02 16:13:57.588 23337 23337 D ViewRootImpl@9d0e38e[GameActivity]: MSG_RESIZED_REPORT: frame=(58,0,1560,720) ci=(0,0,96,0) vi=(0,0,0,0) or=2
11-02 16:13:57.588  4248  4803 V InputMethodManagerService: Disabling: SessionState{uid 10084 pid 5015 method dfca06b session b3317c8 channel ClientState{32497ab uid=10084 pid=5015 displayId=0} (server)}
11-02 16:13:57.589  4248  4803 V InputMethodManagerService: Enabling: SessionState{uid 10254 pid 23337 method dfca06b session 296e27a channel ClientState{360949c uid=10254 pid=23337 displayId=0} (server)}
11-02 16:13:57.590  4248  4803 D InputMethodManagerService: checkDisplayOfStartInputAndUpdateKeyboard display Id 0last 0
11-02 16:13:57.590  4248  4803 D InputTransport: Input channel constructed: 'ClientS', fd=474
11-02 16:13:57.590  4248  4803 D InputTransport: Input channel destroyed: 'ClientS', fd=474
11-02 16:13:57.592  6598  6598 I SKBD_Performance: [IIManager] [PF_CL][onFinishInput] 367500
11-02 16:13:57.592  6598  6598 D InputMethodService: checkDisplayOfStartInputAndUpdateKeyboard display Id 0last 0
11-02 16:13:57.593  6598  6598 I SKBD    : SamsungKeypad [IMI] onStartInput - caller pid : 23337, caller uid : 10254
11-02 16:13:57.593  6598  6598 I SKBD    : SamsungKeypad ConnectionUtils.getNetworkStateValue() =  0
11-02 16:13:57.598  4248  4276 V WindowManager: performShow on Window{ca4c556 u0 StatusBar}: mDrawState=READY_TO_SHOW readyForDisplay=false starting=false during animation: policyVis=false parentHidden=false tok.hiddenRequested=false tok.hidden=false animating=false tok animating=false Callers=com.android.server.wm.WindowState.performShowLocked:4660 com.android.server.wm.DisplayContent.lambda$new$0$DisplayContent:662 com.android.server.wm.-$$Lambda$DisplayContent$0yxrqH9eGY2qTjH1u_BvaVrXCSA.accept:4 com.android.server.wm.WindowContainer$ForAllWindowsConsumerWrapper.apply:1184 
11-02 16:13:57.610 23337 23337 E DecorView: mWindow.mActivityCurrentConfig is null
11-02 16:13:57.618  4248  6196 D WindowManager: finishDrawingWindow: Window{28bac28 u0 wfa.issp.TowerCommand/com.epicgames.ue4.GameActivity} mDrawState=HAS_DRAWN
11-02 16:13:57.619 23337 23337 D InputMethodManager: prepareNavigationBarInfo() DecorView@7dcbf8d[GameActivity]
11-02 16:13:57.619 23337 23337 D InputMethodManager: getNavigationBarColor() -855310
11-02 16:13:57.619 23337 23337 V InputMethodManager: Starting input: tba=wfa.issp.TowerCommand ic=null mNaviBarColor -855310 mIsGetNaviBarColorSuccess true , NavVisible : false , NavTrans : false
11-02 16:13:57.619 23337 23337 D InputMethodManager: startInputInner - Id : 0
11-02 16:13:57.622  3794  3794 I SurfaceFlinger: Display 0 HWC layers:
11-02 16:13:57.622  3794  3794 I SurfaceFlinger:     type    |    handle    | flag |  format   |   source crop (l,t,r,b)    |         frame       | name 
11-02 16:13:57.622  3794  3794 I SurfaceFlinger: ------------+--------------+------+-----------+----------------------------+---------------------+------
11-02 16:13:57.622  3794  3794 I SurfaceFlinger:  SOLID_COLOR |              | 0000 |  Unknown  |   0.0    0.0    0.0    0.0 |    0    0  720   58 | Letterbox - left#1
11-02 16:13:57.622  3794  3794 I SurfaceFlinger:  SOLID_COLOR |              | 0002 |  Unknown  |   0.0    0.0    0.0    0.0 |    0   58  720 1560 | Background for -SurfaceView - wfa.is[...]icgames.ue4.GameActivity@96dc47f@0#0
11-02 16:13:57.622  3794  3794 I SurfaceFlinger:      DEVICE | 0x7ad6846700 | 0000 | RGBA_8888 |   0.0    0.0  720.0 1502.0 |    0   58  720 1560 | wfa.issp.TowerCommand/com.epicgames.ue4.GameActivity$_23337#1
