11-02 16:16:27.791  8066  8211 I PolicyManager: [#CMH#] onReceive action = EVENT_SIOP
11-02 16:16:27.792  8066  8211 I SystemBroadcastReceiver: [#CMH#] onReceive completed 
11-02 16:16:27.792  4248  4836 D SensorService: Calling batch handle==3 flags=0 rate=200000000 timeout== 0
11-02 16:16:27.793  3771  3771 I Sensors : ProximitySensor:enable: handle 3, en 1, old_en 0
11-02 16:16:27.857  6241  6326 D SensorManager: registerListener :: 3, GP2AP110S Proximity, 200000, 0,  
11-02 16:16:27.858  3771  3771 I Sensors : ProximitySensor:readEvents: value 8(cm)
11-02 16:16:27.861  4248  4836 D SensorService: removeConnection, index : 0, size : 1
11-02 16:16:27.861  4248  4836 D SensorService: # removeConnection, index : 0, size : 0
11-02 16:16:27.861  4248  4836 D SensorService: Calling activate off 3
11-02 16:16:27.861  3771  3818 I Sensors : ProximitySensor:enable: handle 3, en 0, old_en 1
11-02 16:16:27.863  6241  6326 D SensorManager: unregisterListener ::   
11-02 16:16:27.865  3771  3818 D Sensors : SensorHAL:sensors__get_sensors_list: length 11
11-02 16:16:27.984 23337 23368 D UE4     : [GameActivity] Used memory: 71913
11-02 16:16:29.374  5478  5478 D io_stats: !@ 179,0 r 3114648 97474190 w 1108438 28040568 d 92665 27913764 f 147182 414048 iot 2127764 1774354 th 51200 51200 51156 pt 1920 inp 0 0 76146.343
11-02 16:16:30.695  4248  4371 D SensorService: [SO] 0.095 -0.102 9.797
11-02 16:16:34.379  5478  5478 D io_stats: !@ 179,0 r 3114648 97474190 w 1108450 28040624 d 92665 27913764 f 147182 414050 iot 2127764 1774356 th 51200 51200 51156 pt 1920 inp 0 0 76151.347
11-02 16:16:36.616  3794  3794 I SurfaceFlinger: SFWD update time=76153586700528
11-02 16:16:37.819  6241  6549 D SDHMS:com.sec.android.sdhms.thermal.siop.z: SIOP:: AP:355(446,80) BAT:299(299,0) CHG:426(426,0) USB:0(0,0) 
11-02 16:16:38.036 23337 23368 D UE4     : [GameActivity] Used memory: 71913
11-02 16:16:39.617  4248  4278 E Watchdog: !@Sync 2537 [2020-11-02 16:16:39.617] FD count : 522, wdog_way : softdog
11-02 16:16:39.695  4248  4371 D SensorService: [SO] 0.090 -0.093 9.796
11-02 16:16:42.228  4248  4471 W DeviceStorageMonitorService: updateBroadcasts(/data) oldLevel:0, newLevel:0, seq:1
11-02 16:16:42.229  4248  4471 W DeviceStorageMonitorService: There is no file /sys/fs/f2fs/userdata/sec_fs_stat
11-02 16:16:42.229  4248  4471 W DeviceStorageMonitorService: updateBroadcasts_filenode(/data) fn_oldLevel:0, fn_newLevel:0, seq:1
11-02 16:16:44.386  5478  5478 D io_stats: !@ 179,0 r 3114648 97474190 w 1108453 28040664 d 92665 27913764 f 147182 414052 iot 2127764 1774357 th 51200 51200 51156 pt 1920 inp 0 0 76161.355
11-02 16:16:47.885  6241  6549 D SDHMS:com.sec.android.sdhms.thermal.siop.z: SIOP:: AP:357(447,80) BAT:299(299,0) CHG:427(427,0) USB:0(0,0) 
11-02 16:16:48.090 23337 23368 D UE4     : [GameActivity] Used memory: 71913
11-02 16:16:48.695  4248  4371 D SensorService: [SO] 0.099 -0.097 9.777
11-02 16:16:49.391  5478  5478 D io_stats: !@ 179,0 r 3114648 97474190 w 1108463 28040720 d 92666 27913768 f 147182 414054 iot 2127764 1774360 th 51200 51200 51156 pt 1920 inp 0 0 76166.360
11-02 16:16:50.165  4248  4836 D NtpTrustedTime: currentTimeMillis() cache hit
11-02 16:16:50.180  3753  3968 I netd    : tetherGetStats() <6.14ms>
11-02 16:16:50.198  4248  4836 D NtpTrustedTime: currentTimeMillis() cache hit
11-02 16:16:50.202  4248  4452 D NtpTrustedTime: currentTimeMillis() cache hit
11-02 16:16:50.208  4248  4836 D NtpTrustedTime: currentTimeMillis() cache hit
11-02 16:16:50.222  3753  3968 I netd    : tetherGetStats() <5.86ms>
11-02 16:16:50.235  4248  4836 D NtpTrustedTime: currentTimeMillis() cache hit
11-02 16:16:50.240  4248  4452 D NtpTrustedTime: currentTimeMillis() cache hit
11-02 16:16:54.216  4248  4402 D SamsungAlarmManager: Expired : 8
11-02 16:16:54.216  4248  4402 V SamsungAlarmManager: Sending to uid : 1000 listener=android.app.AlarmManager$ListenerWrapper@e0bb39e alarm=Alarm{5e9ce7f type 3 when 780225937 android}
11-02 16:16:54.217  4248  4756 D SLocation: SP is not support Q OS upgrade model!
11-02 16:16:54.218  4248  4402 I SamsungAlarmManager: setLocked to kernel - T:2 / 20201102T162113, SetElapsed=780485520, nowELAPSED=780225939
11-02 16:16:54.219  4248  4402 I SamsungAlarmManager: setLocked to kernel - T:3 / 20201102T161700, SetElapsed=780231721, nowELAPSED=780225940
11-02 16:16:54.220  4248  4756 D SamsungAlarmManager: setExact Listener (T:3/F:9/AC:false) 20201102T161754 - CU:1000/CP:4248
11-02 16:16:54.220  4248  4756 I SamsungAlarmManager: setLocked to kernel - T:2 / 20201102T162113, SetElapsed=780485520, nowELAPSED=780225941
11-02 16:16:54.220  4248  4756 I SamsungAlarmManager: setLocked to kernel - T:3 / 20201102T161700, SetElapsed=780231721, nowELAPSED=780225941
11-02 16:16:54.394  5478  5478 D io_stats: !@ 179,0 r 3114648 97474190 w 1108475 28040796 d 92667 27913772 f 147182 414058 iot 2127764 1774364 th 51200 51200 51156 pt 1920 inp 0 0 76171.364
11-02 16:16:57.695  4248  4371 D SensorService: [SO] 0.086 -0.095 9.822
11-02 16:16:57.950  6241  6549 D SDHMS:com.sec.android.sdhms.thermal.siop.z: SIOP:: AP:359(448,80) BAT:299(299,0) CHG:428(428,0) USB:0(0,0) 
11-02 16:16:58.139 23337 23368 D UE4     : [GameActivity] Used memory: 71913
11-02 16:17:00.000  4248  4402 D SamsungAlarmManager: Expired : 8
11-02 16:17:00.000  4248  4402 V SamsungAlarmManager: Sending to uid : 1000 listener=com.android.server.AlarmManagerService$2@61b1237 alarm=Alarm{6b1ce4c type 3 when 780231721 android}
11-02 16:17:00.001  4248  4402 D SamsungAlarmManager: setExact Listener (T:3/F:1/AC:false) 20201102T161800 - CU:1000/CP:4248
11-02 16:17:00.002  4248  4402 I SamsungAlarmManager: setLocked to kernel - T:2 / 20201102T162113, SetElapsed=780485520, nowELAPSED=780231723
11-02 16:17:00.002  4248  4402 I SamsungAlarmManager: setLocked to kernel - T:3 / 20201102T161754, SetElapsed=780285938, nowELAPSED=780231723
11-02 16:17:00.003  4584  4584 D KeyguardUpdateMonitor: received broadcast android.intent.action.TIME_TICK
11-02 16:17:00.003  4248  4402 V SamsungAlarmManager: Sending to uid : 10084 listener=android.os.BinderProxy@a62e9ec alarm=Alarm{1582e95 type 1 when 1604330220000 com.sec.android.app.launcher}
11-02 16:17:00.003  4584  4584 D KeyguardUpdateMonitor: handleTimeUpdate
11-02 16:17:00.004  4248  4402 I SamsungAlarmManager: setLocked to kernel - T:2 / 20201102T162113, SetElapsed=780485520, nowELAPSED=780231725
11-02 16:17:00.005  4248  4402 I SamsungAlarmManager: setLocked to kernel - T:3 / 20201102T161754, SetElapsed=780285938, nowELAPSED=780231726
11-02 16:17:00.005  5015  5015 D LiveIconUpdateEventHandler: onMinuteChanged
11-02 16:17:00.005  5015  5015 D LiveIconUpdateEventHandler: setMinuteChangeAlarm
11-02 16:17:00.010  4584  4584 D QSClockBellTower: He is ready to ring the bell. (((timeText:16:17, skipUpdateForDemo:false, dateText:pon., 2 listopada, shortenDateText = pon., 2 lis)))
11-02 16:17:00.012  4584  4584 D QSClock : status_bar_clock notifyTimeChanged(currentTime:16:17) mClockVisibleByPolicy:true, mClockVisibleByUser:true, visible?true, parent:android.widget.LinearLayout{d158368 V.E...... ......ID 0,0-66,48 #7f0a0381 app:id/left_clock_container}
11-02 16:17:00.012  4584  4584 D QSClockBellTower: Everyone heard the bell. run(currentTime:1604330220008,   getTime():Mon Nov 02 16:17:00 GMT+01:00 2020,   getTimeZone():libcore.util.ZoneInfo[id="Europe/Warsaw",mRawOffset=3600000,mEarliestRawOffset=5040000,mUseDst=true,mDstSavings=3600000,transitions=167])
11-02 16:17:00.013  4248  4805 D SamsungAlarmManager: setInexact Listener (T:1/F:0/AC:false) 20201102T161800 - CU:10084/CP:5015
11-02 16:17:00.013  4248  4805 I SamsungAlarmManager: setLocked to kernel - T:2 / 20201102T162113, SetElapsed=780485520, nowELAPSED=780231734
11-02 16:17:00.013  4248  4805 I SamsungAlarmManager: setLocked to kernel - T:3 / 20201102T161754, SetElapsed=780285938, nowELAPSED=780231734
11-02 16:17:00.028  4584  4584 D QSContainerImpl: getDisplayHeight portrait? false  displayHeight= 720
11-02 16:17:04.400  5478  5478 D io_stats: !@ 179,0 r 3114649 97474222 w 1108477 28040808 d 92667 27913772 f 147182 414060 iot 2127764 1774365 th 51200 51200 51156 pt 1920 inp 0 0 76181.370
11-02 16:17:05.582  4248  4420 D InputReader: Btn_touch(3): value=1 when=76182.551812
11-02 16:17:05.582  4248  4420 I InputReader: Touch event's action is 0x0 (id=3, t=0) [pCnt=1, s=0.6595 ] when=76182.551812
11-02 16:17:05.582  4248  4419 I InputDispatcher: Delivering touch to (23337): action: 0x0, f=0x0, d=0, '33048be', t=1
11-02 16:17:05.584 23337 23337 D ViewRootImpl@9edc19e[GameActivity]: ViewPostIme pointer 0
11-02 16:17:05.615  4248  4420 D InputReader: Btn_touch(3): value=0 when=76182.585117
11-02 16:17:05.615  4248  4420 I InputReader: Touch event's action is 0x1 (id=3, t=0) [pCnt=1, s=] when=76182.585117
11-02 16:17:05.615  4248  4419 I InputDispatcher: Delivering touch to (23337): action: 0x1, f=0x0, d=0, '33048be', t=1
11-02 16:17:05.616 23337 23337 D ViewRootImpl@9edc19e[GameActivity]: ViewPostIme pointer 1
11-02 16:17:06.015  4248  4420 D InputReader: Btn_touch(3): value=1 when=76182.985139
11-02 16:17:06.015  4248  4420 I InputReader: Touch event's action is 0x0 (id=3, t=0) [pCnt=1, s=0.6596 ] when=76182.985139
11-02 16:17:06.016  4248  4419 I InputDispatcher: Delivering touch to (23337): action: 0x0, f=0x0, d=0, '33048be', t=1
11-02 16:17:06.017 23337 23337 D ViewRootImpl@9edc19e[GameActivity]: ViewPostIme pointer 0
11-02 16:17:06.065  4248  4420 D InputReader: Btn_touch(3): value=0 when=76183.035092
11-02 16:17:06.065  4248  4420 I InputReader: Touch event's action is 0x1 (id=3, t=0) [pCnt=1, s=] when=76183.035092
11-02 16:17:06.065  4248  4419 I InputDispatcher: Delivering touch to (23337): action: 0x1, f=0x0, d=0, '33048be', t=1
11-02 16:17:06.067 23337 23337 D ViewRootImpl@9edc19e[GameActivity]: ViewPostIme pointer 1
11-02 16:17:06.616  3794  3794 I SurfaceFlinger: SFWD update time=76183586858506
11-02 16:17:06.695  4248  4371 D SensorService: [SO] -0.074 -0.221 9.766
11-02 16:17:07.831  4248  4420 D InputReader: Btn_touch(3): value=1 when=76184.801101
11-02 16:17:07.831  4248  4420 I InputReader: Touch event's action is 0x0 (id=3, t=0) [pCnt=1, s=0.6597 ] when=76184.801101
11-02 16:17:07.831  4248  4419 I InputDispatcher: Delivering touch to (23337): action: 0x0, f=0x0, d=0, '33048be', t=1
11-02 16:17:07.833 23337 23337 D ViewRootImpl@9edc19e[GameActivity]: ViewPostIme pointer 0
11-02 16:17:07.881  4248  4420 D InputReader: Btn_touch(3): value=0 when=76184.851233
11-02 16:17:07.881  4248  4420 I InputReader: Touch event's action is 0x1 (id=3, t=0) [pCnt=1, s=] when=76184.851233
11-02 16:17:07.881  4248  4419 I InputDispatcher: Delivering touch to (23337): action: 0x1, f=0x0, d=0, '33048be', t=1
11-02 16:17:07.885 23337 23337 D ViewRootImpl@9edc19e[GameActivity]: ViewPostIme pointer 1
11-02 16:17:08.016  6241  6549 D SDHMS:com.sec.android.sdhms.thermal.siop.z: SIOP:: AP:361(449,80) BAT:299(299,0) CHG:429(429,0) USB:0(0,0) 
11-02 16:17:08.192 23337 23368 D UE4     : [GameActivity] Used memory: 71913
11-02 16:17:08.564  4248  4420 D InputReader: Btn_touch(3): value=1 when=76185.534488
11-02 16:17:08.564  4248  4420 I InputReader: Touch event's action is 0x0 (id=3, t=0) [pCnt=1, s=0.6598 ] when=76185.534488
11-02 16:17:08.565  4248  4419 I InputDispatcher: Delivering touch to (23337): action: 0x0, f=0x0, d=0, '33048be', t=1
11-02 16:17:08.567 23337 23337 D ViewRootImpl@9edc19e[GameActivity]: ViewPostIme pointer 0
11-02 16:17:08.631  4248  4420 D InputReader: Btn_touch(3): value=0 when=76185.601451
11-02 16:17:08.631  4248  4420 I InputReader: Touch event's action is 0x1 (id=3, t=0) [pCnt=1, s=] when=76185.601451
11-02 16:17:08.631  4248  4419 I InputDispatcher: Delivering touch to (23337): action: 0x1, f=0x0, d=0, '33048be', t=1
11-02 16:17:08.636 23337 23337 D ViewRootImpl@9edc19e[GameActivity]: ViewPostIme pointer 1
11-02 16:17:09.131  4248  4805 W ProcessCpuTracker: Skipping unknown process pid 23835
11-02 16:17:09.404  5478  5478 D io_stats: !@ 179,0 r 3114649 97474222 w 1108480 28040824 d 92667 27913772 f 147182 414062 iot 2127764 1774366 th 51200 51200 51156 pt 1920 inp 0 0 76186.374
11-02 16:17:09.532  4248  4420 D InputReader: Btn_touch(3): value=1 when=76186.501844
11-02 16:17:09.532  4248  4420 I InputReader: Touch event's action is 0x0 (id=3, t=0) [pCnt=1, s=0.6599 ] when=76186.501844
11-02 16:17:09.533  4248  4419 I InputDispatcher: Delivering touch to (23337): action: 0x0, f=0x0, d=0, '33048be', t=1
11-02 16:17:09.534 23337 23337 D ViewRootImpl@9edc19e[GameActivity]: ViewPostIme pointer 0
11-02 16:17:09.581  4248  4420 D InputReader: Btn_touch(3): value=0 when=76186.551282
11-02 16:17:09.581  4248  4420 I InputReader: Touch event's action is 0x1 (id=3, t=0) [pCnt=1, s=] when=76186.551282
11-02 16:17:09.582  4248  4419 I InputDispatcher: Delivering touch to (23337): action: 0x1, f=0x0, d=0, '33048be', t=1
11-02 16:17:09.584 23337 23337 D ViewRootImpl@9edc19e[GameActivity]: ViewPostIme pointer 1
11-02 16:17:09.624  4248  4278 E Watchdog: !@Sync 2538 [2020-11-02 16:17:09.624] FD count : 522, wdog_way : softdog
11-02 16:17:09.965  4248  4420 D InputReader: Btn_touch(3): value=1 when=76186.934575
11-02 16:17:09.965  4248  4420 I InputReader: Touch event's action is 0x0 (id=3, t=0) [pCnt=1, s=0.6600 ] when=76186.934575
11-02 16:17:09.966  4248  4419 I InputDispatcher: Delivering touch to (23337): action: 0x0, f=0x0, d=0, '33048be', t=1
11-02 16:17:09.968 23337 23337 D ViewRootImpl@9edc19e[GameActivity]: ViewPostIme pointer 0
11-02 16:17:10.015  4248  4420 D InputReader: Btn_touch(3): value=0 when=76186.984656
11-02 16:17:10.015  4248  4420 I InputReader: Touch event's action is 0x1 (id=3, t=0) [pCnt=1, s=] when=76186.984656
11-02 16:17:10.016  4248  4419 I InputDispatcher: Delivering touch to (23337): action: 0x1, f=0x0, d=0, '33048be', t=1
11-02 16:17:10.017 23337 23337 D ViewRootImpl@9edc19e[GameActivity]: ViewPostIme pointer 1
11-02 16:17:10.123  5349  6683 D ContactsProvider_EventLog: contents_sample_state: [CONTACT contacts(187) data(741) accounts({com.google (3)=1, vnd.sec.contact.phone (1)=371, com.osp.app.signin (8)=1}) accounts deleted({}) in_trash(in_trash(0), in_trash_for_sync(0)) calls([logtype:100 cnt:128, logtype:200 cnt:38, logtype:300 cnt:362, logtype:1000 cnt:909]) countryIso(PL) userId(0)  ]

11-02 16:17:10.123  5349  6683 D ContactsProvider_EventLog: contents_sample_state: [ agr({[8]=1, [1 ,1]=184, [1]=1, [3 ,1 ,1]=1})  ]

11-02 16:17:10.123  5349  6683 D ContactsProvider_EventLog: contents_sample_state: [ actCnt({android.process.acore(5349)=1})  ]

11-02 16:17:10.123  5349  6683 D ContactsProvider_EventLog: contents_sample_state: [PROFILE contacts(0) data(0) accounts({})  ] [SAPROFILE contacts(1) data(3) accounts({vnd.sec.contact.phone (1)=1})  ]

11-02 16:17:10.123  5349  6683 D ContactsProvider_EventLog: contents_sample_state: [STORAGE Contacts(CE) Profile(CE) SAProfile(CE) CallLog(CE)  ]
11-02 16:17:10.748  4248  4420 D InputReader: Btn_touch(3): value=1 when=76187.717948
11-02 16:17:10.748  4248  4420 I InputReader: Touch event's action is 0x0 (id=3, t=0) [pCnt=1, s=0.6601 ] when=76187.717948
11-02 16:17:10.749  4248  4419 I InputDispatcher: Delivering touch to (23337): action: 0x0, f=0x0, d=0, '33048be', t=1
11-02 16:17:10.751 23337 23337 D ViewRootImpl@9edc19e[GameActivity]: ViewPostIme pointer 0
11-02 16:17:10.814  4248  4420 D InputReader: Btn_touch(3): value=0 when=76187.784292
11-02 16:17:10.814  4248  4420 I InputReader: Touch event's action is 0x1 (id=3, t=0) [pCnt=1, s=] when=76187.784292
11-02 16:17:10.814  4248  4419 I InputDispatcher: Delivering touch to (23337): action: 0x1, f=0x0, d=0, '33048be', t=1
11-02 16:17:10.822 23337 23337 D ViewRootImpl@9edc19e[GameActivity]: ViewPostIme pointer 1
11-02 16:17:11.365  4248  4420 D InputReader: Btn_touch(3): value=1 when=76188.334720
11-02 16:17:11.365  4248  4420 I InputReader: Touch event's action is 0x0 (id=3, t=0) [pCnt=1, s=0.6602 ] when=76188.334720
11-02 16:17:11.365  4248  4419 I InputDispatcher: Delivering touch to (23337): action: 0x0, f=0x0, d=0, '33048be', t=1
11-02 16:17:11.367  4248  4419 D PowerManagerService: [api] userActivityFromNative : 240 (event: 2 flags: 0) eventTime = 76188334
11-02 16:17:11.371 23337 23337 D ViewRootImpl@9edc19e[GameActivity]: ViewPostIme pointer 0
11-02 16:17:11.398  4248  4420 D InputReader: Btn_touch(3): value=0 when=76188.367994
11-02 16:17:11.398  4248  4420 I InputReader: Touch event's action is 0x1 (id=3, t=0) [pCnt=1, s=] when=76188.367994
11-02 16:17:11.398  4248  4419 I InputDispatcher: Delivering touch to (23337): action: 0x1, f=0x0, d=0, '33048be', t=1
11-02 16:17:11.406 23337 23337 D ViewRootImpl@9edc19e[GameActivity]: ViewPostIme pointer 1
11-02 16:17:11.814  4248  4420 D InputReader: Btn_touch(3): value=1 when=76188.784528
11-02 16:17:11.815  4248  4420 I InputReader: Touch event's action is 0x0 (id=3, t=0) [pCnt=1, s=0.6603 ] when=76188.784528
11-02 16:17:11.815  4248  4419 I InputDispatcher: Delivering touch to (23337): action: 0x0, f=0x0, d=0, '33048be', t=1
11-02 16:17:11.817 23337 23337 D ViewRootImpl@9edc19e[GameActivity]: ViewPostIme pointer 0
11-02 16:17:11.864  4248  4420 D InputReader: Btn_touch(3): value=0 when=76188.834488
11-02 16:17:11.864  4248  4420 I InputReader: Touch event's action is 0x1 (id=3, t=0) [pCnt=1, s=] when=76188.834488
11-02 16:17:11.865  4248  4419 I InputDispatcher: Delivering touch to (23337): action: 0x1, f=0x0, d=0, '33048be', t=1
11-02 16:17:11.866 23337 23337 D ViewRootImpl@9edc19e[GameActivity]: ViewPostIme pointer 1
11-02 16:17:12.365  4584  5028 D NetworkController.MobileSignalController(0/2147483647): onSignalStrengthsChanged signalStrength=SignalStrength:{mCdma=Invalid,mGsm=Invalid,mWcdma=CellSignalStrengthWcdma: ss=-87 ber=99 rscp=-81 ecno=0 level=3,mTdscdma=Invalid,mLte=Invalid,mNr=Invalid,SignalBarInfo{ wcdmaLevel=4 },P,rat=3,primary=CellSignalStrengthWcdma} level=4
11-02 16:17:12.365  4248  4420 D InputReader: Btn_touch(3): value=1 when=76189.334602
11-02 16:17:12.365  4248  4420 I InputReader: Touch event's action is 0x0 (id=3, t=0) [pCnt=1, s=0.6604 ] when=76189.334602
11-02 16:17:12.366  4248  4419 I InputDispatcher: Delivering touch to (23337): action: 0x0, f=0x0, d=0, '33048be', t=1
11-02 16:17:12.367  4584  5028 D NetworkController.MobileSignalController(0/2147483647): getMobileIconGroup(): 0
11-02 16:17:12.369 23337 23337 D ViewRootImpl@9edc19e[GameActivity]: ViewPostIme pointer 0
11-02 16:17:12.381  4248  4420 D InputReader: Btn_touch(3): value=0 when=76189.351260
11-02 16:17:12.381  4248  4420 I InputReader: Touch event's action is 0x1 (id=3, t=0) [pCnt=1, s=] when=76189.351260
11-02 16:17:12.382  4248  4419 I InputDispatcher: Delivering touch to (23337): action: 0x1, f=0x0, d=0, '33048be', t=1
11-02 16:17:12.386 23337 23337 D ViewRootImpl@9edc19e[GameActivity]: ViewPostIme pointer 1
11-02 16:17:12.898  4248  4420 D InputReader: Btn_touch(3): value=1 when=76189.867739
11-02 16:17:12.898  4248  4420 I InputReader: Touch event's action is 0x0 (id=3, t=0) [pCnt=1, s=0.6605 ] when=76189.867739
11-02 16:17:12.898  4248  4419 I InputDispatcher: Delivering touch to (23337): action: 0x0, f=0x0, d=0, '33048be', t=1
11-02 16:17:12.900 23337 23337 D ViewRootImpl@9edc19e[GameActivity]: ViewPostIme pointer 0
11-02 16:17:12.931  4248  4420 D InputReader: Btn_touch(3): value=0 when=76189.901119
11-02 16:17:12.931  4248  4420 I InputReader: Touch event's action is 0x1 (id=3, t=0) [pCnt=1, s=] when=76189.901119
11-02 16:17:12.931  4248  4419 I InputDispatcher: Delivering touch to (23337): action: 0x1, f=0x0, d=0, '33048be', t=1
11-02 16:17:12.932 23337 23337 D ViewRootImpl@9edc19e[GameActivity]: ViewPostIme pointer 1
11-02 16:17:13.631  4248  4420 D InputReader: Btn_touch(3): value=1 when=76190.601235
11-02 16:17:13.631  4248  4420 I InputReader: Touch event's action is 0x0 (id=3, t=0) [pCnt=1, s=0.6606 ] when=76190.601235
11-02 16:17:13.632  4248  4419 I InputDispatcher: Delivering touch to (23337): action: 0x0, f=0x0, d=0, '33048be', t=1
11-02 16:17:13.633 23337 23337 D ViewRootImpl@9edc19e[GameActivity]: ViewPostIme pointer 0
11-02 16:17:13.681  4248  4420 D InputReader: Btn_touch(3): value=0 when=76190.651159
11-02 16:17:13.681  4248  4420 I InputReader: Touch event's action is 0x1 (id=3, t=0) [pCnt=1, s=] when=76190.651159
11-02 16:17:13.681  4248  4419 I InputDispatcher: Delivering touch to (23337): action: 0x1, f=0x0, d=0, '33048be', t=1
11-02 16:17:13.683 23337 23337 D ViewRootImpl@9edc19e[GameActivity]: ViewPostIme pointer 1
11-02 16:17:14.409  5478  5478 D io_stats: !@ 179,0 r 3114649 97474222 w 1108487 28040900 d 92667 27913772 f 147182 414064 iot 2127772 1774370 th 51200 51200 51156 pt 1920 inp 0 0 76191.378
11-02 16:17:15.695  4248  4371 D SensorService: [SO] 0.160 -0.067 9.797
11-02 16:17:17.425 22935 22986 I PlayCommon: [1922] atno.h(22): Preparing logs for uploading
11-02 16:17:17.428 22935 22986 I PlayCommon: [1922] atno.h(132): Connecting to server for timestamp: https://play.googleapis.com/play/log/timestamp
11-02 16:17:17.430 22935 22986 I System.out: (HTTPLog)-Static: isSBSettingEnabled false
11-02 16:17:17.430 22935 22986 I System.out: (HTTPLog)-Static: isSBSettingEnabled false
11-02 16:17:17.433  3753  3967 D EnterpriseController: netId is 0
11-02 16:17:17.433  3753  3967 E Netd    : getNetworkForDns: getNetId from enterpriseCtrl is netid 0
11-02 16:17:17.433  3753  3967 D DnsProxyListener: DNSDBG::dns addrinfo af 0 - 10049
11-02 16:17:17.437  4248  4497 E NetdEventListenerService: handleMessage: { when=0 what=10001 obj=com.android.server.connectivity.NetdEventListenerService$DnsResultParams@bb09b4d target=com.android.server.connectivity.NetdEventListenerService$DnsEventHandler }
11-02 16:17:17.440 22935 22986 E PlayCommon: [1922] atno.h(133): Failed to connect to server for server timestamp: java.net.UnknownHostException: Unable to resolve host "play.googleapis.com": No address associated with hostname
11-02 16:17:17.555 12461 12493 I System.out: (HTTPLog)-Static: isSBSettingEnabled false
11-02 16:17:17.555 12461 12493 I System.out: (HTTPLog)-Static: isSBSettingEnabled false
11-02 16:17:17.558  3753  3967 D EnterpriseController: netId is 0
11-02 16:17:17.558  3753  3967 E Netd    : getNetworkForDns: getNetId from enterpriseCtrl is netid 0
11-02 16:17:17.558  3753  3967 D DnsProxyListener: DNSDBG::dns addrinfo af 0 - 10030
11-02 16:17:17.563 12461 12493 W GetToken: [GetToken]GetToken failed with status code: NetworkError
11-02 16:17:17.564 12461 12493 W GLSActivity: 
11-02 16:17:17.564 12461 12493 W GLSActivity: java.io.IOException: NetworkError
11-02 16:17:17.564 12461 12493 W GLSActivity: 	at fxd.getAuthToken(:com.google.android.gms@203915038@20.39.15 (120406-335085812):26)
11-02 16:17:17.564 12461 12493 W GLSActivity: 	at android.accounts.AbstractAccountAuthenticator$Transport.getAuthToken(AbstractAccountAuthenticator.java:246)
11-02 16:17:17.564 12461 12493 W GLSActivity: 	at android.accounts.IAccountAuthenticator$Stub.onTransact(IAccountAuthenticator.java:282)
11-02 16:17:17.564 12461 12493 W GLSActivity: 	at android.os.Binder.transact(Binder.java:949)
11-02 16:17:17.564 12461 12493 W GLSActivity: 	at cro.onTransact(:com.google.android.gms@203915038@20.39.15 (120406-335085812):2)
11-02 16:17:17.564 12461 12493 W GLSActivity: 	at android.os.Binder.transact(Binder.java:949)
11-02 16:17:17.564 12461 12493 W GLSActivity: 	at aalb.onTransact(:com.google.android.gms@203915038@20.39.15 (120406-335085812):17)
11-02 16:17:17.564 12461 12493 W GLSActivity: 	at android.os.Binder.execTransactInternal(Binder.java:1056)
11-02 16:17:17.564 12461 12493 W GLSActivity: 	at android.os.Binder.execTransact(Binder.java:1029)
11-02 16:17:17.566  4248  4497 E NetdEventListenerService: handleMessage: { when=0 what=10001 obj=com.android.server.connectivity.NetdEventListenerService$DnsResultParams@267ef03 target=com.android.server.connectivity.NetdEventListenerService$DnsEventHandler }
11-02 16:17:17.576 22935 22986 E PlayCommon: [1922] atno.m(5): Failed to get auth token: java.io.IOException: NetworkError
11-02 16:17:17.577 22935 22986 W PlayCommon: [1922] atno.h(224): Deferring log upload because couldn't retrieve auth token
11-02 16:17:17.615 22935 23045 I PlayCommon: [1949] atno.h(22): Preparing logs for uploading
11-02 16:17:17.618 22935 23045 I PlayCommon: [1949] atno.h(132): Connecting to server for timestamp: https://play.googleapis.com/play/log/timestamp
11-02 16:17:17.619 22935 23045 I System.out: (HTTPLog)-Static: isSBSettingEnabled false
11-02 16:17:17.619 22935 23045 I System.out: (HTTPLog)-Static: isSBSettingEnabled false
11-02 16:17:17.620 22935 23045 E PlayCommon: [1949] atno.h(133): Failed to connect to server for server timestamp: java.net.UnknownHostException: Unable to resolve host "play.googleapis.com": No address associated with hostname
11-02 16:17:17.621 22935 23045 W PlayCommon: [1949] atno.m(1): No account for auth token provided
11-02 16:17:17.621 22935 23045 I PlayCommon: [1949] atno.h(166): Connecting to server: https://play.googleapis.com/play/log?format=raw&proto_v2=true
11-02 16:17:17.622 22935 23045 I System.out: (HTTPLog)-Static: isSBSettingEnabled false
11-02 16:17:17.624 22935 23045 I System.out: (HTTPLog)-Static: isSBSettingEnabled false
11-02 16:17:17.626 22935 23045 E PlayCommon: [1949] atno.h(172): Failed to connect to server for log upload.
11-02 16:17:18.049  6241  6549 D SDHMS:com.sec.android.sdhms.thermal.siop.z: SIOP:: AP:362(453,80) BAT:299(299,0) CHG:431(431,0) USB:0(0,0) 
11-02 16:17:18.209 23337 23368 D UE4     : [GameActivity] Used memory: 71913
11-02 16:17:18.536  4248  4284 W ActivityManager: Stopping service due to app idle: u0a243 -59s831ms com.dingtai.snakecamera/cn.jpush.android.service.PushService
11-02 16:17:19.413  5478  5478 D io_stats: !@ 179,0 r 3114652 97474234 w 1108491 28040960 d 92668 27913776 f 147182 414066 iot 2127776 1774375 th 51200 51200 51156 pt 1920 inp 0 0 76196.382
11-02 16:17:22.585  4584  5028 D NetworkController.MobileSignalController(0/2147483647): onSignalStrengthsChanged signalStrength=SignalStrength:{mCdma=Invalid,mGsm=Invalid,mWcdma=CellSignalStrengthWcdma: ss=-89 ber=99 rscp=-83 ecno=0 level=2,mTdscdma=Invalid,mLte=Invalid,mNr=Invalid,SignalBarInfo{ wcdmaLevel=4 },P,rat=3,primary=CellSignalStrengthWcdma} level=4
11-02 16:17:22.586  4584  5028 D NetworkController.MobileSignalController(0/2147483647): getMobileIconGroup(): 0
11-02 16:17:24.418  5478  5478 D io_stats: !@ 179,0 r 3114652 97474234 w 1108506 28041100 d 92672 27913792 f 147182 414070 iot 2127784 1774381 th 51200 51200 51156 pt 1920 inp 0 0 76201.387
11-02 16:17:24.695  4248  4371 D SensorService: [SO] 0.163 -0.060 9.796
11-02 16:17:28.120  6241  6549 D SDHMS:com.sec.android.sdhms.thermal.siop.z: SIOP:: AP:363(452,80) BAT:300(300,0) CHG:432(432,0) USB:0(0,0) 
11-02 16:17:28.248 23337 23368 D UE4     : [GameActivity] Used memory: 71913
11-02 16:17:29.423  5478  5478 D io_stats: !@ 179,0 r 3114652 97474234 w 1108525 28041192 d 92672 27913792 f 147182 414072 iot 2127784 1774383 th 51200 51200 51156 pt 1920 inp 0 0 76206.392
11-02 16:17:33.695  4248  4371 D SensorService: [SO] 0.151 -0.054 9.798
11-02 16:17:34.427  5478  5478 D io_stats: !@ 179,0 r 3114652 97474234 w 1108529 28041232 d 92672 27913792 f 147182 414074 iot 2127784 1774384 th 51200 51200 51156 pt 1920 inp 0 0 76211.396
11-02 16:17:36.616  3794  3794 I SurfaceFlinger: SFWD update time=76213587056216
11-02 16:17:38.184  6241  6549 D SDHMS:com.sec.android.sdhms.thermal.siop.z: SIOP:: AP:364(453,80) BAT:300(300,0) CHG:433(433,0) USB:0(0,0) 
11-02 16:17:38.276 23337 23368 D UE4     : [GameActivity] Used memory: 71913
11-02 16:17:39.430  5478  5478 D io_stats: !@ 179,0 r 3114652 97474234 w 1108534 28041256 d 92672 27913792 f 147182 414074 iot 2127784 1774385 th 51200 51200 51156 pt 1920 inp 0 0 76216.399
11-02 16:17:39.630  4248  4278 E Watchdog: !@Sync 2539 [2020-11-02 16:17:39.630] FD count : 522, wdog_way : softdog
11-02 16:17:42.308  4248  4471 W DeviceStorageMonitorService: updateBroadcasts(/data) oldLevel:0, newLevel:0, seq:1
11-02 16:17:42.310  4248  4471 W DeviceStorageMonitorService: There is no file /sys/fs/f2fs/userdata/sec_fs_stat
11-02 16:17:42.310  4248  4471 W DeviceStorageMonitorService: updateBroadcasts_filenode(/data) fn_oldLevel:0, fn_newLevel:0, seq:1
11-02 16:17:42.695  4248  4371 D SensorService: [SO] 0.145 -0.065 9.801
11-02 16:17:44.198  4248  4374 I UsageStatsService: User[0] Flushing usage stats to disk
11-02 16:17:44.272  4248  4374 E AppIdleHistory: Error writing app idle file for user 0
11-02 16:17:44.433  5478  5478 D io_stats: !@ 179,0 r 3114670 97474306 w 1108554 28041776 d 92677 27913896 f 147182 414088 iot 2127808 1774412 th 51200 51200 51156 pt 1920 inp 0 0 76221.403
11-02 16:17:48.251  6241  6549 D SDHMS:com.sec.android.sdhms.thermal.siop.z: SIOP:: AP:366(454,80) BAT:300(300,0) CHG:433(433,0) USB:0(0,0) 
11-02 16:17:48.331 23337 23368 D UE4     : [GameActivity] Used memory: 71913
11-02 16:17:49.437  5478  5478 D io_stats: !@ 179,0 r 3114670 97474306 w 1108579 28041904 d 92678 27913900 f 147182 414090 iot 2127808 1774417 th 51200 51200 51156 pt 1920 inp 0 0 76226.407
11-02 16:17:50.317  4248  4836 D NtpTrustedTime: currentTimeMillis() cache hit
11-02 16:17:50.333  3753  3968 I netd    : tetherGetStats() <6.90ms>
11-02 16:17:50.348  4248  4836 D NtpTrustedTime: currentTimeMillis() cache hit
11-02 16:17:50.351  4248  4452 D NtpTrustedTime: currentTimeMillis() cache hit
11-02 16:17:50.357  4248  4836 D NtpTrustedTime: currentTimeMillis() cache hit
11-02 16:17:50.370  3753  3968 I netd    : tetherGetStats() <6.39ms>
11-02 16:17:50.385  4248  4836 D NtpTrustedTime: currentTimeMillis() cache hit
11-02 16:17:50.390  4248  4452 D NtpTrustedTime: currentTimeMillis() cache hit
11-02 16:17:51.695  4248  4371 D SensorService: [SO] 0.153 -0.057 9.795
11-02 16:17:53.320  4584  5028 D NetworkController.MobileSignalController(0/2147483647): onSignalStrengthsChanged signalStrength=SignalStrength:{mCdma=Invalid,mGsm=Invalid,mWcdma=CellSignalStrengthWcdma: ss=-87 ber=99 rscp=-81 ecno=0 level=3,mTdscdma=Invalid,mLte=Invalid,mNr=Invalid,SignalBarInfo{ wcdmaLevel=4 },P,rat=3,primary=CellSignalStrengthWcdma} level=4
11-02 16:17:53.322  4584  5028 D NetworkController.MobileSignalController(0/2147483647): getMobileIconGroup(): 0
11-02 16:17:54.217  4248  4402 D SamsungAlarmManager: Expired : 8
11-02 16:17:54.217  4248  4402 V SamsungAlarmManager: Sending to uid : 1000 listener=android.app.AlarmManager$ListenerWrapper@b21c42d alarm=Alarm{ef46d62 type 3 when 780285938 android}
11-02 16:17:54.218  4248  4756 D SLocation: SP is not support Q OS upgrade model!
11-02 16:17:54.219  4248  4402 I SamsungAlarmManager: setLocked to kernel - T:2 / 20201102T162113, SetElapsed=780485520, nowELAPSED=780285940
11-02 16:17:54.220  4248  4402 I SamsungAlarmManager: setLocked to kernel - T:3 / 20201102T161800, SetElapsed=780291721, nowELAPSED=780285941
11-02 16:17:54.221  4248  4756 D SamsungAlarmManager: setExact Listener (T:3/F:9/AC:false) 20201102T161854 - CU:1000/CP:4248
11-02 16:17:54.221  4248  4756 I SamsungAlarmManager: setLocked to kernel - T:2 / 20201102T162113, SetElapsed=780485520, nowELAPSED=780285942
11-02 16:17:54.221  4248  4756 I SamsungAlarmManager: setLocked to kernel - T:3 / 20201102T161800, SetElapsed=780291721, nowELAPSED=780285942
11-02 16:17:54.442  5478  5478 D io_stats: !@ 179,0 r 3114670 97474306 w 1108587 28041996 d 92680 27913908 f 147182 414094 iot 2127808 1774420 th 51200 51200 51156 pt 1920 inp 0 0 76231.411
11-02 16:17:58.323  6241  6549 D SDHMS:com.sec.android.sdhms.thermal.siop.z: SIOP:: AP:367(454,80) BAT:300(300,0) CHG:434(434,0) USB:0(0,0) 
11-02 16:17:58.384 23337 23368 D UE4     : [GameActivity] Used memory: 71913
11-02 16:17:58.438  4584  5028 D NetworkController.MobileSignalController(0/2147483647): onSignalStrengthsChanged signalStrength=SignalStrength:{mCdma=Invalid,mGsm=Invalid,mWcdma=CellSignalStrengthWcdma: ss=-85 ber=99 rscp=-80 ecno=0 level=3,mTdscdma=Invalid,mLte=Invalid,mNr=Invalid,SignalBarInfo{ wcdmaLevel=4 },P,rat=3,primary=CellSignalStrengthWcdma} level=4
11-02 16:17:58.439  4584  5028 D NetworkController.MobileSignalController(0/2147483647): getMobileIconGroup(): 0
11-02 16:17:59.445  5478  5478 D io_stats: !@ 179,0 r 3114670 97474306 w 1108601 28042068 d 92680 27913908 f 147182 414096 iot 2127808 1774422 th 51200 51200 51156 pt 1920 inp 0 0 76236.415
11-02 16:18:00.000  4248  4402 D SamsungAlarmManager: Expired : 8
11-02 16:18:00.000  4248  4402 V SamsungAlarmManager: Sending to uid : 1000 listener=com.android.server.AlarmManagerService$2@61b1237 alarm=Alarm{3329ef3 type 3 when 780291721 android}
11-02 16:18:00.002  4248  4402 D SamsungAlarmManager: setExact Listener (T:3/F:1/AC:false) 20201102T161900 - CU:1000/CP:4248
11-02 16:18:00.002  4248  4402 I SamsungAlarmManager: setLocked to kernel - T:2 / 20201102T162113, SetElapsed=780485520, nowELAPSED=780291723
11-02 16:18:00.002  4248  4402 I SamsungAlarmManager: setLocked to kernel - T:3 / 20201102T161854, SetElapsed=780345939, nowELAPSED=780291723
11-02 16:18:00.002  4584  4584 D KeyguardUpdateMonitor: received broadcast android.intent.action.TIME_TICK
11-02 16:18:00.002  4584  4584 D KeyguardUpdateMonitor: handleTimeUpdate
11-02 16:18:00.005  4584  4584 D QSClockBellTower: He is ready to ring the bell. (((timeText:16:18, skipUpdateForDemo:false, dateText:pon., 2 listopada, shortenDateText = pon., 2 lis)))
11-02 16:18:00.005  4248  4402 V SamsungAlarmManager: Sending to uid : 10084 listener=android.os.BinderProxy@cfb6baa alarm=Alarm{bede7b0 type 1 when 1604330280000 com.sec.android.app.launcher}
11-02 16:18:00.006  4584  4584 D QSClock : status_bar_clock notifyTimeChanged(currentTime:16:18) mClockVisibleByPolicy:true, mClockVisibleByUser:true, visible?true, parent:android.widget.LinearLayout{d158368 V.E...... ......ID 0,0-66,48 #7f0a0381 app:id/left_clock_container}
11-02 16:18:00.006  5015  5015 D LiveIconUpdateEventHandler: onMinuteChanged
11-02 16:18:00.006  5015  5015 D LiveIconUpdateEventHandler: setMinuteChangeAlarm
11-02 16:18:00.006  4584  4584 D QSClockBellTower: Everyone heard the bell. run(currentTime:1604330280004,   getTime():Mon Nov 02 16:18:00 GMT+01:00 2020,   getTimeZone():libcore.util.ZoneInfo[id="Europe/Warsaw",mRawOffset=3600000,mEarliestRawOffset=5040000,mUseDst=true,mDstSavings=3600000,transitions=167])
11-02 16:18:00.010  4248  4402 I SamsungAlarmManager: setLocked to kernel - T:2 / 20201102T162113, SetElapsed=780485520, nowELAPSED=780291731
11-02 16:18:00.010  4248  4402 I SamsungAlarmManager: setLocked to kernel - T:3 / 20201102T161854, SetElapsed=780345939, nowELAPSED=780291731
11-02 16:18:00.014  4248  4836 D SamsungAlarmManager: setInexact Listener (T:1/F:0/AC:false) 20201102T161900 - CU:10084/CP:5015
11-02 16:18:00.014  4248  4836 I SamsungAlarmManager: setLocked to kernel - T:2 / 20201102T162113, SetElapsed=780485520, nowELAPSED=780291735
11-02 16:18:00.015  4248  4836 I SamsungAlarmManager: setLocked to kernel - T:3 / 20201102T161854, SetElapsed=780345939, nowELAPSED=780291736
11-02 16:18:00.023  4584  4584 D QSContainerImpl: getDisplayHeight portrait? false  displayHeight= 720
11-02 16:18:00.695  4248  4371 D SensorService: [SO] 0.152 -0.071 9.789
11-02 16:18:04.449  5478  5478 D io_stats: !@ 179,0 r 3114681 97474710 w 1108602 28042072 d 92680 27913908 f 147182 414096 iot 2127812 1774427 th 51200 51200 51156 pt 1920 inp 0 0 76241.419
11-02 16:18:06.616  3794  3794 I SurfaceFlinger: SFWD update time=76243587294887
11-02 16:18:06.745  6241  6259 W System  : A resource failed to call close. 
11-02 16:18:06.747  6241  6259 I chatty  : uid=1000(system) FinalizerDaemon identical 2 lines
11-02 16:18:06.748  6241  6259 W System  : A resource failed to call close. 
11-02 16:18:08.391  6241  6549 D SDHMS:com.sec.android.sdhms.thermal.siop.z: SIOP:: AP:368(455,80) BAT:300(300,0) CHG:435(435,0) USB:0(0,0) 
11-02 16:18:08.439 23337 23368 D UE4     : [GameActivity] Used memory: 71913
11-02 16:18:08.896  4248  4420 D InputReader: Btn_touch(3): value=1 when=76245.865648
11-02 16:18:08.896  4248  4420 I InputReader: Touch event's action is 0x0 (id=3, t=0) [pCnt=1, s=0.6607 ] when=76245.865648
11-02 16:18:08.896  4248  4419 I InputDispatcher: Delivering touch to (23337): action: 0x0, f=0x0, d=0, '33048be', t=1
11-02 16:18:08.900 23337 23337 D ViewRootImpl@9edc19e[GameActivity]: ViewPostIme pointer 0
11-02 16:18:08.913  4248  4420 D InputReader: Btn_touch(3): value=0 when=76245.882543
11-02 16:18:08.913  4248  4420 I InputReader: Touch event's action is 0x1 (id=3, t=0) [pCnt=1, s=] when=76245.882543
11-02 16:18:08.913  4248  4419 I InputDispatcher: Delivering touch to (23337): action: 0x1, f=0x0, d=0, '33048be', t=1
11-02 16:18:08.916 23337 23337 D ViewRootImpl@9edc19e[GameActivity]: ViewPostIme pointer 1
11-02 16:18:09.452  5478  5478 D io_stats: !@ 179,0 r 3114681 97474710 w 1108606 28042096 d 92680 27913908 f 147182 414098 iot 2127812 1774428 th 51200 51200 51156 pt 1920 inp 0 0 76246.422
11-02 16:18:09.578  4248  4420 D InputReader: Btn_touch(3): value=1 when=76246.548575
11-02 16:18:09.579  4248  4420 I InputReader: Touch event's action is 0x0 (id=3, t=0) [pCnt=1, s=0.6608 ] when=76246.548575
11-02 16:18:09.579  4248  4419 I InputDispatcher: Delivering touch to (23337): action: 0x0, f=0x0, d=0, '33048be', t=1
11-02 16:18:09.581 23337 23337 D ViewRootImpl@9edc19e[GameActivity]: ViewPostIme pointer 0
11-02 16:18:09.633  4248  4278 E Watchdog: !@Sync 2540 [2020-11-02 16:18:09.633] FD count : 522, wdog_way : softdog
11-02 16:18:09.695  4248  4371 D SensorService: [SO] 0.172 -0.067 9.908
11-02 16:18:09.729  4248  4420 D InputReader: Btn_touch(3): value=0 when=76246.698857
11-02 16:18:09.729  4248  4420 I InputReader: Touch event's action is 0x1 (id=3, t=0) [pCnt=1, s=] when=76246.698857
11-02 16:18:09.729  4248  4419 I InputDispatcher: Delivering touch to (23337): action: 0x1, f=0x0, d=0, '33048be', t=1
11-02 16:18:09.731 23337 23337 D ViewRootImpl@9edc19e[GameActivity]: ViewPostIme pointer 1
11-02 16:18:09.733  4248  4248 D GameManagerService: identifyGamePackage. wfa.issp.TowerCommand, mCurrentUserId: 0, callerUserId: 0
11-02 16:18:09.733  4248  4248 D GamePkgDataHelper: getGamePkgData(). wfa.issp.TowerCommand
11-02 16:18:09.733  4248  4248 D CustomFrequencyManagerService: acquireDVFSLockLocked : type : DVFS_MIN_LIMIT  frequency : 936000  uid : 1000  pid : 4248  pkgName : GESTURE_DETECTED@CPU_MIN@54
11-02 16:18:10.095  4248  4420 D InputReader: Btn_touch(3): value=1 when=76247.065350
11-02 16:18:10.095  4248  4420 I InputReader: Touch event's action is 0x0 (id=3, t=0) [pCnt=1, s=0.6609 ] when=76247.065350
11-02 16:18:10.096  4248  4419 I InputDispatcher: Delivering touch to (23337): action: 0x0, f=0x0, d=0, '33048be', t=1
11-02 16:18:10.097 23337 23337 D ViewRootImpl@9edc19e[GameActivity]: ViewPostIme pointer 0
11-02 16:18:10.212  4248  4420 D InputReader: Btn_touch(3): value=0 when=76247.182051
11-02 16:18:10.212  4248  4420 I InputReader: Touch event's action is 0x1 (id=3, t=0) [pCnt=1, s=] when=76247.182051
11-02 16:18:10.212  4248  4419 I InputDispatcher: Delivering touch to (23337): action: 0x1, f=0x0, d=0, '33048be', t=1
11-02 16:18:10.214 23337 23337 D ViewRootImpl@9edc19e[GameActivity]: ViewPostIme pointer 1
11-02 16:18:10.247  5349  6683 D ContactsProvider_EventLog: contents_sample_state: [CONTACT contacts(187) data(741) accounts({com.google (3)=1, vnd.sec.contact.phone (1)=371, com.osp.app.signin (8)=1}) accounts deleted({}) in_trash(in_trash(0), in_trash_for_sync(0)) calls([logtype:100 cnt:128, logtype:200 cnt:38, logtype:300 cnt:362, logtype:1000 cnt:909]) countryIso(PL) userId(0)  ]

11-02 16:18:10.247  5349  6683 D ContactsProvider_EventLog: contents_sample_state: [ agr({[8]=1, [1 ,1]=184, [1]=1, [3 ,1 ,1]=1})  ]

11-02 16:18:10.247  5349  6683 D ContactsProvider_EventLog: contents_sample_state: [ actCnt({android.process.acore(5349)=1})  ]

11-02 16:18:10.247  5349  6683 D ContactsProvider_EventLog: contents_sample_state: [PROFILE contacts(0) data(0) accounts({})  ] [SAPROFILE contacts(1) data(3) accounts({vnd.sec.contact.phone (1)=1})  ]

11-02 16:18:10.247  5349  6683 D ContactsProvider_EventLog: contents_sample_state: [STORAGE Contacts(CE) Profile(CE) SAProfile(CE) CallLog(CE)  ]
11-02 16:18:10.344  4248  4248 D CustomFrequencyManagerService: releaseDVFSLockLocked : Getting Lock type frm List : DVFS_MIN_LIMIT  frequency : 936000  uid : 1000  pid : 4248  tag : GESTURE_DETECTED@CPU_MIN@54
11-02 16:18:10.679  4248  4420 D InputReader: Btn_touch(3): value=1 when=76247.648546
11-02 16:18:10.679  4248  4420 I InputReader: Touch event's action is 0x0 (id=3, t=0) [pCnt=1, s=0.6610 ] when=76247.648546
11-02 16:18:10.679  4248  4419 I InputDispatcher: Delivering touch to (23337): action: 0x0, f=0x0, d=0, '33048be', t=1
11-02 16:18:10.680  4248  4419 D PowerManagerService: [api] userActivityFromNative : 250 (event: 2 flags: 0) eventTime = 76247648
11-02 16:18:10.681 23337 23337 D ViewRootImpl@9edc19e[GameActivity]: ViewPostIme pointer 0
11-02 16:18:10.730  4248  4273 D WindowManager: setSystemUiVisibility: displayId=0, vis=0x3c00971e, fullVis=0x0, dockVis=0x0, win=Window{33048be u0 wfa.issp.TowerCommand/com.epicgames.ue4.GameActivity}
11-02 16:18:10.731  4584  4584 D LightBarController: onSystemUiVisibilityChanged fullVis=0 mask=ffffffff oldFullVal=0 newFullVal=0 fullDiff=0 mFullscreenLight=false isLight(Full)=false  mLastStatusBarMode=4 newBarMode=1 
11-02 16:18:10.732  4584  4584 V NavBarStoreImpl: handleEvent [EventType] ON_NAVBAR_MODE_CHANGED [Module] NavigationBarFragment  KEYS_NAVBAR_MODE=1
11-02 16:18:10.732  4248  4836 D WindowManager: adjustSystemUiVisibilityLw: displayId=0, vis=0xc00971e, resetVis=0x0, clearVis=0x0
11-02 16:18:10.732  4584  4584 V NavBarStoreImpl: --[Band]REMOTE_VIEW_PACK_INVALIDATE_NAVBAR_REMOTEVIEW
11-02 16:18:10.732  4584  4584 V NavBarStoreImpl: ----isEnabled(NAVBAR_GESTURAL_MODE)=false
11-02 16:18:10.732  4584  4584 D LightBarController: onNavigationVisibilityChanged : vis = 3c00971e, nbModeChanged = true navigationBarMode = 1, navbarColorManagedByIme = false
11-02 16:18:10.733  4248  4836 I WindowManager: Reparenting to leash, surface=Surface(name=ca4c556 StatusBar)/@0xbb30fa6
11-02 16:18:10.734  3794  4224 I SurfaceFlinger: createSurf start. lock debugging [Surface(name=ca4c556 StatusBar)/@0xbb30fa6 - animation-leash]
11-02 16:18:10.735  3794  4224 I SurfaceFlinger: id=12986 createSurf (0x0),-1 flag=80004, Surface(name=ca4c556 StatusBar)/@0xbb30fa6 - animation-leash#0
11-02 16:18:10.736  4248  4836 D WindowManager: makeSurface duration=3 leash=Surface(name=Surface(name=ca4c556 StatusBar)/@0xbb30fa6 - animation-leash)/@0x18246ba
11-02 16:18:10.737  4248  4836 I WindowManager: Reparenting to leash, surface=Surface(name=59da3f7 NavigationBar0)/@0xd47e7e0
11-02 16:18:10.738  3794  5682 I SurfaceFlinger: createSurf start. lock debugging [Surface(name=59da3f7 NavigationBar0)/@0xd47e7e0 - animation-leash]
11-02 16:18:10.739  3794  5682 I SurfaceFlinger: id=12987 createSurf (0x0),-1 flag=80004, Surface(name=59da3f7 NavigationBar0)/@0xd47e7e0 - animation-leash#0
11-02 16:18:10.740  4248  4836 D WindowManager: makeSurface duration=2 leash=Surface(name=Surface(name=59da3f7 NavigationBar0)/@0xd47e7e0 - animation-leash)/@0x68afcc8
11-02 16:18:10.741  4248  4836 D InputManager-JNI: setSystemUiVisibility dexmode: false changed: true displayid: 0 visibility: 0xc00971e DD: 0xc00971e OD: 0x0
11-02 16:18:10.748  4248  4273 D WindowManager: setSystemUiVisibility: displayId=0, vis=0xc00971e, fullVis=0x0, dockVis=0x0, win=Window{33048be u0 wfa.issp.TowerCommand/com.epicgames.ue4.GameActivity}
11-02 16:18:10.749  4584  4584 D LightBarController: onNavigationVisibilityChanged : vis = c00971e, nbModeChanged = false navigationBarMode = 1, navbarColorManagedByIme = false
11-02 16:18:10.750  4584  4584 V NavBarStoreImpl: handleEvent [EventType] ON_NAVBAR_WINDOW_STATE_CHANGED [Module] NavigationBarFragment  KEYS_NAVBAR_WINDOW_STATE=0
11-02 16:18:10.750  4584  4584 V NavBarStoreImpl: --[Band]GESTURE_PACK_HIDE_GESTURE_INTERCEPT_WINDOW
11-02 16:18:10.750  4584  4584 V NavBarStoreImpl: ----isEnabled(GESTURE_INTERCEPT_WINDOW_ATTACHED)=false
11-02 16:18:10.760  4584  4584 D LightBarController: onNavigationVisibilityChanged : vis = c00971e, nbModeChanged = false navigationBarMode = 1, navbarColorManagedByIme = false
11-02 16:18:10.779  4248  4420 D InputReader: Btn_touch(3): value=0 when=76247.748779
11-02 16:18:10.779  4248  4420 I InputReader: Touch event's action is 0x1 (id=3, t=0) [pCnt=1, s=] when=76247.748779
11-02 16:18:10.779  4248  4419 I InputDispatcher: Delivering touch to (23337): action: 0x1, f=0x0, d=0, '33048be', t=1
11-02 16:18:10.779  3794  3794 I SurfaceFlinger: Display 0 HWC layers:
11-02 16:18:10.779  3794  3794 I SurfaceFlinger:     type    |    handle    | flag |  format   |   source crop (l,t,r,b)    |         frame       | name 
11-02 16:18:10.779  3794  3794 I SurfaceFlinger: ------------+--------------+------+-----------+----------------------------+---------------------+------
11-02 16:18:10.779  3794  3794 I SurfaceFlinger:  SOLID_COLOR |              | 0000 |  Unknown  |   0.0    0.0    0.0    0.0 |    0    0  720   58 | Letterbox - left#1
11-02 16:18:10.779  3794  3794 I SurfaceFlinger:      DEVICE | 0x7ad2cd4f00 | 0002 | RGBx_8888 |   0.0    0.0  720.0 1496.0 |    0   58  720 1560 | SurfaceView - wfa.issp.TowerCommand/[...]icgames.ue4.GameActivity@96dc47f@0#0
11-02 16:18:10.779  3794  3794 I SurfaceFlinger:      DEVICE | 0x7ad6846700 | 0000 | RGBA_8888 |   0.0    0.0  720.0 1502.0 |    0   58  720 1560 | wfa.issp.TowerCommand/com.epicgames.ue4.GameActivity$_23337#1
11-02 16:18:10.779  3794  3794 I SurfaceFlinger:      DEVICE | 0x7ab4256280 | 0000 | RGBA_8888 |   0.0    0.0    9.0 1560.0 |  710    0  720 1560 | StatusBar$_4584#0
11-02 16:18:10.779  3794  3794 I SurfaceFlinger: 
11-02 16:18:10.781 23337 23337 D ViewRootImpl@9edc19e[GameActivity]: ViewPostIme pointer 1
11-02 16:18:10.783  4248  4248 D GameManagerService: identifyGamePackage. wfa.issp.TowerCommand, mCurrentUserId: 0, callerUserId: 0
11-02 16:18:10.783  4248  4248 D GamePkgDataHelper: getGamePkgData(). wfa.issp.TowerCommand
11-02 16:18:10.783  4248  4248 D CustomFrequencyManagerService: acquireDVFSLockLocked : type : DVFS_MIN_LIMIT  frequency : 936000  uid : 1000  pid : 4248  pkgName : GESTURE_DETECTED@CPU_MIN@54
11-02 16:18:10.795  3794  3794 I SurfaceFlinger: Display 0 HWC layers:
11-02 16:18:10.795  3794  3794 I SurfaceFlinger:     type    |    handle    | flag |  format   |   source crop (l,t,r,b)    |         frame       | name 
11-02 16:18:10.795  3794  3794 I SurfaceFlinger: ------------+--------------+------+-----------+----------------------------+---------------------+------
11-02 16:18:10.795  3794  3794 I SurfaceFlinger:  SOLID_COLOR |              | 0000 |  Unknown  |   0.0    0.0    0.0    0.0 |    0    0  720   58 | Letterbox - left#1
11-02 16:18:10.795  3794  3794 I SurfaceFlinger:      DEVICE | 0x7ad6847ec0 | 0002 | RGBx_8888 |   0.0    0.0  720.0 1496.0 |    0   58  720 1560 | SurfaceView - wfa.issp.TowerCommand/[...]icgames.ue4.GameActivity@96dc47f@0#0
11-02 16:18:10.795  3794  3794 I SurfaceFlinger:      DEVICE | 0x7ad6846700 | 0000 | RGBA_8888 |   0.0    0.0  720.0 1502.0 |    0   58  720 1560 | wfa.issp.TowerCommand/com.epicgames.ue4.GameActivity$_23337#1
11-02 16:18:10.795  3794  3794 I SurfaceFlinger:      DEVICE | 0x7ab4256280 | 0000 | RGBA_8888 |   0.0    0.0   17.0 1560.0 |  703    0  720 1560 | StatusBar$_4584#0
11-02 16:18:10.795  3794  3794 I SurfaceFlinger:      DEVICE | 0x7ad2cd6940 | 0000 | RGBA_8888 |   0.0    0.0  720.0   17.0 |    0 1542  720 1560 | NavigationBar0$_4584#0
11-02 16:18:10.795  3794  3794 I SurfaceFlinger: 
11-02 16:18:10.988  4248  4276 I WindowManager: Reparenting to original parent: Surface(name=WindowToken{9c57371 android.os.BinderProxy@6d38fb})/@0x903e830, destroyLeash=true, surface=Surface(name=ca4c556 StatusBar)/@0xbb30fa6
11-02 16:18:10.991  3794  4224 I Layer   : id=12986 removeFromCurrentState Surface(name=ca4c556 StatusBar)/@0xbb30fa6 - animation-leash#0 (53)
11-02 16:18:10.993  3794  4224 I SurfaceFlinger: id=12986 Removed Surface(name=ca4c556 StatusBar)/@0xbb30fa6 - animation-leash#0 (53)
11-02 16:18:11.004  3794  3794 I Layer   : id=12986[1] Destroyed Surface(name=ca4c556 StatusBar)/@0xbb30fa6 - animation-leash#0
11-02 16:18:11.005  4248  4276 I WindowManager: Reparenting to original parent: Surface(name=WindowToken{8ac13f6 android.os.BinderProxy@174b2b8})/@0xf08ea28, destroyLeash=true, surface=Surface(name=59da3f7 NavigationBar0)/@0xd47e7e0
11-02 16:18:11.022  3794  3858 I Layer   : id=12987 removeFromCurrentState Surface(name=59da3f7 NavigationBar0)/@0xd47e7e0 - animation-leash#0 (52)
11-02 16:18:11.023  3794  3858 I SurfaceFlinger: id=12987 Removed Surface(name=59da3f7 NavigationBar0)/@0xd47e7e0 - animation-leash#0 (52)
11-02 16:18:11.037  3794  3794 I Layer   : id=12987[1] Destroyed Surface(name=59da3f7 NavigationBar0)/@0xd47e7e0 - animation-leash#0
11-02 16:18:11.362  4248  4420 D InputReader: Btn_touch(3): value=1 when=76248.331860
11-02 16:18:11.362  4248  4420 I InputReader: Touch event's action is 0x0 (id=3, t=0) [pCnt=1, s=0.6611 ] when=76248.331860
11-02 16:18:11.362  4248  4419 I InputDispatcher: Delivering touch to (4584): action: 0x0, f=0x0, d=0, '59da3f7', t=1
11-02 16:18:11.362  4584  4584 D ViewRootImpl@18a81aa[NavigationBar0]: ViewPostIme pointer 0
11-02 16:18:11.364  4584  5391 I KeyButtonView: injectInputEvent - 187
11-02 16:18:11.364  4248  4803 D InputDispatcher: Inject key (4584): action=0, f=0x48, time=76248333000000
11-02 16:18:11.366  4248  4803 D WindowManager: interceptKeyTq s_result=1
