11-02 16:13:58.584 23337 23366 D UE4     : [2020.11.02-15.13.58:584][  0]LogRHI:   GL_EXT_texture_sRGB_decode
11-02 16:13:58.584 23337 23366 D UE4     : [2020.11.02-15.13.58:584][  0]LogRHI:   GL_EXT_texture_sRGB_R8
11-02 16:13:58.584 23337 23366 D UE4     : [2020.11.02-15.13.58:584][  0]LogRHI:   GL_EXT_texture_sRGB_RG8
11-02 16:13:58.584 23337 23366 D UE4     : [2020.11.02-15.13.58:584][  0]LogRHI:   GL_KHR_blend_equation_advanced
11-02 16:13:58.584 23337 23366 D UE4     : [2020.11.02-15.13.58:584][  0]LogRHI:   GL_KHR_blend_equation_advanced_coherent
11-02 16:13:58.584 23337 23366 D UE4     : [2020.11.02-15.13.58:584][  0]LogRHI:   GL_OES_texture_storage_multisample_2d_array
11-02 16:13:58.584 23337 23366 D UE4     : [2020.11.02-15.13.58:584][  0]LogRHI:   GL_OES_shader_image_atomic
11-02 16:13:58.584 23337 23366 D UE4     : [2020.11.02-15.13.58:584][  0]LogRHI:   GL_EXT_robustness
11-02 16:13:58.584 23337 23366 D UE4     : [2020.11.02-15.13.58:584][  0]LogRHI:   GL_EXT_draw_buffers_indexed
11-02 16:13:58.584 23337 23366 D UE4     : [2020.11.02-15.13.58:584][  0]LogRHI:   GL_OES_draw_buffers_indexed
11-02 16:13:58.584 23337 23366 D UE4     : [2020.11.02-15.13.58:584][  0]LogRHI:   GL_EXT_texture_border_clamp
11-02 16:13:58.585 23337 23366 D UE4     : [2020.11.02-15.13.58:584][  0]LogRHI:   GL_OES_texture_border_clamp
11-02 16:13:58.585 23337 23366 D UE4     : [2020.11.02-15.13.58:585][  0]LogRHI:   GL_EXT_texture_cube_map_array
11-02 16:13:58.585 23337 23366 D UE4     : [2020.11.02-15.13.58:585][  0]LogRHI:   GL_OES_texture_cube_map_array
11-02 16:13:58.585 23337 23366 D UE4     : [2020.11.02-15.13.58:585][  0]LogRHI:   GL_OES_sample_variables
11-02 16:13:58.585 23337 23366 D UE4     : [2020.11.02-15.13.58:585][  0]LogRHI:   GL_OES_sample_shading
11-02 16:13:58.585 23337 23366 D UE4     : [2020.11.02-15.13.58:585][  0]LogRHI:   GL_OES_shader_multisample_interpolation
11-02 16:13:58.585 23337 23366 D UE4     : [2020.11.02-15.13.58:585][  0]LogRHI:   GL_EXT_shader_io_blocks
11-02 16:13:58.585 23337 23366 D UE4     : [2020.11.02-15.13.58:585][  0]LogRHI:   GL_OES_shader_io_blocks
11-02 16:13:58.585 23337 23366 D UE4     : [2020.11.02-15.13.58:585][  0]LogRHI:   GL_EXT_tessellation_shader
11-02 16:13:58.585 23337 23366 D UE4     : [2020.11.02-15.13.58:585][  0]LogRHI:   GL_OES_tessellation_shader
11-02 16:13:58.585 23337 23366 D UE4     : [2020.11.02-15.13.58:585][  0]LogRHI:   GL_EXT_primitive_bounding_box
11-02 16:13:58.585 23337 23366 D UE4     : [2020.11.02-15.13.58:585][  0]LogRHI:   GL_OES_primitive_bounding_box
11-02 16:13:58.585 23337 23366 D UE4     : [2020.11.02-15.13.58:585][  0]LogRHI:   GL_EXT_geometry_shader
11-02 16:13:58.585 23337 23366 D UE4     : [2020.11.02-15.13.58:585][  0]LogRHI:   GL_OES_geometry_shader
11-02 16:13:58.585 23337 23366 D UE4     : [2020.11.02-15.13.58:585][  0]LogRHI:   GL_ANDROID_extension_pack_es31a
11-02 16:13:58.585 23337 23366 D UE4     : [2020.11.02-15.13.58:585][  0]LogRHI:   GL_EXT_gpu_shader5
11-02 16:13:58.585 23337 23366 D UE4     : [2020.11.02-15.13.58:585][  0]LogRHI:   GL_OES_gpu_shader5
11-02 16:13:58.585 23337 23366 D UE4     : [2020.11.02-15.13.58:585][  0]LogRHI:   GL_EXT_texture_buffer
11-02 16:13:58.586 23337 23366 D UE4     : [2020.11.02-15.13.58:586][  0]LogRHI:   GL_OES_texture_buffer
11-02 16:13:58.586 23337 23366 D UE4     : [2020.11.02-15.13.58:586][  0]LogRHI:   GL_EXT_copy_image
11-02 16:13:58.586 23337 23366 D UE4     : [2020.11.02-15.13.58:586][  0]LogRHI:   GL_OES_copy_image
11-02 16:13:58.586 23337 23366 D UE4     : [2020.11.02-15.13.58:586][  0]LogRHI:   GL_EXT_shader_non_constant_global_initializers
11-02 16:13:58.586 23337 23366 D UE4     : [2020.11.02-15.13.58:586][  0]LogRHI:   GL_EXT_color_buffer_half_float
11-02 16:13:58.586 23337 23366 D UE4     : [2020.11.02-15.13.58:586][  0]LogRHI:   GL_EXT_color_buffer_float
11-02 16:13:58.586 23337 23366 D UE4     : [2020.11.02-15.13.58:586][  0]LogRHI:   GL_EXT_YUV_target
11-02 16:13:58.586 23337 23366 D UE4     : [2020.11.02-15.13.58:586][  0]LogRHI:   GL_OVR_multiview
11-02 16:13:58.586 23337 23366 D UE4     : [2020.11.02-15.13.58:586][  0]LogRHI:   GL_OVR_multiview2
11-02 16:13:58.586 23337 23366 D UE4     : [2020.11.02-15.13.58:586][  0]LogRHI:   GL_OVR_multiview_multisampled_render_to_texture
11-02 16:13:58.586 23337 23366 D UE4     : [2020.11.02-15.13.58:586][  0]LogRHI:   GL_KHR_robustness
11-02 16:13:58.586 23337 23366 D UE4     : [2020.11.02-15.13.58:586][  0]LogRHI:   GL_KHR_robust_buffer_access_behavior
11-02 16:13:58.586 23337 23366 D UE4     : [2020.11.02-15.13.58:586][  0]LogRHI:   GL_EXT_draw_elements_base_vertex
11-02 16:13:58.586 23337 23366 D UE4     : [2020.11.02-15.13.58:586][  0]LogRHI:   GL_OES_draw_elements_base_vertex
11-02 16:13:58.586 23337 23366 D UE4     : [2020.11.02-15.13.58:586][  0]LogRHI:   GL_EXT_protected_textures
11-02 16:13:58.586 23337 23366 D UE4     : [2020.11.02-15.13.58:586][  0]LogRHI:   GL_EXT_buffer_storage
11-02 16:13:58.586 23337 23366 D UE4     : [2020.11.02-15.13.58:586][  0]LogRHI:   GL_EXT_external_buffer
11-02 16:13:58.586 23337 23366 D UE4     : [2020.11.02-15.13.58:586][  0]LogRHI:   GL_EXT_EGL_image_array
11-02 16:13:58.587 23337 23366 D UE4     : [2020.11.02-15.13.58:587][  0]LogRHI:   GL_MAX_VERTEX_ATTRIBS: 16
11-02 16:13:58.587 23337 23366 D UE4     : [2020.11.02-15.13.58:587][  0]LogRHI:   GL_MAX_VARYING_VECTORS: 15
11-02 16:13:58.587 23337 23366 D UE4     : [2020.11.02-15.13.58:587][  0]LogRHI:   GL_MAX_VERTEX_UNIFORM_VECTORS: 1024
11-02 16:13:58.587 23337 23366 D UE4     : [2020.11.02-15.13.58:587][  0]LogRHI:   GL_MAX_FRAGMENT_UNIFORM_VECTORS: 1024
11-02 16:13:58.587 23337 23366 D UE4     : [2020.11.02-15.13.58:587][  0]LogRHI:   GL_TEXTURE_BUFFER_OFFSET_ALIGNMENT: 64
11-02 16:13:58.587 23337 23366 D UE4     : [2020.11.02-15.13.58:587][  0]LogRHI: Fragment shader lowp precision: 10
11-02 16:13:58.587 23337 23366 D UE4     : [2020.11.02-15.13.58:587][  0]LogRHI: Fragment shader mediump precision: 10
11-02 16:13:58.588 23337 23366 D UE4     : [2020.11.02-15.13.58:588][  0]LogRHI: Fragment shader highp precision: 23
11-02 16:13:58.589 23337 23366 D UE4     : [2020.11.02-15.13.58:589][  0]LogRHI: Support for 16x MSAA detected
11-02 16:13:58.589 23337 23366 D UE4     : [2020.11.02-15.13.58:589][  0]LogRHI:   GL_MAX_COMBINED_IMAGE_UNIFORMS: 8
11-02 16:13:58.589 23337 23366 D UE4     : [2020.11.02-15.13.58:589][  0]LogRHI:   GL_MAX_COMPUTE_IMAGE_UNIFORMS: 8
11-02 16:13:58.589 23337 23366 D UE4     : [2020.11.02-15.13.58:589][  0]LogRHI:   GL_MAX_FRAGMENT_IMAGE_UNIFORMS: 8
11-02 16:13:58.592 23337 23366 D UE4     : [2020.11.02-15.13.58:592][  0]LogRHI: Device supports mobile multi-view.
11-02 16:13:58.594 23337 23366 D UE4     : [2020.11.02-15.13.58:594][  0]LogRHI: Image external enabled: ImageExternalESSL300
11-02 16:13:58.594 23337 23366 D UE4     : [2020.11.02-15.13.58:594][  0]LogRHI:   GL_MAX_TEXTURE_SIZE: 8192
11-02 16:13:58.594 23337 23366 D UE4     : [2020.11.02-15.13.58:594][  0]LogRHI:   GL_MAX_TEXTURE_BUFFER_SIZE: 65536
11-02 16:13:58.594 23337 23366 D UE4     : [2020.11.02-15.13.58:594][  0]LogRHI:   GL_MAX_CUBE_MAP_TEXTURE_SIZE: 4096
11-02 16:13:58.595 23337 23366 D UE4     : [2020.11.02-15.13.58:594][  0]LogRHI:   GL_MAX_ARRAY_TEXTURE_LAYERS: 256
11-02 16:13:58.595 23337 23366 D UE4     : [2020.11.02-15.13.58:595][  0]LogRHI:   GL_MAX_RENDERBUFFER_SIZE: 8192
11-02 16:13:58.595 23337 23366 D UE4     : [2020.11.02-15.13.58:595][  0]LogRHI:   GL_MAX_TEXTURE_IMAGE_UNITS: 16
11-02 16:13:58.595 23337 23366 D UE4     : [2020.11.02-15.13.58:595][  0]LogRHI:   GL_MAX_DRAW_BUFFERS: 4
11-02 16:13:58.595 23337 23366 D UE4     : [2020.11.02-15.13.58:595][  0]LogRHI:   GL_MAX_COLOR_ATTACHMENTS: 1
11-02 16:13:58.595 23337 23366 D UE4     : [2020.11.02-15.13.58:595][  0]LogRHI:   GL_MAX_SAMPLES: 1
11-02 16:13:58.595 23337 23366 D UE4     : [2020.11.02-15.13.58:595][  0]LogRHI:   GL_MAX_COLOR_TEXTURE_SAMPLES: 1
11-02 16:13:58.595 23337 23366 D UE4     : [2020.11.02-15.13.58:595][  0]LogRHI:   GL_MAX_DEPTH_TEXTURE_SAMPLES: 1
11-02 16:13:58.595 23337 23366 D UE4     : [2020.11.02-15.13.58:595][  0]LogRHI:   GL_MAX_INTEGER_SAMPLES: 1
11-02 16:13:58.595 23337 23366 D UE4     : [2020.11.02-15.13.58:595][  0]LogRHI:   GL_MAX_COMBINED_TEXTURE_IMAGE_UNITS: 96
11-02 16:13:58.595 23337 23366 D UE4     : [2020.11.02-15.13.58:595][  0]LogRHI:   GL_MAX_VERTEX_ATTRIBS: 16
11-02 16:13:58.595 23337 23366 D UE4     : [2020.11.02-15.13.58:595][  0]LogRHI: OpenGL MajorVersion = 3, MinorVersion = 1, ShaderPlatform = GLSL_ES3_1_ANDROID, FeatureLevel = ES3_1
11-02 16:13:58.595 23337 23366 D UE4     : [2020.11.02-15.13.58:595][  0]LogRHI: PLATFORM_ANDROID
11-02 16:13:58.596 23337 23366 D UE4     : [2020.11.02-15.13.58:595][  0]LogAndroid: Unlocking android HW window during preinit.
11-02 16:13:58.596 23337 23366 D UE4     : [2020.11.02-15.13.58:596][  0]LogRHI: Enabling program binary cache as /storage/emulated/0/Android/data/wfa.issp.TowerCommand/files/ProgramBinaryCache/GLSL_ES3_1_ANDROID_76F7259D79B4A46F89A2C4CE6A27DDB3C47ABB82
11-02 16:13:58.596 23337 23366 D UE4     : [2020.11.02-15.13.58:596][  0]LogRHI: FOpenGLProgramBinaryCache will be initialized when ShaderPipelineCache opens its file
11-02 16:13:58.596 23337 23366 D UE4     : [2020.11.02-15.13.58:596][  0]LogRHI: Texture pool is 600 MB (of 0 MB total graphics mem)
11-02 16:13:58.605 23337 23366 D UE4     : [2020.11.02-15.13.58:605][  0]LogShaderLibrary: Display: Using ../../../Tower_Command/Content/ShaderArchive-Global-GLSL_ES3_1_ANDROID.ushaderbytecode for material shader code. Total 422 unique shaders.
11-02 16:13:58.606 23337 23366 D UE4     : [2020.11.02-15.13.58:606][  0]LogShaderLibrary: Display: Cooked Context: Using Shared Shader Library Global
11-02 16:13:58.609 23337 23366 D UE4     : [2020.11.02-15.13.58:609][  0]LogTemp: Warning: Clearing the OS Cache
11-02 16:13:58.644 23337 23366 D UE4     : [2020.11.02-15.13.58:644][  0]LogSlate: Using FreeType 2.10.0
11-02 16:13:58.648 23337 23366 D UE4     : [2020.11.02-15.13.58:648][  0]LogSlate: SlateFontServices - WITH_FREETYPE: 1, WITH_HARFBUZZ: 1
11-02 16:13:58.738  4248  4275 I system_server: Explicit concurrent copying GC freed 80482(4810KB) AllocSpace objects, 9(244KB) LOS objects, 33% free, 46MB/70MB, paused 431us total 423.244ms
11-02 16:13:58.939 23337 23366 D UE4     : [2020.11.02-15.13.58:939][  0]LogShaderLibrary: Display: Using ../../../Tower_Command/Content/ShaderArchive-Tower_Command-GLSL_ES3_1_ANDROID.ushaderbytecode for material shader code. Total 2454 unique shaders.
11-02 16:13:58.940 23337 23366 D UE4     : [2020.11.02-15.13.58:940][  0]LogShaderLibrary: Display: Cooked Context: Using Shared Shader Library Tower_Command
11-02 16:13:58.940 23337 23366 D UE4     : [2020.11.02-15.13.58:940][  0]LogRHI: Display: Opened pipeline cache after state change and enqueued -1404507362 of 0 tasks for precompile.
11-02 16:13:58.941 23337 23366 D UE4     : [2020.11.02-15.13.58:941][  0]LogRHI: Display: Failed to open default shader pipeline cache for Tower_Command using shader platform 24.
11-02 16:13:58.941 23337 23366 D UE4     : [2020.11.02-15.13.58:941][  0]LogInit: Using OS detected language (pl-PL).
11-02 16:13:58.942 23337 23366 D UE4     : [2020.11.02-15.13.58:942][  0]LogInit: Using OS detected locale (pl-PL).
11-02 16:13:58.942 23337 23366 D UE4     : [2020.11.02-15.13.58:942][  0]LogTextLocalizationManager: No localization for 'pl-PL' exists, so 'en' will be used for the language.
11-02 16:13:58.943 23337 23366 D UE4     : [2020.11.02-15.13.58:943][  0]LogTextLocalizationManager: No localization for 'pl-PL' exists, so 'en' will be used for the locale.
11-02 16:13:58.944 23337 23366 D UE4     : [2020.11.02-15.13.58:944][  0]LogTextLocalizationManager: Compacting localization data took   0.09ms
11-02 16:13:58.967 23337 23366 D UE4     : [2020.11.02-15.13.58:967][  0]LogAssetRegistry: FAssetRegistry took 0.0191 seconds to start up
11-02 16:13:59.112 23337 23417 D UE4     : [2020.11.02-15.13.59:112][  0]LogRHI: AndroidEGL:SwapBuffers eglGetCompositorTimingANDROID EGL_COMPOSITE_DEADLINE_ANDROID=75996084576558, EGL_COMPOSITE_INTERVAL_ANDROID=16666115, EGL_COMPOSITE_TO_PRESENT_LATENCY_ANDROID=16666115
11-02 16:13:59.114 23337 23417 D UE4     : [2020.11.02-15.13.59:114][  0]LogRHI: JNI Display getRefreshRate=60.000004
11-02 16:13:59.114 23337 23417 D UE4     : [2020.11.02-15.13.59:114][  0]LogRHI: Final display timing metrics: DriverRefreshRate=60.0020  DriverRefreshNanos=16666115
11-02 16:13:59.115 23337 23417 D UE4     : [2020.11.02-15.13.59:115][  0]LogRHI: AndroidEGL:SwapBuffers Min=0, Max=1, Request=1, ClosestDriver=1, SetDriver=1
11-02 16:13:59.115 23337 23417 D UE4     : [2020.11.02-15.13.59:115][  0]LogRHI: Called eglSwapInterval 1
11-02 16:13:59.138  3794  3794 I SurfaceFlinger: Display 0 HWC layers:
11-02 16:13:59.138  3794  3794 I SurfaceFlinger:     type    |    handle    | flag |  format   |   source crop (l,t,r,b)    |         frame       | name 
11-02 16:13:59.138  3794  3794 I SurfaceFlinger: ------------+--------------+------+-----------+----------------------------+---------------------+------
11-02 16:13:59.138  3794  3794 I SurfaceFlinger:  SOLID_COLOR |              | 0000 |  Unknown  |   0.0    0.0    0.0    0.0 |    0    0  720   58 | Letterbox - left#1
11-02 16:13:59.138  3794  3794 I SurfaceFlinger:      DEVICE | 0x7ad2cd4f00 | 0002 | RGBx_8888 |   0.0    0.0  720.0 1496.0 |    0   58  720 1560 | SurfaceView - wfa.issp.TowerCommand/[...]icgames.ue4.GameActivity@96dc47f@0#0
11-02 16:13:59.138  3794  3794 I SurfaceFlinger:      DEVICE | 0x7ad6846700 | 0000 | RGBA_8888 |   0.0    0.0  720.0 1502.0 |    0   58  720 1560 | wfa.issp.TowerCommand/com.epicgames.ue4.GameActivity$_23337#1
11-02 16:13:59.138  3794  3794 I SurfaceFlinger:      DEVICE | 0x7ad2cd5f40 | 0000 | RGBA_8888 |   0.0    0.0  720.0 1502.0 |    0   58  720 1560 | wfa.issp.TowerCommand/com.epicgames.ue4.GameActivity$_23337#0
11-02 16:13:59.138  3794  3794 I SurfaceFlinger: 
11-02 16:13:59.251  5478  5478 D io_stats: !@ 179,0 r 3114202 97464238 w 1108111 28034408 d 92649 27913360 f 147181 413957 iot 2127444 1774032 th 51200 51200 51156 pt 1920 inp 0 43 75996.219
11-02 16:13:59.264 23337 23366 D UE4     : [2020.11.02-15.13.59:264][  0]LogStreaming: Display: Flushing async loaders.
11-02 16:13:59.266 23337 23366 D UE4     : [2020.11.02-15.13.59:265][  0]LogPackageLocalizationCache: Processed 15 localized package path(s) for 1 prioritized culture(s) in 0.000254 seconds
11-02 16:13:59.364 23337 23366 D UE4     : [2020.11.02-15.13.59:364][  0]LogNetVersion: Tower_Command 1.0.0, NetCL: 13144385, EngineNetVer: 14, GameNetVer: 0 (Checksum: 2070092540)
11-02 16:13:59.583 23337 23366 D UE4     : [2020.11.02-15.13.59:582][  0]LogAudioCaptureCore: Display: No Audio Capture implementations found. Audio input will be silent.
11-02 16:13:59.583 23337 23366 D UE4     : [2020.11.02-15.13.59:583][  0]LogAudioCaptureCore: Display: No Audio Capture implementations found. Audio input will be silent.
11-02 16:13:59.772 23337 23366 D UE4     : [2020.11.02-15.13.59:772][  0]LogAISub: UAISubsystem AISubsystem (0xb73b5380), frame # 0
11-02 16:13:59.772 23337 23366 D UE4     : [2020.11.02-15.13.59:772][  0]LogAISub: UAISubsystem AIPerceptionSystem (0xb72e6200), frame # 0
11-02 16:13:59.778 23337 23366 D UE4     : [2020.11.02-15.13.59:778][  0]LogAISub: UAISubsystem EnvQueryManager (0xb8546d00), frame # 0
11-02 16:13:59.810 23337 23366 V MediaPlayer-JNI: native_setup
11-02 16:13:59.811 23337 23366 V MediaPlayerNative: constructor
11-02 16:13:59.812  3790  4181 E NativeSemDvfsCpuManager: acquire:: Start
11-02 16:13:59.812  3790  4181 E NativeSemDvfsCpuManager: acquire:: timeout = -1 mIsAcquired = 0  mTagName : AudioFlinger 
11-02 16:13:59.812 23337 23366 V MediaPlayerNative: setListener
11-02 16:13:59.812  4248  4803 D CustomFrequencyManagerService: acquireDVFSLockLocked : type : DVFS_MIN_LIMIT  frequency : 136500  uid : 1000  pid : 4248  pkgName : AudioFlinger
11-02 16:13:59.813  3790  4181 E NativeCustomFrequencyManager: [NativeCFMS] BpCustomFrequencyManager::acquireDVFSLock() 
11-02 16:13:59.813  3790  4181 E NativeSemDvfsCpuManager: acquire:: End
11-02 16:13:59.818 23337 23366 D UE4     : [2020.11.02-15.13.59:818][  0]LogMoviePlayer: Initializing movie player
11-02 16:13:59.846 23337 23366 D UE4     : [2020.11.02-15.13.59:846][  0]LogUdpMessaging: Initializing bridge on interface 0.0.0.0:0 to multicast group 230.0.0.1:6666.
11-02 16:13:59.846 23337 23366 D UE4     : [2020.11.02-15.13.59:846][  0]FUdpSocketBuilder: Failed to subscribe UdpMessageMulticastSocket to multicast group 230.0.0.1 on interface 0.0.0.0
11-02 16:13:59.846 23337 23366 D UE4     : [2020.11.02-15.13.59:846][  0]FUdpSocketBuilder: Failed to create and initialize socket UdpMessageMulticastSocket (last error: 55)
11-02 16:13:59.846 23337 23366 D UE4     : [2020.11.02-15.13.59:846][  0]LogUdpMessaging: Warning: StartTransport failed to create multicast socket on 0.0.0.0:0, joined to 230.0.0.1:6666 with TTL 1
11-02 16:13:59.847 23337 23366 D UE4     : [2020.11.02-15.13.59:847][  0]LogTcpMessaging: Initializing TcpMessaging bridge, listening on 127.0.0.1:6666
11-02 16:13:59.850 23337 23366 D UE4     : [2020.11.02-15.13.59:850][  0]LogAndroidPermission: UAndroidPermissionCallbackProxy::GetInstance
11-02 16:13:59.850 23337 23366 D UE4     : [2020.11.02-15.13.59:850][  0]LogGooglePAD: Display: GooglePAD disabled.
11-02 16:13:59.850 23337 23366 D UE4     : [2020.11.02-15.13.59:850][  0]LogOcInput: OculusInput pre-init called
11-02 16:13:59.870 23337 23366 D UE4     : [2020.11.02-15.13.59:870][  0]LogUObjectArray: 13692 objects as part of root set at end of initial load.
11-02 16:13:59.870 23337 23366 D UE4     : [2020.11.02-15.13.59:870][  0]LogUObjectArray: 2 objects are not in the root set, but can never be destroyed because they are in the DisregardForGC set.
11-02 16:13:59.870 23337 23366 D UE4     : [2020.11.02-15.13.59:870][  0]LogUObjectAllocator: 1941600 out of 0 bytes used by permanent object pool.
11-02 16:13:59.870 23337 23366 D UE4     : [2020.11.02-15.13.59:870][  0]LogUObjectArray: CloseDisregardForGC: 13692/13692 objects in disregard for GC pool
11-02 16:13:59.886 23337 23366 D UE4     : [2020.11.02-15.13.59:886][  0]LogAndroid: Display: Passed PreInit()
11-02 16:13:59.887 23337 23366 D UE4     : [2020.11.02-15.13.59:887][  0]LogEngine: Initializing Engine...
11-02 16:13:59.890 23337 23366 D UE4     : [2020.11.02-15.13.59:890][  0]LogStats: UGameplayTagsManager::InitializeManager -  0.001 s
11-02 16:14:00.000  4248  4402 D SamsungAlarmManager: Expired : 8
11-02 16:14:00.001  4248  4402 V SamsungAlarmManager: Sending to uid : 1000 listener=com.android.server.AlarmManagerService$2@61b1237 alarm=Alarm{1acde2a type 3 when 780051721 android}
11-02 16:14:00.004  4584  4584 D KeyguardUpdateMonitor: received broadcast android.intent.action.TIME_TICK
11-02 16:14:00.005  4584  4584 D KeyguardUpdateMonitor: handleTimeUpdate
11-02 16:14:00.006  4248  4402 D SamsungAlarmManager: setExact Listener (T:3/F:1/AC:false) 20201102T161500 - CU:1000/CP:4248
11-02 16:14:00.007  4248  4402 I SamsungAlarmManager: setLocked to kernel - T:2 / 20201102T161429, SetElapsed=780081660, nowELAPSED=780051728
11-02 16:14:00.008  4584  4584 D QSClockBellTower: He is ready to ring the bell. (((timeText:16:14, skipUpdateForDemo:false, dateText:pon., 2 listopada, shortenDateText = pon., 2 lis)))
11-02 16:14:00.008  4248  4402 I SamsungAlarmManager: setLocked to kernel - T:2 / 20201102T161429, SetElapsed=780081660, nowELAPSED=780051729
11-02 16:14:00.009  4584  4584 D QSClock : status_bar_clock notifyTimeChanged(currentTime:16:14) mClockVisibleByPolicy:true, mClockVisibleByUser:true, visible?true, parent:android.widget.LinearLayout{d158368 V.E...... ......ID 0,0-66,48 #7f0a0381 app:id/left_clock_container}
11-02 16:14:00.011  4584  4584 D QSClockBellTower: Everyone heard the bell. run(currentTime:1604330040005,   getTime():Mon Nov 02 16:14:00 GMT+01:00 2020,   getTimeZone():libcore.util.ZoneInfo[id="Europe/Warsaw",mRawOffset=3600000,mEarliestRawOffset=5040000,mUseDst=true,mDstSavings=3600000,transitions=167])
11-02 16:14:00.011 23337 23366 D UE4     : [2020.11.02-15.14.00:011][  0]LogInit: Initializing FReadOnlyCVARCache
11-02 16:14:00.015 23337 23366 D UE4     : [GameActivity] [JAVA] audiomanager.framesPerBuffer = 192
11-02 16:14:00.015 23337 23366 D UE4     : [2020.11.02-15.14.00:015][  0]LogAudioMixer: Display: Audio Mixer Platform Settings:
11-02 16:14:00.015 23337 23366 D UE4     : [2020.11.02-15.14.00:015][  0]LogAudioMixer: Display: 	Sample Rate:						  48000
11-02 16:14:00.016 23337 23366 D UE4     : [2020.11.02-15.14.00:016][  0]LogAudioMixer: Display: 	Callback Buffer Frame Size Requested: 1152
11-02 16:14:00.016 23337 23366 D UE4     : [2020.11.02-15.14.00:016][  0]LogAudioMixer: Display: 	Callback Buffer Frame Size To Use:	  1152
11-02 16:14:00.016 23337 23366 D UE4     : [2020.11.02-15.14.00:016][  0]LogAudioMixer: Display: 	Number of buffers to queue:			  2
11-02 16:14:00.016 23337 23366 D UE4     : [2020.11.02-15.14.00:016][  0]LogAudioMixer: Display: 	Max Channels (voices):				  32
11-02 16:14:00.016 23337 23366 D UE4     : [2020.11.02-15.14.00:016][  0]LogAudioMixer: Display: 	Number of Async Source Workers:		  0
11-02 16:14:00.016 23337 23366 D UE4     : [2020.11.02-15.14.00:016][  0]LogAudio: Display: AudioDevice MaxSources: 32
11-02 16:14:00.017 23337 23366 D UE4     : [2020.11.02-15.14.00:016][  0]LogAudio: Display: Using built-in audio occlusion.
11-02 16:14:00.017 23337 23366 D UE4     : [2020.11.02-15.14.00:017][  0]LogAudioMixer: Display: Initializing audio mixer.
11-02 16:14:00.020 23337 23366 D UE4     : [GameActivity] [JAVA] audiomanager.optimalSampleRate = 48000
11-02 16:14:00.021 23337 23366 D UE4     : [GameActivity] [JAVA] audiomanager.framesPerBuffer = 192
11-02 16:14:00.023 23337 23366 D         : PlayerBase::PlayerBase()
11-02 16:14:00.023  4584  4584 D QSContainerImpl: getDisplayHeight portrait? false  displayHeight= 720
11-02 16:14:00.024 23337 23366 D         : TrackPlayerBase::TrackPlayerBase()
11-02 16:14:00.024 23337 23366 I libOpenSLES: Emulating old channel mask behavior (ignoring positional mask 0x3, using default mask 0x3 based on channel count of 2)
11-02 16:14:00.031  3790  5155 V APM_AudioPolicyManager: getOutputForAttrInt() attributes={ Content type: AUDIO_CONTENT_TYPE_UNKNOWN Usage: AUDIO_USAGE_MEDIA Source: AUDIO_SOURCE_DEFAULT Flags: 0x400 Tags:  } stream=AUDIO_STREAM_MUSIC session 4097 selectedDeviceId 0
11-02 16:14:00.031  3790  5155 D APM::MultiSoundManager: getDevice, uid = 10254, device = 0
11-02 16:14:00.032  3790  5155 V APM_AudioPolicyManager: getOutputForAttrInt() device {type:0x2,@:}, sampling rate 48000, format 0x1, channel mask 0x3, flags 0x104 stream AUDIO_STREAM_MUSIC
11-02 16:14:00.032  3790  5155 V APM_AudioPolicyManager: selectOutput new bestOutput 13 criteria 0 0 0 0 0 0 4 2 
11-02 16:14:00.032  3790  5155 V APM_AudioPolicyManager: selectOutput new bestOutput 21 criteria 0 0 0 0 0 1 4 0 
11-02 16:14:00.032  3790  5155 V APM_AudioPolicyManager: getOutputForAttrInt returns output 21 selectedDeviceId 3
11-02 16:14:00.032  3790  5155 V APM_AudioPolicyManager: getOutputForAttr() returns output 21 requestedPortId 0 selectedDeviceId 3 for port ID 623
11-02 16:14:00.034  3790  5155 I AudioFlinger: nonSecFlag 104, secFlag 0, outputFlags 4
11-02 16:14:00.035  3790  5155 W AudioFlinger: createTrack_l(): mismatch between requested flags (00000104) and output flags (00000004)
11-02 16:14:00.035  3790  5155 D AudioFlinger: Client defaulted notificationFrames to 192 for frameCount 384, normal FC 960, mSampleRate 48000, sampleRate 48000
11-02 16:14:00.035  3790  5155 I AF::Track: setMixerOutConfig return default condition, mixer key 2002, thread key 2002
11-02 16:14:00.038 23337 23366 I AudioTrack: createTrack_l(1195712633): AUDIO_OUTPUT_FLAG_FAST successful; frameCount 0 -> 384
11-02 16:14:00.040 23337 23366 D UE4     : [2020.11.02-15.14.00:040][  0]LogAudioMixer: Display: Using Audio Device Android Audio Device
11-02 16:14:00.043 23337 23366 D UE4     : [2020.11.02-15.14.00:043][  0]LogAudioMixer: Display: Initializing Sound Submixes...
11-02 16:14:00.056 23337 23366 D UE4     : [2020.11.02-15.14.00:056][  0]LogAudioMixer: Display: Creating Master Submix 'MasterSubmixDefault'
11-02 16:14:00.056 23337 23366 D UE4     : [2020.11.02-15.14.00:056][  0]LogAudioMixer: Display: Creating Master Submix 'MasterReverbSubmixDefault'
11-02 16:14:00.062 23337 23366 D UE4     : [2020.11.02-15.14.00:062][  0]LogAudioMixer: Display: Creating Master Submix 'MasterEQSubmixDefault'
11-02 16:14:00.064  3790 20569 I AF::Track: setMixerOutConfig return default condition, mixer key 2002, thread key 2002
11-02 16:14:00.064  3790 20569 W AudioPolicyIntefaceImpl: Skipped to add effects on session 4097
11-02 16:14:00.064  3790 20569 V APM_AudioPolicyManager: startOutput() output 21, stream 3, session 4097, portId 623
11-02 16:14:00.064  3790 20569 V APM_AudioPolicyManager: setBeaconMute(1) mBeaconMuteRefCount=1 mBeaconPlayingRefCount=0
11-02 16:14:00.064  3790 20569 D APM::MultiSoundManager: getDevice, uid = 10254, device = 0
11-02 16:14:00.064  4248  4473 D AS.AudioService: notify dvfs state : 2, screen : true
11-02 16:14:00.064  3790 20569 V APM_AudioPolicyManager: selectOutputForMusicEffects activeOnly 1 output 21 flags 0x00000004
11-02 16:14:00.065  3790 20569 V APM_AudioPolicyManager: selectOutputForMusicEffects selected output 13
11-02 16:14:00.065  4248  4248 D AudioPlayerStateMonitor: Found a new active media playback. ID:4311 -- type:OpenSL ES AudioPlayer (Buffer Queue) -- u/pid:10254/23337 -- state:started -- attr:AudioAttributes: usage=USAGE_MEDIA content=CONTENT_TYPE_UNKNOWN flags=0x0 tags= bundle=null
11-02 16:14:00.065  3790 20569 V APM_AudioPolicyManager: getNewOutputDevices selected devices {type:0x2,@:}
11-02 16:14:00.065  3790 20569 V APM_AudioPolicyManager: setOutputDevices device {type:0x2,@:} delayMs 0
11-02 16:14:00.065  3790 20569 V APM_AudioPolicyManager: setOutputDevices() prevDevice {type:0x2,@:}
11-02 16:14:00.065  3790 20569 V APM_AudioPolicyManager: setOutputDevices: suppressing checkDeviceMuteStrategies
11-02 16:14:00.066  3790 20569 V APM_AudioPolicyManager: setOutputDevices setting same device {type:0x2,@:} or null device, force=0, patch handle=19
11-02 16:14:00.066  3790 20569 I APM_AudioPolicyManager: computeVolume for volumeSource 7, stream=AUDIO_STREAM_MUSIC
11-02 16:14:00.066  3790 20569 V APM_AudioPolicyManager: computevolume : stream 3, index 13, 0.421696
11-02 16:14:00.066  3790 20569 I APM_AudioPolicyManager: computeVolume for volumeSource 7, stream=AUDIO_STREAM_MUSIC
11-02 16:14:00.066  3790 20569 V APM_AudioPolicyManager: computevolume : stream 3, index 14, 0.562341
11-02 16:14:00.067  4248  4248 D MediaSessionStack: updateMediaButtonSessionIfNeeded, callers=com.android.server.media.MediaSessionService.lambda$onStart$0$MediaSessionService:207 com.android.server.media.-$$Lambda$MediaSessionService$za_9dlUSlnaiZw6eCdPVEZq0XLw.onAudioPlayerActiveStateChanged:2 
11-02 16:14:00.067 23337 23366 D UE4     : [2020.11.02-15.14.00:067][  0]LogInit: FAudioDevice initialized.
11-02 16:14:00.069  3758  3758 D audio_hw_primary_abox: out_update_source_metadata: called, but not implemented yet
11-02 16:14:00.070  3758  6082 D audio_hw_primary_abox: fast_out-set_audio_route: [PLAYBACK] current-device(none) new-device(speaker) in cur-mode(none) & new-mode(normal)!
11-02 16:14:00.070  3758  6082 D audio_route: Apply path: media-speaker
11-02 16:14:00.070  3758  6082 I audio_route: > audio_route_update_path : "media-speaker" reverse(0)
11-02 16:14:00.072 23337 23366 D UE4     : [2020.11.02-15.14.00:071][  0]LogNetVersion: Set ProjectVersion to 1.0.0.0. Version Checksum will be recalculated on next use.
11-02 16:14:00.072 23337 23366 D UE4     : [2020.11.02-15.14.00:072][  0]LogInit: Texture streaming: Enabled
11-02 16:14:00.073  3758  6082 D audio_hw_primary_abox: fast_out-do_set_route: Enabled Audio Route(media-speaker)
11-02 16:14:00.073  3758  6082 D audio_route: Apply path: gain-media-speaker
11-02 16:14:00.073  3758  6082 I audio_route: > audio_route_update_path : "gain-media-speaker" reverse(0)
11-02 16:14:00.073  3758  6082 D audio_hw_primary_abox: fast_out-do_set_route: Enabled Audio Gain(gain-media-speaker)
11-02 16:14:00.078  3758  6082 I audio_hw_primary_abox: [do_open_spkamp_stream] Opened PCM Device(/dev/snd/pcmC0D7p) configured Info: Channels(2)  Smapling Rate(48000), Format: Default(0)
11-02 16:14:00.081  3758  6082 I audio_hw_primary_abox: [do_open_spkamp_stream] Opened PCM Device(/dev/snd/pcmC0D11c) configured Info: Channels(2)  Smapling Rate(48000), Format: Default(0)
11-02 16:14:00.085  3758  6082 I audio_hw_primary_abox: [do_open_spkamp_stream] Opened PCM Device(/dev/snd/pcmC0D12c) configured Info: Channels(2)  Smapling Rate(48000), Format: Default(0)
11-02 16:14:00.086 21859 21879 D SAContentProvider: Player/Screen Callback
11-02 16:14:00.099 23337 23366 D UE4     : [2020.11.02-15.14.00:099][  0]LogSlate: Updating window title bar state: overlay mode, drag disabled, window buttons hidden, title bar hidden
11-02 16:14:00.100 23337 23366 D UE4     : [2020.11.02-15.14.00:100][  0]LogInit: Display: Game Engine Initialized.
11-02 16:14:00.103 23337 23366 D UE4     : [2020.11.02-15.14.00:103][  0]LogInit: Display: Starting Game.
11-02 16:14:00.104 23337 23366 D UE4     : [2020.11.02-15.14.00:103][  0]LogNet: Browse: /Game/TopDownBP/Maps/TopDownExampleMap?Name=Player
11-02 16:14:00.104 23337 23366 D UE4     : [2020.11.02-15.14.00:104][  0]LogLoad: LoadMap: /Game/TopDownBP/Maps/TopDownExampleMap?Name=Player
11-02 16:14:00.104 23337 23366 D UE4     : [2020.11.02-15.14.00:104][  0]LogWorld: BeginTearingDown for /Temp/Untitled_0
11-02 16:14:00.109 23337 23366 D UE4     : XYXYXY XYXYXY Clearnupworld 0xcf994a40 -> 0x0
11-02 16:14:00.109 23337 23366 D UE4     : [2020.11.02-15.14.00:109][  0]LogWorld: UWorld::CleanupWorld for Untitled, bSessionEnded=true, bCleanupResources=true
11-02 16:14:00.110 23337 23366 D UE4     : [2020.11.02-15.14.00:110][  0]LogSlate: InvalidateAllWidgets triggered.  All widgets were invalidated
11-02 16:14:00.120  3758  6082 I audio_hw_primary_abox: fast_out-do_open_output_stream: Opened PCM Device is /dev/snd/pcmC0D2p samplingRate(48000) pcmformat(0) start_threshold(192) stop_threshold(-1)
11-02 16:14:00.120  3758  6082 I audio_hw_primary_abox: fast_out-out_write: Transit to Idle
11-02 16:14:00.122  3758  6082 I audio_hw_primary_abox: fast_out-out_write: Transit to Playing
11-02 16:14:00.124 23337 23366 D UE4     : [2020.11.02-15.14.00:124][  0]LogUObjectHash: Compacting FUObjectHashTables data took   1.22ms
11-02 16:14:00.125  3790  4174 I FastMixer: handle music stream -21002
11-02 16:14:00.134  3790  4174 D DlbDap2Process: setParam(preg = #1[0])
11-02 16:14:00.145  3790  4181 D AudioFlinger: mixer(0x774e81e600) Spend too much time to write: delta 75(effect 0, stage 0)
11-02 16:14:00.344 23337 23366 D UE4     : [2020.11.02-15.14.00:344][  0]LogAIModule: Creating AISystem for world TopDownExampleMap
11-02 16:14:00.344 23337 23366 D UE4     : [2020.11.02-15.14.00:344][  0]LogAISub: UAISubsystem EnvQueryManager (0xb4c62100), frame # 0
11-02 16:14:00.345 23337 23366 D UE4     : [2020.11.02-15.14.00:345][  0]LogAISub: UAISubsystem AIPerceptionSystem (0xb72e0d00), frame # 0
11-02 16:14:00.346 23337 23366 D UE4     : [2020.11.02-15.14.00:346][  0]LogLoad: Game class is 'TowerCommandGameMode_C'
11-02 16:14:00.355 23337 23366 D UE4     : [2020.11.02-15.14.00:354][  0]LogWorld: Bringing World /Game/TopDownBP/Maps/TopDownExampleMap.TopDownExampleMap up for play (max tick rate 0) at 2020.11.02-16.14.00
11-02 16:14:00.355 23337 23366 D UE4     : [2020.11.02-15.14.00:355][  0]LogWorld: Bringing up level for play took: 0.005124
11-02 16:14:00.356  4584  5028 D NetworkController.MobileSignalController(0/2147483647): onSignalStrengthsChanged signalStrength=SignalStrength:{mCdma=Invalid,mGsm=Invalid,mWcdma=CellSignalStrengthWcdma: ss=-85 ber=99 rscp=-79 ecno=0 level=3,mTdscdma=Invalid,mLte=Invalid,mNr=Invalid,SignalBarInfo{ wcdmaLevel=4 },P,rat=3,primary=CellSignalStrengthWcdma} level=4
11-02 16:14:00.357  4584  5028 D NetworkController.MobileSignalController(0/2147483647): getMobileIconGroup(): 0
11-02 16:14:00.358 23337 23366 D UE4     : [2020.11.02-15.14.00:358][  0]LogOnline: OSS: Creating online subsystem instance for: GOOGLEPLAY
11-02 16:14:00.358 23337 23366 D UE4     : [2020.11.02-15.14.00:358][  0]LogOnline: Warning: OSS: FOnlineSubsystemGooglePlayModule was disabled
11-02 16:14:00.361 23337 23366 D UE4     : [2020.11.02-15.14.00:361][  0]LogUMG: Display: Widget Class SpawnNextWaveWidget_C - Loaded Fast Template.
11-02 16:14:00.363 23337 23366 D UE4     : [2020.11.02-15.14.00:363][  0]LogUMG: Display: Widget Class OverlayWidget_C - Loaded Fast Template.
11-02 16:14:00.364 23337 23366 D UE4     : [2020.11.02-15.14.00:364][  0]LogUMG: Display: Widget Class TowerSelectionWidget_C - Loaded Fast Template.
11-02 16:14:00.366 23337 23366 D UE4     : [2020.11.02-15.14.00:366][  0]LogLoad: Took 0.261927 seconds to LoadMap(/Game/TopDownBP/Maps/TopDownExampleMap)
11-02 16:14:00.367 23337 23366 D UE4     : [2020.11.02-15.14.00:367][  0]LogSlate: Took 0.000600 seconds to synchronously load lazily loaded font '../../../Engine/Content/EngineFonts/Faces/RobotoBold.ufont' (160K)
11-02 16:14:00.372 23337 23419 D UE4     : *** JavaEnvDestructor: 23419
11-02 16:14:00.416 23337 23417 D UE4     : AndroidEGL::  ReleaseContextOwnership,  thread releasing rendering context tid: 23417
11-02 16:14:00.416 23337 23417 D UE4     : AndroidEGL::ResetDisplay()
11-02 16:14:00.417 23337 23418 D UE4     : *** JavaEnvDestructor: 23418
11-02 16:14:00.426 23337 23366 D UE4     : [2020.11.02-15.14.00:426][  0]LogRHI: Display: ShaderPipelineCache: Paused Batching. 1
11-02 16:14:00.426 23337 23366 D UE4     : [2020.11.02-15.14.00:426][  0]LogRHI: Display: ShaderPipelineCache: Resumed Batching. 0
11-02 16:14:00.426 23337 23366 D UE4     : [2020.11.02-15.14.00:426][  0]LogRHI: Display: ShaderPipelineCache: Batching Resumed.
11-02 16:14:00.426 23337 23366 D UE4     : [2020.11.02-15.14.00:426][  0]LogAndroid: Passed GEngineLoop.Init()
11-02 16:14:00.431 23337 23366 D UE4     : [2020.11.02-15.14.00:431][  0]LogAndroidEvents: Display: LogAndroidEvents::DequeueAppEvent : 9, [width=-1, height=-1], APP_EVENT_STATE_ON_START
11-02 16:14:00.431 23337 23366 D UE4     : FAppEventManager::Tick processing, 9
11-02 16:14:00.432 23337 23366 D UE4     : [2020.11.02-15.14.00:431][  0]LogAndroidEvents: Display: LogAndroidEvents::DequeueAppEvent : 7, [width=-1, height=-1], APP_EVENT_STATE_ON_RESUME
11-02 16:14:00.432 23337 23366 D UE4     : FAppEventManager::Tick processing, 7
11-02 16:14:00.432 23337 23366 D UE4     : [2020.11.02-15.14.00:432][  0]LogAndroidEvents: Display: LogAndroidEvents::DequeueAppEvent : 0, [width=1502, height=720], APP_EVENT_STATE_WINDOW_CREATED
11-02 16:14:00.432 23337 23366 D UE4     : FAppEventManager::Tick processing, 0
11-02 16:14:00.432 23337 23366 D UE4     : [2020.11.02-15.14.00:432][  0]LogAndroidEvents: Display: ExecWindowCreated
11-02 16:14:00.432 23337 23366 D UE4     : AndroidEGL::ReInitWindow()
11-02 16:14:00.432 23337 23366 D UE4     : [2020.11.02-15.14.00:432][  0]LogAndroid: AndroidEGL::RefreshWindowSize updating window size = 1496, 720, cached size : 0, 0 tid : 23366
11-02 16:14:00.432 23337 23366 D UE4     : ExecWindowCreated, 0, 1, 1
11-02 16:14:00.432 23337 23366 D UE4     : [2020.11.02-15.14.00:432][  0]LogAndroidEvents: Display: LogAndroidEvents::DequeueAppEvent : 11, [width=-1, height=-1], APP_EVENT_STATE_WINDOW_GAINED_FOCUS
11-02 16:14:00.432 23337 23366 D UE4     : FAppEventManager::Tick processing, 11
11-02 16:14:00.432 23337 23366 D UE4     : [2020.11.02-15.14.00:432][  0]LogAndroidEvents: Display: LogAndroidEvents::DequeueAppEvent : 14, [width=-1, height=-1], APP_EVENT_STATE_APP_ACTIVATED
11-02 16:14:00.433 23337 23366 D UE4     : FAppEventManager::Tick processing, 14
11-02 16:14:00.433 23337 23366 D UE4     : Execution will be resumed!
11-02 16:14:00.433 23337 23440 D UE4     : [2020.11.02-15.14.00:432][  0]LogRenderer: Reallocating scene render targets to support 1496x720 Format 10 NumSamples 1 (Frame:1).
11-02 16:14:00.433 23337 23366 D UE4     : [2020.11.02-15.14.00:433][  0]LogAndroidEvents: Display: LogAndroidEvents::DequeueAppEvent : 15, [width=-1, height=-1], APP_EVENT_RUN_CALLBACK
11-02 16:14:00.433 23337 23366 D UE4     : FAppEventManager::Tick processing, 15
11-02 16:14:00.433 23337 23366 D UE4     : [2020.11.02-15.14.00:433][  0]LogAndroidEvents: Display: Event thread callback running.
11-02 16:14:00.433 23337 23366 D UE4     : [2020.11.02-15.14.00:433][  0]LogAndroid: performing app foregrounding callback.
11-02 16:14:00.433 23337 23366 D UE4     : [GameActivity] Registering volume receiver
11-02 16:14:00.437  3794  6085 E BufferQueueProducer: [wfa.issp.TowerCommand/com.epicgames.ue4.GameActivity$_23337#0] disconnect: not connected (req=1)
11-02 16:14:00.438 23337 23360 W libEGL  : EGLNativeWindowType 0xdd81f2c8 disconnect failed
11-02 16:14:00.438 23337 23337 D ViewRootImpl@9d0e38e[GameActivity]: dispatchDetachedFromWindow
11-02 16:14:00.439  4248  6196 D InputTransport: Input channel destroyed: '28bac28', fd=534
11-02 16:14:00.440  4248  6196 I WindowManager: Destroying surface Surface(name=wfa.issp.TowerCommand/com.epicgames.ue4.GameActivity$_23337)/@0x8c156f7 called by com.android.server.wm.WindowStateAnimator.destroySurface:1734 com.android.server.wm.WindowStateAnimator.destroySurfaceLocked:693 com.android.server.wm.WindowState.removeImmediately:2282 com.android.server.wm.WindowState.removeIfPossible:2418 com.android.server.wm.WindowState.removeIfPossible:2297 com.android.server.wm.WindowManagerService.removeWindow:2027 com.android.server.wm.Session.remove:184 android.view.IWindowSession$Stub.onTransact:658 
11-02 16:14:00.441  3794  6085 I Layer   : id=12979 removeFromCurrentState wfa.issp.TowerCommand/com.epicgames.ue4.GameActivity$_23337#0 (53)
11-02 16:14:00.442  3794  6085 I SurfaceFlinger: id=12979 Removed wfa.issp.TowerCommand/com.epicgames.ue4.GameActivity$_23337#0 (53)
11-02 16:14:00.444  4248  6196 V WindowManager: performShow on Window{ca4c556 u0 StatusBar}: mDrawState=READY_TO_SHOW readyForDisplay=false starting=false during animation: policyVis=false parentHidden=false tok.hiddenRequested=false tok.hidden=false animating=false tok animating=false Callers=com.android.server.wm.WindowState.performShowLocked:4660 com.android.server.wm.WindowStateAnimator.commitFinishDrawingLocked:380 com.android.server.wm.DisplayContent.lambda$new$8$DisplayContent:935 com.android.server.wm.-$$Lambda$DisplayContent$qxt4izS31fb0LF2uo_OF9DMa7gc.accept:4 
11-02 16:14:00.445  3794  6085 I Layer   : id=12977 removeFromCurrentState 28bac28 wfa.issp.TowerCommand/com.epicgames.ue4.GameActivity#0 (53)
11-02 16:14:00.446 23337 23366 D UE4     : [GameActivity] startVolumeReceiver: 13
11-02 16:14:00.446 23337 23366 D UE4     : nativeVolumeEvent(13)
11-02 16:14:00.446 23337 23366 D UE4     : [GameActivity] Registering battery receiver
11-02 16:14:00.449 23337 23366 D UE4     : [GameActivity] Registering headset receiver
11-02 16:14:00.450  3794  5682 I SurfaceFlinger: id=12977 Removed 28bac28 wfa.issp.TowerCommand/com.epicgames.ue4.GameActivity#0 (53)
11-02 16:14:00.451 23337 23337 D InputTransport: Input channel destroyed: '28bac28', fd=69
11-02 16:14:00.451 23337 23366 D UE4     : [GameActivity] startHeadsetReceiver: 0
11-02 16:14:00.451 23337 23366 D UE4     : nativeHeadsetEvent(0)
11-02 16:14:00.452 23337 23366 D UE4     : [2020.11.02-15.14.00:451][  0]LogCore: Display: AppLifetime: Application has entered foreground
11-02 16:14:00.452  3794  3794 I Layer   : id=12979[1] Destroyed wfa.issp.TowerCommand/com.epicgames.ue4.GameActivity$_23337#0
11-02 16:14:00.456 23337 23337 D UE4     : [GameActivity] Battery: status = 5, rawlevel = 100, scale = 100
11-02 16:14:00.457 23337 23337 D UE4     : nativeBatteryEvent(stat = 5, lvl = 100  temp = 28.50 °C)
11-02 16:14:00.459  4248  4276 V WindowManager: performShow on Window{ca4c556 u0 StatusBar}: mDrawState=READY_TO_SHOW readyForDisplay=false starting=false during animation: policyVis=false parentHidden=false tok.hiddenRequested=false tok.hidden=false animating=false tok animating=false Callers=com.android.server.wm.WindowState.performShowLocked:4660 com.android.server.wm.DisplayContent.lambda$new$0$DisplayContent:662 com.android.server.wm.-$$Lambda$DisplayContent$0yxrqH9eGY2qTjH1u_BvaVrXCSA.accept:4 com.android.server.wm.WindowContainer$ForAllWindowsConsumerWrapper.apply:1184 
11-02 16:14:00.459  3794  3794 I SurfaceFlinger: Display 0 HWC layers:
11-02 16:14:00.459  3794  3794 I SurfaceFlinger:     type    |    handle    | flag |  format   |   source crop (l,t,r,b)    |         frame       | name 
11-02 16:14:00.459  3794  3794 I SurfaceFlinger: ------------+--------------+------+-----------+----------------------------+---------------------+------
11-02 16:14:00.459  3794  3794 I SurfaceFlinger:  SOLID_COLOR |              | 0000 |  Unknown  |   0.0    0.0    0.0    0.0 |    0    0  720   58 | Letterbox - left#1
11-02 16:14:00.459  3794  3794 I SurfaceFlinger:      DEVICE | 0x7ad2cd4f00 | 0002 | RGBx_8888 |   0.0    0.0  720.0 1496.0 |    0   58  720 1560 | SurfaceView - wfa.issp.TowerCommand/[...]icgames.ue4.GameActivity@96dc47f@0#0
11-02 16:14:00.459  3794  3794 I SurfaceFlinger:      DEVICE | 0x7ad6846700 | 0000 | RGBA_8888 |   0.0    0.0  720.0 1502.0 |    0   58  720 1560 | wfa.issp.TowerCommand/com.epicgames.ue4.GameActivity$_23337#1
11-02 16:14:00.459  3794  3794 I SurfaceFlinger: 
11-02 16:14:00.465 23337 23417 D UE4     : [2020.11.02-15.14.00:465][  0]LogRHI: Using OpenGL program LRU cache: 0
11-02 16:14:00.465  3794  3794 I Layer   : id=12977[1] Destroyed 28bac28 wfa.issp.TowerCommand/com.epicgames.ue4.GameActivity#0
11-02 16:14:00.587 21859 21859 D SoundAliveApplication: resetUnsupportedEffects
11-02 16:14:00.710  4248  6196 D SettingsProvider: isChangeAllowed() : name = k2hd_effect
11-02 16:14:00.710  4248  6196 D SettingsProvider: edmUri: content://com.sec.knox.provider/RestrictionPolicy3
11-02 16:14:00.710  4248  6196 D SettingsProvider: projectionArgs: isSettingsChangesAllowed
11-02 16:14:00.710  4248  6196 D SettingsProvider: selectionArgs: false
11-02 16:14:00.710  4248  6196 D SettingsProvider: selectionArgs: 10074
11-02 16:14:00.710  4248  6196 D SecContentProvider: query(), uri = 17 selection = isSettingsChangesAllowed
11-02 16:14:00.710  4248  6196 D SecContentProvider: called from com.sec.android.app.soundalive
11-02 16:14:00.710  4248  6196 D RestrictionPolicy: isSettingsChangesAllowedAsUser, userId 0 : true
11-02 16:14:00.710  4248  6196 D SettingsProvider: ret = 1
11-02 16:14:00.711 21859 21859 I SoundAliveApplication: reset setting-value for UHQ-upscaler
11-02 16:14:00.711 21859 21859 I SoundAliveApplication: reset setting-value for Tube-Amp
11-02 16:14:00.711 21859 21859 I SoundAliveApplication: reset setting-value for Concert-Hall
11-02 16:14:00.711 21859 21859 I SoundAliveApplication: reset setting-value for Surround
11-02 16:14:00.711 21859 21859 I SoundAliveApplication: reset setting-value for UHQ-upscaler
11-02 16:14:00.712 21859 21859 I SoundAliveApplication: reset setting-value for Tube-Amp
11-02 16:14:00.712 21859 21859 I SoundAliveApplication: reset setting-value for Concert-Hall
11-02 16:14:00.712 21859 21859 I SoundAliveApplication: reset setting-value for Surround
11-02 16:14:00.712 21859 21859 I SoundAliveApplication: reset setting-value for UHQ-upscaler
11-02 16:14:00.712 21859 21859 I SoundAliveApplication: reset setting-value for Tube-Amp
11-02 16:14:00.712 21859 21859 I SoundAliveApplication: reset setting-value for Concert-Hall
11-02 16:14:00.712 21859 21859 I SoundAliveApplication: reset setting-value for Surround
11-02 16:14:00.712 21859 21859 I SoundAliveApplication: reset setting-value for UHQ-upscaler
11-02 16:14:00.712 21859 21859 I SoundAliveApplication: reset setting-value for Tube-Amp
11-02 16:14:00.712 21859 21859 I SoundAliveApplication: reset setting-value for Concert-Hall
11-02 16:14:00.713 21859 21859 I SoundAliveApplication: reset setting-value for Surround
11-02 16:14:00.713 21859 21859 I SoundAliveApplication: reset setting-value for UHQ-upscaler
11-02 16:14:00.713 21859 21859 I SoundAliveApplication: reset setting-value for Tube-Amp
11-02 16:14:00.713 21859 21859 I SoundAliveApplication: reset setting-value for Concert-Hall
11-02 16:14:00.713 21859 21859 I SoundAliveApplication: reset setting-value for Surround
11-02 16:14:00.713 21859 21859 I SoundAliveApplication: reset setting-value for UHQ-upscaler
11-02 16:14:00.713 21859 21859 I SoundAliveApplication: reset setting-value for Tube-Amp
11-02 16:14:00.713 21859 21859 I SoundAliveApplication: reset setting-value for Concert-Hall
11-02 16:14:00.713 21859 21859 I SoundAliveApplication: reset setting-value for Surround
11-02 16:14:00.714 21859 21859 I SoundAliveApplication: reset setting-value for UHQ-upscaler
11-02 16:14:00.714 21859 21859 I SoundAliveApplication: reset setting-value for Tube-Amp
11-02 16:14:00.714 21859 21859 I SoundAliveApplication: reset setting-value for Concert-Hall
11-02 16:14:00.714 21859 21859 I SoundAliveApplication: reset setting-value for Surround
11-02 16:14:00.715 21859 21859 I SoundAliveApplication: reset setting-value for UHQ-upscaler
11-02 16:14:00.715 21859 21859 I SoundAliveApplication: reset setting-value for Tube-Amp
11-02 16:14:00.715 21859 21859 I SoundAliveApplication: reset setting-value for Concert-Hall
11-02 16:14:00.715 21859 21859 I SoundAliveApplication: reset setting-value for Surround
11-02 16:14:00.715 21859 21859 I AudioManager: getParameters keys = audioParam;l_device_current_output
11-02 16:14:00.716  3790 20569 V APM_AudioPolicyManager: getAudioPolicyConfig: audioParam;l_device_current_output
11-02 16:14:00.716  3790 20569 V APM_AudioPolicyManager: getNewOutputDevices selected devices AUDIO_DEVICE_NONE
11-02 16:14:00.716  3790 20569 V APM_AudioPolicyManager: ### curDeviceType : 2
11-02 16:14:00.717 21859 21859 D SoundAlivePolicyManager: Actual path retrieved: 2
11-02 16:14:00.717 21859 21859 D SoundAlivePolicyManager: isAudioPathSpeaker() : true
11-02 16:14:00.717 21859 21859 D SoundAlivePolicyManager: actual AudioPath : SA_PATH_SPK
11-02 16:14:00.717 21859 21859 D SADVFSHelper: Audio route update attempt
11-02 16:14:00.718 21859 21859 D SoundAliveApplication: registerAudioPlaybackCallback : isRunningGameWhiteList : false
11-02 16:14:00.718 21859 21859 D SADVFSHelper: Either heavy-duty effect is Off or Music playback is not active
11-02 16:14:00.848 23337 23424 D UE4     : *** JavaEnvDestructor: 23424
11-02 16:14:00.850 23337 23425 D UE4     : *** JavaEnvDestructor: 23425
11-02 16:14:00.953 23337 23366 D UE4     : [2020.11.02-15.14.00:952][  0]LogTcpMessaging: Initializing TcpMessaging bridge, listening on 127.0.0.1:6666
11-02 16:14:01.062 23337 23366 D UE4     : [2020.11.02-15.14.01:062][  0]LogUdpMessaging: Initializing bridge on interface 0.0.0.0:0 to multicast group 230.0.0.1:6666.
11-02 16:14:01.065 23337 23366 D UE4     : [2020.11.02-15.14.01:064][  0]FUdpSocketBuilder: Failed to subscribe UdpMessageMulticastSocket to multicast group 230.0.0.1 on interface 0.0.0.0
11-02 16:14:01.065 23337 23366 D UE4     : [2020.11.02-15.14.01:065][  0]FUdpSocketBuilder: Failed to create and initialize socket UdpMessageMulticastSocket (last error: 55)
11-02 16:14:01.067 23337 23366 D UE4     : [2020.11.02-15.14.01:067][  0]LogUdpMessaging: Warning: StartTransport failed to create multicast socket on 0.0.0.0:0, joined to 230.0.0.1:6666 with TTL 1
11-02 16:14:01.068 23337 23366 D UE4     : [2020.11.02-15.14.01:068][  0]LogCore: Display: AppLifetime: Application has reactivated
11-02 16:14:01.069 23337 23366 D UE4     : [2020.11.02-15.14.01:069][  0]LogTemp: Android resume audio
11-02 16:14:01.121 23337 23366 D UE4     : [2020.11.02-15.14.01:121][  0]LogAndroid: Display: Low Power Mode Changed: 0
11-02 16:14:01.133 23337 23440 D UE4     : [2020.11.02-15.14.01:133][  0]LogRenderer: Reallocating scene render targets to support 128x128 Format 10 NumSamples 1 (Frame:1).
11-02 16:14:01.355 23337 23440 D UE4     : [2020.11.02-15.14.01:355][  2]LogRenderer: Reallocating scene render targets to support 1496x720 Format 10 NumSamples 1 (Frame:2).
11-02 16:14:01.368  4248  4491 D PkgPredictorService-NapPreloadController: Pkg: labsp.android.viewer already preloaded
11-02 16:14:01.434 23337 23417 D UE4     : [2020.11.02-15.14.01:434][  2]LogRHI: AndroidOpenGL: Using a maximum of 4000 occlusion queries.
11-02 16:14:01.719 21859 21859 D SoundAliveApplication: registerAudioPlaybackCallback : isRunningGameWhiteList : false
11-02 16:14:01.719 21859 21859 D SADVFSHelper: Either heavy-duty effect is Off or Music playback is not active
11-02 16:14:02.391  4248 12054 D GameManagerService: identifyGamePackage. wfa.issp.TowerCommand, mCurrentUserId: 0, callerUserId: 0
11-02 16:14:02.391  4248 12054 D GamePkgDataHelper: getGamePkgData(). wfa.issp.TowerCommand
11-02 16:14:02.723 21859 21859 D SoundAliveApplication: registerAudioPlaybackCallback : isRunningGameWhiteList : false
11-02 16:14:02.723 21859 21859 D SADVFSHelper: Either heavy-duty effect is Off or Music playback is not active
11-02 16:14:03.189  4248  4420 D InputReader: Btn_touch(3): value=1 when=76000.159117
11-02 16:14:03.190  4248  4420 I InputReader: Touch event's action is 0x0 (id=3, t=0) [pCnt=1, s=0.6542 ] when=76000.159117
11-02 16:14:03.190  4248  4419 I InputDispatcher: Delivering touch to (23337): action: 0x0, f=0x0, d=0, '33048be', t=1
11-02 16:14:03.200 23337 23367 D UE4     : [2020.11.02-15.14.03:200][100]LogAndroid: Mobile HDR: YES
